Archive member included to satisfy reference by file (symbol)

C:/Renesas/RA/e2studio_v2026-04.2_fsp_v6.5.0/toolchains/gcc_arm/13.2.rel1/bin/../lib/gcc/arm-none-eabi/13.2.1/thumb/v8-m.main+dp/hard\libgcc.a(_aeabi_ldivmod.o)
                              ./src/harness.o (__aeabi_ldivmod)
C:/Renesas/RA/e2studio_v2026-04.2_fsp_v6.5.0/toolchains/gcc_arm/13.2.rel1/bin/../lib/gcc/arm-none-eabi/13.2.1/thumb/v8-m.main+dp/hard\libgcc.a(_aeabi_uldivmod.o)
                              ./src/harness.o (__aeabi_uldivmod)
C:/Renesas/RA/e2studio_v2026-04.2_fsp_v6.5.0/toolchains/gcc_arm/13.2.rel1/bin/../lib/gcc/arm-none-eabi/13.2.1/thumb/v8-m.main+dp/hard\libgcc.a(_udivmoddi4.o)
                              C:/Renesas/RA/e2studio_v2026-04.2_fsp_v6.5.0/toolchains/gcc_arm/13.2.rel1/bin/../lib/gcc/arm-none-eabi/13.2.1/thumb/v8-m.main+dp/hard\libgcc.a(_aeabi_ldivmod.o) (__udivmoddi4)
C:/Renesas/RA/e2studio_v2026-04.2_fsp_v6.5.0/toolchains/gcc_arm/13.2.rel1/bin/../lib/gcc/arm-none-eabi/13.2.1/thumb/v8-m.main+dp/hard\libgcc.a(_dvmd_tls.o)
                              C:/Renesas/RA/e2studio_v2026-04.2_fsp_v6.5.0/toolchains/gcc_arm/13.2.rel1/bin/../lib/gcc/arm-none-eabi/13.2.1/thumb/v8-m.main+dp/hard\libgcc.a(_aeabi_ldivmod.o) (__aeabi_ldiv0)
C:/Renesas/RA/e2studio_v2026-04.2_fsp_v6.5.0/toolchains/gcc_arm/13.2.rel1/bin/../lib/gcc/arm-none-eabi/13.2.1/thumb/v8-m.main+dp/hard\libg_nano.a(libc_a-exit.o)
                              C:/Renesas/RA/e2studio_v2026-04.2_fsp_v6.5.0/toolchains/gcc_arm/13.2.rel1/bin/../lib/gcc/arm-none-eabi/13.2.1/thumb/v8-m.main+dp/hard/crt0.o (exit)
C:/Renesas/RA/e2studio_v2026-04.2_fsp_v6.5.0/toolchains/gcc_arm/13.2.rel1/bin/../lib/gcc/arm-none-eabi/13.2.1/thumb/v8-m.main+dp/hard\libg_nano.a(libc_a-findfp.o)
                              C:/Renesas/RA/e2studio_v2026-04.2_fsp_v6.5.0/toolchains/gcc_arm/13.2.rel1/bin/../lib/gcc/arm-none-eabi/13.2.1/thumb/v8-m.main+dp/hard\libg_nano.a(libc_a-exit.o) (__stdio_exit_handler)
C:/Renesas/RA/e2studio_v2026-04.2_fsp_v6.5.0/toolchains/gcc_arm/13.2.rel1/bin/../lib/gcc/arm-none-eabi/13.2.1/thumb/v8-m.main+dp/hard\libg_nano.a(libc_a-fwalk.o)
                              C:/Renesas/RA/e2studio_v2026-04.2_fsp_v6.5.0/toolchains/gcc_arm/13.2.rel1/bin/../lib/gcc/arm-none-eabi/13.2.1/thumb/v8-m.main+dp/hard\libg_nano.a(libc_a-findfp.o) (_fwalk_sglue)
C:/Renesas/RA/e2studio_v2026-04.2_fsp_v6.5.0/toolchains/gcc_arm/13.2.rel1/bin/../lib/gcc/arm-none-eabi/13.2.1/thumb/v8-m.main+dp/hard\libg_nano.a(libc_a-stdio.o)
                              C:/Renesas/RA/e2studio_v2026-04.2_fsp_v6.5.0/toolchains/gcc_arm/13.2.rel1/bin/../lib/gcc/arm-none-eabi/13.2.1/thumb/v8-m.main+dp/hard\libg_nano.a(libc_a-findfp.o) (__sread)
C:/Renesas/RA/e2studio_v2026-04.2_fsp_v6.5.0/toolchains/gcc_arm/13.2.rel1/bin/../lib/gcc/arm-none-eabi/13.2.1/thumb/v8-m.main+dp/hard\libg_nano.a(libc_a-memcmp.o)
                              ./src/harness.o (memcmp)
C:/Renesas/RA/e2studio_v2026-04.2_fsp_v6.5.0/toolchains/gcc_arm/13.2.rel1/bin/../lib/gcc/arm-none-eabi/13.2.1/thumb/v8-m.main+dp/hard\libg_nano.a(libc_a-memset.o)
                              C:/Renesas/RA/e2studio_v2026-04.2_fsp_v6.5.0/toolchains/gcc_arm/13.2.rel1/bin/../lib/gcc/arm-none-eabi/13.2.1/thumb/v8-m.main+dp/hard/crt0.o (memset)
C:/Renesas/RA/e2studio_v2026-04.2_fsp_v6.5.0/toolchains/gcc_arm/13.2.rel1/bin/../lib/gcc/arm-none-eabi/13.2.1/thumb/v8-m.main+dp/hard\libg_nano.a(libc_a-closer.o)
                              C:/Renesas/RA/e2studio_v2026-04.2_fsp_v6.5.0/toolchains/gcc_arm/13.2.rel1/bin/../lib/gcc/arm-none-eabi/13.2.1/thumb/v8-m.main+dp/hard\libg_nano.a(libc_a-stdio.o) (_close_r)
C:/Renesas/RA/e2studio_v2026-04.2_fsp_v6.5.0/toolchains/gcc_arm/13.2.rel1/bin/../lib/gcc/arm-none-eabi/13.2.1/thumb/v8-m.main+dp/hard\libg_nano.a(libc_a-reent.o)
                              C:/Renesas/RA/e2studio_v2026-04.2_fsp_v6.5.0/toolchains/gcc_arm/13.2.rel1/bin/../lib/gcc/arm-none-eabi/13.2.1/thumb/v8-m.main+dp/hard\libg_nano.a(libc_a-closer.o) (errno)
C:/Renesas/RA/e2studio_v2026-04.2_fsp_v6.5.0/toolchains/gcc_arm/13.2.rel1/bin/../lib/gcc/arm-none-eabi/13.2.1/thumb/v8-m.main+dp/hard\libg_nano.a(libc_a-impure.o)
                              C:/Renesas/RA/e2studio_v2026-04.2_fsp_v6.5.0/toolchains/gcc_arm/13.2.rel1/bin/../lib/gcc/arm-none-eabi/13.2.1/thumb/v8-m.main+dp/hard\libg_nano.a(libc_a-reent.o) (_impure_ptr)
C:/Renesas/RA/e2studio_v2026-04.2_fsp_v6.5.0/toolchains/gcc_arm/13.2.rel1/bin/../lib/gcc/arm-none-eabi/13.2.1/thumb/v8-m.main+dp/hard\libg_nano.a(libc_a-lseekr.o)
                              C:/Renesas/RA/e2studio_v2026-04.2_fsp_v6.5.0/toolchains/gcc_arm/13.2.rel1/bin/../lib/gcc/arm-none-eabi/13.2.1/thumb/v8-m.main+dp/hard\libg_nano.a(libc_a-stdio.o) (_lseek_r)
C:/Renesas/RA/e2studio_v2026-04.2_fsp_v6.5.0/toolchains/gcc_arm/13.2.rel1/bin/../lib/gcc/arm-none-eabi/13.2.1/thumb/v8-m.main+dp/hard\libg_nano.a(libc_a-readr.o)
[...]
Memory Configuration

Name             Origin             Length             Attributes
RAM              0x22000000         0x000e0000         xrw
FLASH            0x02000000         0x001f8000         xr
DATA_FLASH       0x27000000         0x00003000         xr
SDRAM            0x68000000         0x08000000         xrw
OSPI0_CS0        0x80000000         0x10000000         xrw
OSPI0_CS1        0x90000000         0x10000000         xr
OPTION_SETTING_OFS0 0x0300a100         0x00000004         r
OPTION_SETTING_OFS2 0x0300a104         0x00000004         r
OPTION_SETTING_DUALSEL 0x0300a110         0x00000004         r
OPTION_SETTING_OFS1 0x1300a180         0x00000004         r
OPTION_SETTING_BANKSEL 0x1300a190         0x00000004         r
OPTION_SETTING_BPS 0x1300a1c0         0x00000010         r
OPTION_SETTING_PBPS 0x1300a1e0         0x00000010         r
OPTION_SETTING_OFS1_SEC 0x0300a200         0x00000004         r
OPTION_SETTING_BANKSEL_SEC 0x0300a210         0x00000004         r
OPTION_SETTING_BPS_SEC 0x0300a240         0x00000010         r
OPTION_SETTING_PBPS_SEC 0x0300a260         0x00000010         r
OPTION_SETTING_OFS1_SEL 0x0300a280         0x00000004         r
OPTION_SETTING_BANKSEL_SEL 0x0300a290         0x00000004         r
OPTION_SETTING_BPS_SEL 0x0300a2c0         0x00000010         r
OPTION_SETTING_DATA_FLASH_FSBLCTRL0 0x27030080         0x00000004         r
OPTION_SETTING_DATA_FLASH_FSBLCTRL1 0x27030084         0x00000004         r
OPTION_SETTING_DATA_FLASH_FSBLCTRL2 0x27030088         0x00000004         r
OPTION_SETTING_DATA_FLASH_SACC0 0x2703008c         0x00000004         r
OPTION_SETTING_DATA_FLASH_SACC1 0x27030090         0x00000004         r
OPTION_SETTING_DATA_FLASH_SAMR 0x27030094         0x00000004         r
ITCM             0x00000000         0x00010000         xrw
DTCM             0x20000000         0x00010000         xrw
*default*        0x00000000         0xffffffff

Linker script and memory map

LOAD C:/Renesas/RA/e2studio_v2026-04.2_fsp_v6.5.0/toolchains/gcc_arm/13.2.rel1/bin/../lib/gcc/arm-none-eabi/13.2.1/thumb/v8-m.main+dp/hard/crti.o
LOAD C:/Renesas/RA/e2studio_v2026-04.2_fsp_v6.5.0/toolchains/gcc_arm/13.2.rel1/bin/../lib/gcc/arm-none-eabi/13.2.1/thumb/v8-m.main+dp/hard/crtbegin.o
LOAD C:/Renesas/RA/e2studio_v2026-04.2_fsp_v6.5.0/toolchains/gcc_arm/13.2.rel1/bin/../lib/gcc/arm-none-eabi/13.2.1/thumb/v8-m.main+dp/hard/crt0.o
START GROUP
LOAD ./src/x25519/x25519-cortex-m4-gcc.o
LOAD ./src/mlkem/cbd.o
LOAD ./src/mlkem/cmov_int16.o
LOAD ./src/mlkem/fastaddsub.o
LOAD ./src/mlkem/fastbasemul.o
LOAD ./src/mlkem/fastinvntt.o
LOAD ./src/mlkem/fastntt.o
LOAD ./src/mlkem/indcpa.o
LOAD ./src/mlkem/kem.o
LOAD ./src/mlkem/matacc.o
LOAD ./src/mlkem/matacc_asm.o
LOAD ./src/mlkem/ntt.o
LOAD ./src/mlkem/poly.o
LOAD ./src/mlkem/poly_asm.o
LOAD ./src/mlkem/poly_mve.o
LOAD ./src/mlkem/polyvec.o
LOAD ./src/mlkem/randombytes_det.o
LOAD ./src/mlkem/reduce.o
LOAD ./src/mlkem/symmetric-fips202.o
LOAD ./src/mlkem/verify.o
LOAD ./src/keccak/fips202.o
LOAD ./src/keccak/keccakf1600.o
LOAD ./src/gen/bfull_board.o
LOAD ./src/gen/bmid_board.o
LOAD ./src/gen/expAM_micro.o
LOAD ./src/gen/x25519_base_shim.o
LOAD ./src/gen/x25519_comb_asm.o
LOAD ./src/gen/expc_board.o
LOAD ./src/gen/expd_board.o
LOAD ./src/gen/expe_board.o
LOAD ./src/gen/expf_board.o
LOAD ./src/gen/expj_board.o
LOAD ./src/gen/expjsolo_board.o
LOAD ./src/gen/expl_board.o
LOAD ./src/gen/expn_board.o
LOAD ./src/gen/expp_board.o
LOAD ./src/gen/expq_board.o
LOAD ./src/gen/expt_board.o
LOAD ./src/gen/expu_board.o
LOAD ./src/gen/expw_intt_kyber_1_23_45_67_opt_m55.o
LOAD ./src/gen/expw_intt_kyber_1_23_45_67_opt_m85.o
LOAD ./src/gen/expw_ntt_kyber_12_345_67_opt_size_m85.o
LOAD ./src/gen/expw_ntt_kyber_12_345_67_opt_speed_m85.o
LOAD ./src/gen/expw_ntt_kyber_1_23_45_67_no_trans_opt_m85.o
LOAD ./src/gen/expw_ntt_kyber_1_23_45_67_no_trans_vld4_opt_m85.o
LOAD ./src/gen/expw_ntt_kyber_1_23_45_67_opt_m85.o
LOAD ./src/gen/expy_intt_kyber_1_23_45_67_opt_m85_plantard.o
LOAD ./src/gen/fe25519_mul_mve.o
LOAD ./src/gen/fe25519_mul_mve_opt.o
LOAD ./src/gen/fe25519_sqr_mve.o
LOAD ./src/gen/fiat_u_stitch_m85.o
LOAD ./src/gen/fiat_yield2.o
LOAD ./src/gen/fiat_yield3.o
LOAD ./src/gen/keccakx4_round_m85.o
LOAD ./src/gen/mul256_budget.o
LOAD ./src/gen/mul256_flat.o
LOAD ./src/gen/mul256_flat6.o
LOAD ./src/gen/mul256_full.o
LOAD ./src/gen/mvekeccak_board.o
LOAD ./src/gen/slothy_expa.o
LOAD ./src/gen/stitched.o
LOAD ./src/fiat/fiatref.o
LOAD ./src/fiat_x25519.o
LOAD ./src/hal_entry.o
LOAD ./src/hal_warmstart.o
LOAD ./src/harness.o
LOAD ./src/itcm_pad.o
LOAD ./src/x25519_base.o
LOAD ./src/keccakx4.o
LOAD ./src/stitch_micro.o
LOAD ./ra_gen/common_data.o
LOAD ./ra_gen/hal_data.o
LOAD ./ra_gen/main.o
LOAD ./ra_gen/pin_data.o
LOAD ./ra_gen/vector_data.o
LOAD ./ra/fsp/src/r_ioport/r_ioport.o
LOAD ./ra/fsp/src/bsp/mcu/ra8m1/bsp_linker.o
LOAD ./ra/fsp/src/bsp/mcu/all/bsp_clocks.o
LOAD ./ra/fsp/src/bsp/mcu/all/bsp_common.o
LOAD ./ra/fsp/src/bsp/mcu/all/bsp_delay.o
LOAD ./ra/fsp/src/bsp/mcu/all/bsp_group_irq.o
LOAD ./ra/fsp/src/bsp/mcu/all/bsp_guard.o
LOAD ./ra/fsp/src/bsp/mcu/all/bsp_io.o
LOAD ./ra/fsp/src/bsp/mcu/all/bsp_ipc.o
LOAD ./ra/fsp/src/bsp/mcu/all/bsp_irq.o
LOAD ./ra/fsp/src/bsp/mcu/all/bsp_macl.o
LOAD ./ra/fsp/src/bsp/mcu/all/bsp_ospi_b.o
LOAD ./ra/fsp/src/bsp/mcu/all/bsp_register_protection.o
LOAD ./ra/fsp/src/bsp/mcu/all/bsp_sbrk.o
LOAD ./ra/fsp/src/bsp/mcu/all/bsp_sdram.o
LOAD ./ra/fsp/src/bsp/mcu/all/bsp_security.o
LOAD ./ra/fsp/src/bsp/cmsis/Device/RENESAS/Source/startup.o
LOAD ./ra/fsp/src/bsp/cmsis/Device/RENESAS/Source/system.o
LOAD ./ra/board/ra8m1_ek/board_init.o
LOAD ./ra/board/ra8m1_ek/board_leds.o
END GROUP
START GROUP
LOAD C:/Renesas/RA/e2studio_v2026-04.2_fsp_v6.5.0/toolchains/gcc_arm/13.2.rel1/bin/../lib/gcc/arm-none-eabi/13.2.1/thumb/v8-m.main+dp/hard\libgcc.a
LOAD C:/Renesas/RA/e2studio_v2026-04.2_fsp_v6.5.0/toolchains/gcc_arm/13.2.rel1/bin/../lib/gcc/arm-none-eabi/13.2.1/thumb/v8-m.main+dp/hard\libg_nano.a
LOAD C:/Renesas/RA/e2studio_v2026-04.2_fsp_v6.5.0/toolchains/gcc_arm/13.2.rel1/bin/../lib/gcc/arm-none-eabi/13.2.1/thumb/v8-m.main+dp/hard\libc_nano.a
END GROUP
START GROUP
LOAD C:/Renesas/RA/e2studio_v2026-04.2_fsp_v6.5.0/toolchains/gcc_arm/13.2.rel1/bin/../lib/gcc/arm-none-eabi/13.2.1/thumb/v8-m.main+dp/hard\libgcc.a
LOAD C:/Renesas/RA/e2studio_v2026-04.2_fsp_v6.5.0/toolchains/gcc_arm/13.2.rel1/bin/../lib/gcc/arm-none-eabi/13.2.1/thumb/v8-m.main+dp/hard\libc_nano.a
END GROUP
LOAD C:/Renesas/RA/e2studio_v2026-04.2_fsp_v6.5.0/toolchains/gcc_arm/13.2.rel1/bin/../lib/gcc/arm-none-eabi/13.2.1/thumb/v8-m.main+dp/hard/crtend.o
LOAD C:/Renesas/RA/e2studio_v2026-04.2_fsp_v6.5.0/toolchains/gcc_arm/13.2.rel1/bin/../lib/gcc/arm-none-eabi/13.2.1/thumb/v8-m.main+dp/hard/crtn.o
                0x22000000                        RAM_START = 0x22000000
                0x000e0000                        RAM_LENGTH = 0xe0000
                0x02000000                        FLASH_START = 0x2000000
                0x001f8000                        FLASH_LENGTH = 0x1f8000
                0x27000000                        DATA_FLASH_START = 0x27000000
                0x00003000                        DATA_FLASH_LENGTH = 0x3000
                0x68000000                        SDRAM_START = 0x68000000
                0x08000000                        SDRAM_LENGTH = 0x8000000
                0x80000000                        OSPI0_CS0_START = 0x80000000
                0x10000000                        OSPI0_CS0_LENGTH = 0x10000000
                0x90000000                        OSPI0_CS1_START = 0x90000000
                0x10000000                        OSPI0_CS1_LENGTH = 0x10000000
                0x0300a100                        OPTION_SETTING_OFS0_START = 0x300a100
                0x00000004                        OPTION_SETTING_OFS0_LENGTH = 0x4
                0x0300a104                        OPTION_SETTING_OFS2_START = 0x300a104
                0x00000004                        OPTION_SETTING_OFS2_LENGTH = 0x4
                0x0300a110                        OPTION_SETTING_DUALSEL_START = 0x300a110
                0x00000004                        OPTION_SETTING_DUALSEL_LENGTH = 0x4
                0x1300a180                        OPTION_SETTING_OFS1_START = 0x1300a180
                0x00000004                        OPTION_SETTING_OFS1_LENGTH = 0x4
                0x1300a190                        OPTION_SETTING_BANKSEL_START = 0x1300a190
                0x00000004                        OPTION_SETTING_BANKSEL_LENGTH = 0x4
                0x1300a1c0                        OPTION_SETTING_BPS_START = 0x1300a1c0
                0x00000010                        OPTION_SETTING_BPS_LENGTH = 0x10
                0x1300a1e0                        OPTION_SETTING_PBPS_START = 0x1300a1e0
                0x00000010                        OPTION_SETTING_PBPS_LENGTH = 0x10
                0x0300a200                        OPTION_SETTING_OFS1_SEC_START = 0x300a200
                0x00000004                        OPTION_SETTING_OFS1_SEC_LENGTH = 0x4
                0x0300a210                        OPTION_SETTING_BANKSEL_SEC_START = 0x300a210
                0x00000004                        OPTION_SETTING_BANKSEL_SEC_LENGTH = 0x4
                0x0300a240                        OPTION_SETTING_BPS_SEC_START = 0x300a240
                0x00000010                        OPTION_SETTING_BPS_SEC_LENGTH = 0x10
                0x0300a260                        OPTION_SETTING_PBPS_SEC_START = 0x300a260
                0x00000010                        OPTION_SETTING_PBPS_SEC_LENGTH = 0x10
                0x0300a280                        OPTION_SETTING_OFS1_SEL_START = 0x300a280
                0x00000004                        OPTION_SETTING_OFS1_SEL_LENGTH = 0x4
                0x0300a290                        OPTION_SETTING_BANKSEL_SEL_START = 0x300a290
                0x00000004                        OPTION_SETTING_BANKSEL_SEL_LENGTH = 0x4
                0x0300a2c0                        OPTION_SETTING_BPS_SEL_START = 0x300a2c0
                0x00000010                        OPTION_SETTING_BPS_SEL_LENGTH = 0x10
                0x27030080                        OPTION_SETTING_DATA_FLASH_FSBLCTRL0_START = 0x27030080
                0x00000004                        OPTION_SETTING_DATA_FLASH_FSBLCTRL0_LENGTH = 0x4
                0x27030084                        OPTION_SETTING_DATA_FLASH_FSBLCTRL1_START = 0x27030084
                0x00000004                        OPTION_SETTING_DATA_FLASH_FSBLCTRL1_LENGTH = 0x4
                0x27030088                        OPTION_SETTING_DATA_FLASH_FSBLCTRL2_START = 0x27030088
                0x00000004                        OPTION_SETTING_DATA_FLASH_FSBLCTRL2_LENGTH = 0x4
                0x2703008c                        OPTION_SETTING_DATA_FLASH_SACC0_START = 0x2703008c
                0x00000004                        OPTION_SETTING_DATA_FLASH_SACC0_LENGTH = 0x4
                0x27030090                        OPTION_SETTING_DATA_FLASH_SACC1_START = 0x27030090
                0x00000004                        OPTION_SETTING_DATA_FLASH_SACC1_LENGTH = 0x4
                0x27030094                        OPTION_SETTING_DATA_FLASH_SAMR_START = 0x27030094
                0x00000004                        OPTION_SETTING_DATA_FLASH_SAMR_LENGTH = 0x4
                0x00000000                        ITCM_START = 0x0
                0x00010000                        ITCM_LENGTH = 0x10000
                0x20000000                        DTCM_START = 0x20000000
                0x00010000                        DTCM_LENGTH = 0x10000
START GROUP
LOAD C:/Renesas/RA/e2studio_v2026-04.2_fsp_v6.5.0/toolchains/gcc_arm/13.2.rel1/bin/../lib/gcc/arm-none-eabi/13.2.1/thumb/v8-m.main+dp/hard\libgcc.a
LOAD C:/Renesas/RA/e2studio_v2026-04.2_fsp_v6.5.0/toolchains/gcc_arm/13.2.rel1/bin/../lib/gcc/arm-none-eabi/13.2.1/thumb/v8-m.main+dp/hard\libc.a
LOAD C:/Renesas/RA/e2studio_v2026-04.2_fsp_v6.5.0/toolchains/gcc_arm/13.2.rel1/bin/../lib/gcc/arm-none-eabi/13.2.1/thumb/v8-m.main+dp/hard\libm.a
END GROUP

.ospi0_cs1.startof
                0x90000000        0x0
                0x90000000                        __ddsc_OSPI0_CS1_START = .

.sdram.startof  0x68000000        0x0
                0x68000000                        __ddsc_SDRAM_START = .

__sdram_from_ospi0_cs1$$
                0x68000000        0x0 load address 0x90000000
                0x68000000                        __sdram_from_ospi0_cs1$$Base = .
                0x90000000                        __sdram_from_ospi0_cs1$$Load = LOADADDR (__sdram_from_ospi0_cs1$$)
 *(.sdram_from_ospi0_cs1)
 *(.sdram_code_from_ospi0_cs1)
                0x68000000                        __sdram_from_ospi0_cs1$$Limit = .

.ospi0_cs0.startof
                0x80000000        0x0
                0x80000000                        __ddsc_OSPI0_CS0_START = .

__ospi0_cs0_from_ospi0_cs1$$
                0x80000000        0x0 load address 0x90000000
                0x80000000                        __ospi0_cs0_from_ospi0_cs1$$Base = .
                0x90000000                        __ospi0_cs0_from_ospi0_cs1$$Load = LOADADDR (__ospi0_cs0_from_ospi0_cs1$$)
 *(.ospi0_cs0_from_ospi0_cs1)
 *(.ospi0_cs0_code_from_ospi0_cs1)
                0x80000000                        __ospi0_cs0_from_ospi0_cs1$$Limit = .

.itcm.startof   0x00000000        0x0
                0x00000000                        __ddsc_ITCM_START = .

__itcm_from_ospi0_cs1$$
                0x00000000        0x0 load address 0x90000000
                0x00000000                        __itcm_from_ospi0_cs1$$Base = .
                0x90000000                        __itcm_from_ospi0_cs1$$Load = LOADADDR (__itcm_from_ospi0_cs1$$)
 *(.itcm_from_ospi0_cs1)
 *(.itcm_code_from_ospi0_cs1)
                0x00000000                        __itcm_from_ospi0_cs1$$Limit = .

.dtcm.startof   0x20000000        0x0
                0x20000000                        __ddsc_DTCM_START = .

__dtcm_from_ospi0_cs1$$
                0x20000000        0x0 load address 0x90000000
                0x20000000                        __dtcm_from_ospi0_cs1$$Base = .
                0x90000000                        __dtcm_from_ospi0_cs1$$Load = LOADADDR (__dtcm_from_ospi0_cs1$$)
 *(.dtcm_from_ospi0_cs1)
 *(.dtcm_code_from_ospi0_cs1)
                0x20000000                        __dtcm_from_ospi0_cs1$$Limit = .

.ram.startof    0x22000000        0x0
                0x22000000                        __ddsc_RAM_START = .

__ram_dtc_vector$$
                0x22000000        0x0
                0x22000000                        __ram_dtc_vector$$Base = .
 *(.fsp_dtc_vector_table)
                0x22000000                        __ram_dtc_vector$$Limit = .

__ram_from_ospi0_cs1$$
                0x22000000        0x0 load address 0x90000000
                0x22000000                        __ram_from_ospi0_cs1$$Base = .
                0x90000000                        __ram_from_ospi0_cs1$$Load = LOADADDR (__ram_from_ospi0_cs1$$)
 *(.ram_from_ospi0_cs1)
 *(.ram_code_from_ospi0_cs1)
                0x22000000                        __ram_from_ospi0_cs1$$Limit = .

__ospi0_cs1_readonly$$
                0x90000000        0x0
                0x90000000                        __ospi0_cs1_readonly$$Base = .
 *(.ospi0_cs1)
 *(.ospi0_cs1_code)
                0x90000000                        __ospi0_cs1_readonly$$Limit = .

__ospi0_cs1_noinit$$
                0x90000000        0x0
                0x90000000                        __ospi0_cs1_noinit$$Base = .
 *(.ospi0_cs1_noinit)
                0x90000000                        __ospi0_cs1_noinit$$Limit = .

.ospi0_cs1.endof
                0x90000000        0x0
                0x90000000                        __ddsc_OSPI0_CS1_END = .

.data_flash.startof
                0x27000000        0x0
                0x27000000                        __ddsc_DATA_FLASH_START = .

__sdram_from_data_flash$$
                0x68000000        0x0 load address 0x27000000
                0x68000000                        __sdram_from_data_flash$$Base = .
                0x27000000                        __sdram_from_data_flash$$Load = LOADADDR (__sdram_from_data_flash$$)
 *(.sdram_from_data_flash)
 *(.sdram_code_from_data_flash)
                0x68000000                        __sdram_from_data_flash$$Limit = .

__ospi0_cs0_from_data_flash$$
                0x80000000        0x0 load address 0x27000000
                0x80000000                        __ospi0_cs0_from_data_flash$$Base = .
                0x27000000                        __ospi0_cs0_from_data_flash$$Load = LOADADDR (__ospi0_cs0_from_data_flash$$)
 *(.ospi0_cs0_from_data_flash)
 *(.ospi0_cs0_code_from_data_flash)
                0x80000000                        __ospi0_cs0_from_data_flash$$Limit = .

__itcm_from_data_flash$$
                0x00000000        0x0 load address 0x27000000
                0x00000000                        __itcm_from_data_flash$$Base = .
                0x27000000                        __itcm_from_data_flash$$Load = LOADADDR (__itcm_from_data_flash$$)
 *(.itcm_from_data_flash)
 *(.itcm_code_from_data_flash)
                0x00000000                        __itcm_from_data_flash$$Limit = .

__dtcm_from_data_flash$$
                0x20000000        0x0 load address 0x27000000
                0x20000000                        __dtcm_from_data_flash$$Base = .
                0x27000000                        __dtcm_from_data_flash$$Load = LOADADDR (__dtcm_from_data_flash$$)
 *(.dtcm_from_data_flash)
 *(.dtcm_code_from_data_flash)
                0x20000000                        __dtcm_from_data_flash$$Limit = .

__ram_from_data_flash$$
                0x22000000        0x0 load address 0x27000000
                0x22000000                        __ram_from_data_flash$$Base = .
                0x27000000                        __ram_from_data_flash$$Load = LOADADDR (__ram_from_data_flash$$)
 *(.ram_from_data_flash)
 *(.ram_code_from_data_flash)
                0x22000000                        __ram_from_data_flash$$Limit = .

__data_flash_readonly$$
                0x27000000        0x0
                0x27000000                        __data_flash_readonly$$Base = .
 *(.data_flash)
 *(.data_flash_code)
                0x27000000                        __data_flash_readonly$$Limit = .

__data_flash_noinit$$
                0x27000000        0x0
                0x27000000                        __data_flash_noinit$$Base = .
 *(.data_flash_noinit)
                0x27000000                        __data_flash_noinit$$Limit = .

.data_flash.endof
                0x27000000        0x0
                0x27000000                        __ddsc_DATA_FLASH_END = .

.flash.startof  0x02000000        0x0
                0x02000000                        __ddsc_FLASH_START = .

__flash_vectors$$
                0x02000000       0x40
                0x02000000                        __flash_vectors$$Base = .
                0x02000000                        _VECTORS = .
 *(.fixed_vectors)
 .fixed_vectors
                0x02000000       0x40 ./ra/fsp/src/bsp/cmsis/Device/RENESAS/Source/startup.o
                0x02000000                __Vectors
 *(.application_vectors)
                0x02000040                        __flash_vectors$$Limit = .

__flash_noinit$$
                0x02000040        0x0
                0x02000040                        __flash_noinit$$Base = .
 *(.flash_noinit)
                0x02000040                        __flash_noinit$$Limit = .

__sdram_from_flash$$
                0x68000000        0x0 load address 0x02000040
                0x68000000                        __sdram_from_flash$$Base = .
                0x02000040                        __sdram_from_flash$$Load = LOADADDR (__sdram_from_flash$$)
 *(.sdram_from_flash)
 *(.sdram_code_from_flash)
                0x68000000                        __sdram_from_flash$$Limit = .

__sdram_noinit_nocache$$
                0x68000000        0x0 load address 0x02000040
                0x68000000                        __sdram_noinit_nocache$$Base = .
 *(.sdram_noinit_nocache)
                0x68000000                        __sdram_noinit_nocache$$Limit = .

__sdram_zero_nocache$$
                0x68000000        0x0 load address 0x02000040
                0x68000000                        __sdram_zero_nocache$$Base = .
 *(.sdram_nocache)
                0x68000000                        . = ALIGN (0x20)
                0x68000000                        __sdram_zero_nocache$$Limit = .

__sdram_noinit$$
                0x68000000        0x0 load address 0x02000040
                0x68000000                        __sdram_noinit$$Base = .
 *(.sdram_noinit)
                0x68000000                        __sdram_noinit$$Limit = .

__sdram_zero$$  0x68000000        0x0 load address 0x02000040
                0x68000000                        __sdram_zero$$Base = .
 *(.sdram)
                0x68000000                        __sdram_zero$$Limit = .

.sdram.endof    0x68000000        0x0
                0x68000000                        __ddsc_SDRAM_END = .

__ospi0_cs0_from_flash$$
                0x80000000        0x0 load address 0x02000040
                0x80000000                        __ospi0_cs0_from_flash$$Base = .
                0x02000040                        __ospi0_cs0_from_flash$$Load = LOADADDR (__ospi0_cs0_from_flash$$)
 *(.ospi0_cs0_from_flash)
 *(.ospi0_cs0_code_from_flash)
                0x80000000                        __ospi0_cs0_from_flash$$Limit = .

__ospi0_cs0_noinit_nocache$$
                0x80000000        0x0 load address 0x02000040
                0x80000000                        __ospi0_cs0_noinit_nocache$$Base = .
 *(.ospi0_cs0_noinit_nocache)
                0x80000000                        __ospi0_cs0_noinit_nocache$$Limit = .

__ospi0_cs0_zero_nocache$$
                0x80000000        0x0 load address 0x02000040
                0x80000000                        __ospi0_cs0_zero_nocache$$Base = .
 *(.ospi0_cs0_nocache)
                0x80000000                        . = ALIGN (0x20)
                0x80000000                        __ospi0_cs0_zero_nocache$$Limit = .

__ospi0_cs0_noinit$$
                0x80000000        0x0 load address 0x02000040
                0x80000000                        __ospi0_cs0_noinit$$Base = .
 *(.ospi0_cs0_noinit)
                0x80000000                        __ospi0_cs0_noinit$$Limit = .

__ospi0_cs0_zero$$
                0x80000000        0x0 load address 0x02000040
                0x80000000                        __ospi0_cs0_zero$$Base = .
 *(.ospi0_cs0)
                0x80000000                        __ospi0_cs0_zero$$Limit = .

.ospi0_cs0.endof
                0x80000000        0x0
                0x80000000                        __ddsc_OSPI0_CS0_END = .

__itcm_from_flash$$
                0x00000000     0xa8e0 load address 0x02000040
                0x00000000                        __itcm_from_flash$$Base = .
                0x02000040                        __itcm_from_flash$$Load = LOADADDR (__itcm_from_flash$$)
 *(.itcm_from_flash)
 .itcm_from_flash
                0x00000000      0x100 ./src/itcm_pad.o
                0x00000000                g_itcm_bad_granule_pad
 *(.itcm_code_from_flash)
 .itcm_code_from_flash
                0x00000100      0x764 ./src/x25519/x25519-cortex-m4-gcc.o
                0x00000100                fe25519_add
                0x00000158                fe25519_sub
                0x000001ba                fe25519_mul
                0x0000037a                fe25519_sqr
                0x000004d2                fe25519_sqr_many
                0x00000506                curve25519_scalarmult
 .itcm_code_from_flash
                0x00000864       0x14 ./src/mlkem/cmov_int16.o
                0x00000864                cmov_int16
 .itcm_code_from_flash
                0x00000878       0x88 ./src/mlkem/fastaddsub.o
                0x00000878                pointwise_sub
                0x000008bc                pointwise_add
 .itcm_code_from_flash
                0x00000900      0x138 ./src/mlkem/fastbasemul.o
                0x00000900                basemul_asm_opt_16_32
                0x0000094c                basemul_asm_acc_opt_32_32
                0x000009a8                basemul_asm_acc_opt_32_16
 .itcm_code_from_flash
                0x00000a38      0x880 ./src/mlkem/fastinvntt.o
                0x00000a38                invntt_fast
 .itcm_code_from_flash
                0x000012b8      0x69c ./src/mlkem/fastntt.o
                0x000012b8                ntt_fast
 .itcm_code_from_flash
                0x00001954      0xc20 ./src/mlkem/matacc_asm.o
                0x00001954                matacc_asm_cache_16_32
                0x00001b50                matacc_asm_cache_32_32
                0x00001d64                matacc_asm_cache_32_16
                0x00001fe0                matacc_asm_opt_16_32
                0x00002188                matacc_asm_opt_32_32
                0x0000234c                matacc_asm_opt_32_16
 .itcm_code_from_flash
                0x00002574       0x70 ./src/mlkem/ntt.o
 .itcm_code_from_flash
                0x000025e4      0x224 ./src/mlkem/poly_asm.o
                0x000025e4                frombytes_mul_asm_16_32
                0x00002680                frombytes_mul_asm_acc_32_32
                0x00002724                frombytes_mul_asm_acc_32_16
 .itcm_code_from_flash
                0x00002808      0x1f0 ./src/mlkem/reduce.o
                0x00002808                asm_barrett_reduce
                0x0000292c                asm_fromplant
 *fill*         0x000029f8        0x8 
 .itcm_code_from_flash
                0x00002a00     0x1fa0 ./src/keccak/keccakf1600.o
                0x00002a00                KeccakF1600_Initialize
                0x00002b00                KeccakF1600_StateXORBytes
                0x00002e00                KeccakF1600_StateExtractBytes
                0x00003200                KeccakF1600_StatePermute
 .itcm_code_from_flash
                0x000049a0     0x2298 ./src/gen/bfull_board.o
                0x000049a0                bfull_seq
                0x00005ac0                bfull_slothy
 *fill*         0x00006c38        0x8 
 .itcm_code_from_flash
                0x00006c40      0xa70 ./src/gen/expAM_micro.o
                0x00006c40                fe25519_mul_lenn
                0x00006c5a                expam_micro_empty
                0x00006c5c                expam_micro_mac_indep
                0x00006d8c                expam_micro_mac_dep
                0x00006ea2                expam_micro_vldrw
                0x00006faa                expam_micro_vmull
                0x000070be                expam_micro_umaal
                0x000071ea                expam_micro_mixed
                0x000072de                fe25519_sqr_lenn
                0x000072fe                expam_micro_mac_u16
                0x00007414                expam_micro_vpush
                0x0000751c                expam_micro_pushpop
                0x00007624                expam_probe_semantics
                0x00007692                fe25519_mul_null
                0x000076ac                fe25519_mve_null
 .itcm_code_from_flash
                0x000076b0       0x3c ./src/gen/x25519_base_shim.o
                0x000076b0                fe25519_add_lenn
                0x000076ce                fe25519_sub_lenn
 .itcm_code_from_flash
                0x000076ec      0x18c ./src/gen/x25519_comb_asm.o
                0x000076ec                ge_madd_native
                0x00007846                fe25519_sqr_chain
 *fill*         0x00007878        0x8 
 .itcm_code_from_flash
                0x00007880      0x464 ./src/gen/expw_intt_kyber_1_23_45_67_opt_m85.o
                0x00007884                intt_kyber_1_23_45_67_opt_m85
 *fill*         0x00007ce4        0xc 
 .itcm_code_from_flash
                0x00007cf0      0x3c8 ./src/gen/expw_ntt_kyber_12_345_67_opt_size_m85.o
                0x00007cf4                ntt_kyber_12_345_67_opt_size_m85
 *fill*         0x000080b8        0x8 
 .itcm_code_from_flash
                0x000080c0      0x524 ./src/gen/expw_ntt_kyber_12_345_67_opt_speed_m85.o
                0x000080c4                ntt_kyber_12_345_67_opt_speed_m85
 *fill*         0x000085e4        0xc 
 .itcm_code_from_flash
                0x000085f0      0x3b0 ./src/gen/expw_ntt_kyber_1_23_45_67_no_trans_opt_m85.o
                0x000085f4                ntt_kyber_1_23_45_67_no_trans_opt_m85
 .itcm_code_from_flash
                0x000089a0      0x330 ./src/gen/expw_ntt_kyber_1_23_45_67_no_trans_vld4_opt_m85.o
                0x000089a4                ntt_kyber_1_23_45_67_no_trans_vld4_opt_m85
 .itcm_code_from_flash
                0x00008cd0      0x3b0 ./src/gen/expw_ntt_kyber_1_23_45_67_opt_m85.o
                0x00008cd4                ntt_kyber_1_23_45_67_opt_m85
 .itcm_code_from_flash
                0x00009080      0x470 ./src/gen/expy_intt_kyber_1_23_45_67_opt_m85_plantard.o
                0x00009090                intt_kyber_1_23_45_67_opt_m85_plantard
 .itcm_code_from_flash
                0x000094f0      0x400 ./src/gen/fe25519_mul_mve.o
                0x000094f0                fe25519_mul_mve
 .itcm_code_from_flash
                0x000098f0      0x3a0 ./src/gen/fe25519_mul_mve_opt.o
                0x000098f0                fe25519_mul_mve_opt
 .itcm_code_from_flash
                0x00009c90      0x420 ./src/gen/fe25519_sqr_mve.o
                0x00009c90                fe25519_sqr_mve
 .itcm_code_from_flash
                0x0000a0b0      0x6a8 ./src/gen/mul256_flat6.o
                0x0000a0b0                mul256_flat6
 *fill*         0x0000a758        0x8 
 .itcm_code_from_flash
                0x0000a760      0x178 ./src/stitch_micro.o
                0x0000a760                stitch_mul_chain
                0x0000a798                stitch_logic_chain
                0x0000a7d8                stitch_interleaved
                0x0000a848                stitch_mem_chain
                0x0000a878                stitch_interleaved_mem
 .itcm_code_from_flash.__stub
                0x0000a8d8        0x8 linker stubs
                0x0000a8e0                        __itcm_from_flash$$Limit = .

__itcm_noinit$$
                0x0000a8e0        0x0 load address 0x0200a920
                0x0000a8e0                        __itcm_noinit$$Base = .
 *(.itcm_noinit)
                0x0000a8e0                        __itcm_noinit$$Limit = .

__itcm_zero$$   0x0000a8e0        0x0 load address 0x0200a920
                0x0000a8e0                        __itcm_zero$$Base = .
 *(.itcm)
                0x0000a8e0                        __itcm_zero$$Limit = .

.itcm.endof     0x0000aa00        0x0
                0x0000aa00                        __ddsc_ITCM_END = .

__dtcm_from_flash$$
                0x20000000        0x0 load address 0x0200a920
                0x20000000                        __dtcm_from_flash$$Base = .
                0x0200a920                        __dtcm_from_flash$$Load = LOADADDR (__dtcm_from_flash$$)
 *(.dtcm_from_flash)
 *(.dtcm_code_from_flash)
                0x20000000                        __dtcm_from_flash$$Limit = .

__dtcm_noinit$$
                0x20000000        0x0 load address 0x0200a920
                0x20000000                        __dtcm_noinit$$Base = .
 *(.dtcm_noinit)
                0x20000000                        __dtcm_noinit$$Limit = .

__dtcm_zero$$   0x20000000     0xe140 load address 0x0200a920
                0x20000000                        __dtcm_zero$$Base = .
 *(.dtcm)
 .dtcm          0x20000000      0x620 ./src/fiat_x25519.o
 .dtcm          0x20000620     0xd2f0 ./src/harness.o
                0x20002080                g_theta_state
                0x20002260                g_bf_b
                0x20002280                g_bf_a
                0x200022a0                g_bf_r
                0x200022e0                g_fc_b
                0x20002308                g_fc_a
                0x20002330                g_fc_out
                0x200027a0                expw_poly
                0x200029a0                expv_poly
                0x20002ba0                g_flat
                0x20002ec0                g_mve
                0x20003820                g_spill
 .dtcm          0x2000d910      0x830 ./src/keccakx4.o
                0x2000e140                        __dtcm_zero$$Limit = .

.dtcm.endof     0x2000e200        0x0
                0x2000e200                        __ddsc_DTCM_END = .

__ram_from_flash$$
                0x22000000     0x1d48 load address 0x0200a920
                0x22000000                        __ram_from_flash$$Base = .
                0x0200a920                        __ram_from_flash$$Load = LOADADDR (__ram_from_flash$$)
 *(.ram_from_flash)
 *(.ram_code_from_flash)
 *(.data*)
 .data.mlkem_invntt_input_max
                0x22000000        0x4 ./src/mlkem/ntt.o
                0x22000000                mlkem_invntt_input_max
 .data.mlkem_invntt_input_min
                0x22000004        0x4 ./src/mlkem/ntt.o
                0x22000004                mlkem_invntt_input_min
 .data.state    0x22000008        0x4 ./src/mlkem/randombytes_det.o
 .data          0x2200000c      0x3f8 ./src/gen/expw_intt_kyber_1_23_45_67_opt_m85.o
 *fill*         0x22000404        0xc 
 .data          0x22000410      0x3f8 ./src/gen/expw_ntt_kyber_12_345_67_opt_size_m85.o
 *fill*         0x22000808        0x8 
 .data          0x22000810      0x3f8 ./src/gen/expw_ntt_kyber_12_345_67_opt_speed_m85.o
 .data          0x22000c08      0x3f8 ./src/gen/expw_ntt_kyber_1_23_45_67_no_trans_opt_m85.o
 .data          0x22001000      0x3f8 ./src/gen/expw_ntt_kyber_1_23_45_67_no_trans_vld4_opt_m85.o
 .data          0x220013f8      0x3f8 ./src/gen/expw_ntt_kyber_1_23_45_67_opt_m85.o
 .data          0x220017f0      0x3f8 ./src/gen/expy_intt_kyber_1_23_45_67_opt_m85_plantard.o
 .data.expaw_reject_mm
                0x22001be8        0x4 ./src/harness.o
                0x22001be8                expaw_reject_mm
 .data.expaw_smoke_fails
                0x22001bec        0x4 ./src/harness.o
                0x22001bec                expaw_smoke_fails
 .data.expaw_byte_mismatch
                0x22001bf0        0x4 ./src/harness.o
                0x22001bf0                expaw_byte_mismatch
 .data.expau_diff_mm
                0x22001bf4        0x4 ./src/harness.o
                0x22001bf4                expau_diff_mm
 .data.expau_kat_fails
                0x22001bf8        0x4 ./src/harness.o
                0x22001bf8                expau_kat_fails
 .data.expat_mm_mve
                0x22001bfc        0x4 ./src/harness.o
                0x22001bfc                expat_mm_mve
 .data.expat_mm_scalar
                0x22001c00        0x4 ./src/harness.o
                0x22001c00                expat_mm_scalar
 .data.expat_src
                0x22001c04        0x4 ./src/harness.o
 .data.expan_smoke_fails
                0x22001c08        0x4 ./src/harness.o
                0x22001c08                expan_smoke_fails
 .data.expan_byte_mismatch
                0x22001c0c        0x4 ./src/harness.o
                0x22001c0c                expan_byte_mismatch
 .data.expamb_mm_sem
                0x22001c10        0x4 ./src/harness.o
                0x22001c10                expamb_mm_sem
 .data.expamb_mm_conv
                0x22001c14        0x4 ./src/harness.o
                0x22001c14                expamb_mm_conv
 .data.expamb_mm_sqrl
                0x22001c18        0x4 ./src/harness.o
                0x22001c18                expamb_mm_sqrl
 .data.expamb_mm_sqr
                0x22001c1c        0x4 ./src/harness.o
                0x22001c1c                expamb_mm_sqr
 .data.expamb_mm_opt
                0x22001c20        0x4 ./src/harness.o
                0x22001c20                expamb_mm_opt
 .data.expam_mm_align
                0x22001c24        0x4 ./src/harness.o
                0x22001c24                expam_mm_align
 .data.expam_mm_alias
                0x22001c28        0x4 ./src/harness.o
                0x22001c28                expam_mm_alias
 .data.expam_mm_boundary
                0x22001c2c        0x4 ./src/harness.o
                0x22001c2c                expam_mm_boundary
 .data.expam_mm_lenn
                0x22001c30        0x4 ./src/harness.o
                0x22001c30                expam_mm_lenn
 .data.expam_mm_oracle
                0x22001c34        0x4 ./src/harness.o
                0x22001c34                expam_mm_oracle
 .data.expal_timing_mismatch
                0x22001c38        0x4 ./src/harness.o
                0x22001c38                expal_timing_mismatch
 .data.expal_xw_smoke_fails
                0x22001c3c        0x4 ./src/harness.o
                0x22001c3c                expal_xw_smoke_fails
 .data.expal_xw_byte_mismatch
                0x22001c40        0x4 ./src/harness.o
                0x22001c40                expal_xw_byte_mismatch
 .data.expaj_stack_canary_fails
                0x22001c44        0x4 ./src/harness.o
                0x22001c44                expaj_stack_canary_fails
 .data.expaj_timing_mismatch
                0x22001c48        0x4 ./src/harness.o
                0x22001c48                expaj_timing_mismatch
 .data.expaj_xw_smoke_fails
                0x22001c4c        0x4 ./src/harness.o
                0x22001c4c                expaj_xw_smoke_fails
 .data.expaj_xw_byte_mismatch
                0x22001c50        0x4 ./src/harness.o
                0x22001c50                expaj_xw_byte_mismatch
 .data.expaj_smoke_fails
                0x22001c54        0x4 ./src/harness.o
                0x22001c54                expaj_smoke_fails
 .data.expaj_byte_mismatch
                0x22001c58        0x4 ./src/harness.o
                0x22001c58                expaj_byte_mismatch
 .data.expaj_kat_mismatch
                0x22001c5c        0x4 ./src/harness.o
                0x22001c5c                expaj_kat_mismatch
 .data.stitched_mismatch
                0x22001c60        0x4 ./src/harness.o
                0x22001c60                stitched_mismatch
 .data.bfull_mismatch
                0x22001c64        0x4 ./src/harness.o
                0x22001c64                bfull_mismatch
 .data.expd_mismatch
                0x22001c68        0x4 ./src/harness.o
                0x22001c68                expd_mismatch
 .data.expc_mismatch
                0x22001c6c        0x4 ./src/harness.o
                0x22001c6c                expc_mismatch
 .data.expy_oracle_output_max
                0x22001c70        0x4 ./src/harness.o
                0x22001c70                expy_oracle_output_max
 .data.expy_oracle_output_min
                0x22001c74        0x4 ./src/harness.o
                0x22001c74                expy_oracle_output_min
 .data.expy_oracle_canary_fails
                0x22001c78        0x4 ./src/harness.o
                0x22001c78                expy_oracle_canary_fails
 .data.expy_oracle_mismatch
                0x22001c7c        0x4 ./src/harness.o
                0x22001c7c                expy_oracle_mismatch
 .data.expw_roundtrip_m85_mismatch
                0x22001c80        0x4 ./src/harness.o
                0x22001c80                expw_roundtrip_m85_mismatch
 .data.expw_inverse_m85_mismatch
                0x22001c84        0x4 ./src/harness.o
                0x22001c84                expw_inverse_m85_mismatch
 .data.expw_m55_unavailable
                0x22001c88        0x4 ./src/harness.o
                0x22001c88                expw_m55_unavailable
 .data.expw_mismatch
                0x22001c8c        0x4 ./src/harness.o
                0x22001c8c                expw_mismatch
 .data.expv_mismatch
                0x22001c90        0x4 ./src/harness.o
                0x22001c90                expv_mismatch
 .data.expu_mismatch
                0x22001c94        0x4 ./src/harness.o
                0x22001c94                expu_mismatch
 .data.expt_mismatch
                0x22001c98        0x4 ./src/harness.o
                0x22001c98                expt_mismatch
 .data.expm_mismatch
                0x22001c9c        0x4 ./src/harness.o
                0x22001c9c                expm_mismatch
 .data.expl_mismatch
                0x22001ca0        0x4 ./src/harness.o
                0x22001ca0                expl_mismatch
 .data.expk_mismatch
                0x22001ca4        0x4 ./src/harness.o
                0x22001ca4                expk_mismatch
 .data.expj_mismatch
                0x22001ca8        0x4 ./src/harness.o
                0x22001ca8                expj_mismatch
 .data.v04_mismatch
                0x22001cac        0x4 ./src/harness.o
                0x22001cac                v04_mismatch
 .data.expi_mismatch
                0x22001cb0        0x4 ./src/harness.o
                0x22001cb0                expi_mismatch
 .data.exph_mismatch
                0x22001cb4        0x4 ./src/harness.o
                0x22001cb4                exph_mismatch
 .data.expg_mismatch
                0x22001cb8        0x4 ./src/harness.o
                0x22001cb8                expg_mismatch
 .data.cosol_mismatch
                0x22001cbc        0x4 ./src/harness.o
                0x22001cbc                cosol_mismatch
 .data.coissue_mismatch
                0x22001cc0        0x4 ./src/harness.o
                0x22001cc0                coissue_mismatch
 .data.mve4_mismatch
                0x22001cc4        0x4 ./src/harness.o
                0x22001cc4                mve4_mismatch
 .data.expe_mismatch
                0x22001cc8        0x4 ./src/harness.o
                0x22001cc8                expe_mismatch
 .data.bmid_mismatch
                0x22001ccc        0x4 ./src/harness.o
                0x22001ccc                bmid_mismatch
 .data.mul256_mismatch
                0x22001cd0        0x4 ./src/harness.o
                0x22001cd0                mul256_mismatch
 .data.expac_stack_canary_fails
                0x22001cd4        0x4 ./src/harness.o
                0x22001cd4                expac_stack_canary_fails
 .data.expac_timing_mismatch
                0x22001cd8        0x4 ./src/harness.o
                0x22001cd8                expac_timing_mismatch
 .data.expac_u_kat_fails
                0x22001cdc        0x4 ./src/harness.o
                0x22001cdc                expac_u_kat_fails
 .data.expac_x4_kat_fails
                0x22001ce0        0x4 ./src/harness.o
                0x22001ce0                expac_x4_kat_fails
 .data.expac_smoke_fails
                0x22001ce4        0x4 ./src/harness.o
                0x22001ce4                expac_smoke_fails
 .data.expac_byte_mismatch
                0x22001ce8        0x4 ./src/harness.o
                0x22001ce8                expac_byte_mismatch
 .data.expab_stack_canary_fails
                0x22001cec        0x4 ./src/harness.o
                0x22001cec                expab_stack_canary_fails
 .data.expab_timing_mismatch
                0x22001cf0        0x4 ./src/harness.o
                0x22001cf0                expab_timing_mismatch
 .data.expab_smoke_fails
                0x22001cf4        0x4 ./src/harness.o
                0x22001cf4                expab_smoke_fails
 .data.expab_byte_mismatch
                0x22001cf8        0x4 ./src/harness.o
                0x22001cf8                expab_byte_mismatch
 .data.expaa_stack_canary_fails
                0x22001cfc        0x4 ./src/harness.o
                0x22001cfc                expaa_stack_canary_fails
 .data.expaa_timing_mismatch
                0x22001d00        0x4 ./src/harness.o
                0x22001d00                expaa_timing_mismatch
 .data.expaa_smoke_fails
                0x22001d04        0x4 ./src/harness.o
                0x22001d04                expaa_smoke_fails
 .data.expaa_byte_mismatch
                0x22001d08        0x4 ./src/harness.o
                0x22001d08                expaa_byte_mismatch
 .data.expz_stack_canary_fails
                0x22001d0c        0x4 ./src/harness.o
                0x22001d0c                expz_stack_canary_fails
 .data.expz_timing_mismatch
                0x22001d10        0x4 ./src/harness.o
                0x22001d10                expz_timing_mismatch
 .data.expz_smoke_fails
                0x22001d14        0x4 ./src/harness.o
                0x22001d14                expz_smoke_fails
 .data.expz_byte_mismatch
                0x22001d18        0x4 ./src/harness.o
                0x22001d18                expz_byte_mismatch
 .data.expy_stack_canary_fails
                0x22001d1c        0x4 ./src/harness.o
                0x22001d1c                expy_stack_canary_fails
 .data.expy_timing_mismatch
                0x22001d20        0x4 ./src/harness.o
                0x22001d20                expy_timing_mismatch
 .data.expy_input_max
                0x22001d24        0x4 ./src/harness.o
                0x22001d24                expy_input_max
 .data.expy_input_min
                0x22001d28        0x4 ./src/harness.o
                0x22001d28                expy_input_min
 .data.expy_smoke_fails
                0x22001d2c        0x4 ./src/harness.o
                0x22001d2c                expy_smoke_fails
 .data.expy_byte_mismatch
                0x22001d30        0x4 ./src/harness.o
                0x22001d30                expy_byte_mismatch
 .data.expx_stack_canary_fails
                0x22001d34        0x4 ./src/harness.o
                0x22001d34                expx_stack_canary_fails
 .data.expx_timing_mismatch
                0x22001d38        0x4 ./src/harness.o
                0x22001d38                expx_timing_mismatch
 .data.expx_smoke_fails
                0x22001d3c        0x4 ./src/harness.o
                0x22001d3c                expx_smoke_fails
 .data.expx_byte_mismatch
                0x22001d40        0x4 ./src/harness.o
                0x22001d40                expx_byte_mismatch
 .data.mlkem_smoke_fails
                0x22001d44        0x4 ./src/harness.o
                0x22001d44                mlkem_smoke_fails
 *(vtable)
                0x22001d48                        __ram_from_flash$$Limit = .

.tm_clone_table
                0x22001d48        0x0 load address 0x0200c668
 .tm_clone_table
                0x22001d48        0x0 C:/Renesas/RA/e2studio_v2026-04.2_fsp_v6.5.0/toolchains/gcc_arm/13.2.rel1/bin/../lib/gcc/arm-none-eabi/13.2.1/thumb/v8-m.main+dp/hard/crtbegin.o
 .tm_clone_table
                0x22001d48        0x0 C:/Renesas/RA/e2studio_v2026-04.2_fsp_v6.5.0/toolchains/gcc_arm/13.2.rel1/bin/../lib/gcc/arm-none-eabi/13.2.1/thumb/v8-m.main+dp/hard/crtend.o

.igot.plt       0x22001d48        0x0 load address 0x0200c668
 .igot.plt      0x22001d48        0x0 C:/Renesas/RA/e2studio_v2026-04.2_fsp_v6.5.0/toolchains/gcc_arm/13.2.rel1/bin/../lib/gcc/arm-none-eabi/13.2.1/thumb/v8-m.main+dp/hard/crtbegin.o

__ram_noinit_nocache$$
                0x22001d60        0x0 load address 0x0200c680
                0x22001d60                        __ram_noinit_nocache$$Base = .
 *(.ram_noinit_nocache)
                0x22001d60                        __ram_noinit_nocache$$Limit = .

__ram_zero_nocache$$
                0x22001d48       0x18 load address 0x0200c668
                0x22001d48                        __ram_zero_nocache$$Base = .
 *(.bss.*_fsp_nocache)
 *(.ram_nocache)
                0x22001d60                        . = ALIGN (0x20)
 *fill*         0x22001d48       0x18 
                0x22001d60                        __ram_zero_nocache$$Limit = .

__ram_noinit$$  0x22001d60      0x42c load address 0x0200c668
                0x22001d60                        __ram_noinit$$Base = .
 *(.bss.g_heap)
 *(.bss.g_main_stack)
 .bss.g_main_stack
                0x22001d60      0x400 ./ra/fsp/src/bsp/cmsis/Device/RENESAS/Source/startup.o
                0x22001d60                g_main_stack
 *(.ram_noinit)
 .ram_noinit    0x22002160       0x2c ./ra/fsp/src/bsp/mcu/all/bsp_clocks.o
 *(.noinit)
                0x2200218c                        __ram_noinit$$Limit = .

__ram_zero$$    0x22002190    0x3590c load address 0x0200c668
                0x22002190                        __ram_zero$$Base = .
 *(.ram)
 *(.bss*)
 .bss.completed.1
                0x22002190        0x1 C:/Renesas/RA/e2studio_v2026-04.2_fsp_v6.5.0/toolchains/gcc_arm/13.2.rel1/bin/../lib/gcc/arm-none-eabi/13.2.1/thumb/v8-m.main+dp/hard/crtbegin.o
 *fill*         0x22002191        0x3 
 .bss.object.0  0x22002194       0x18 C:/Renesas/RA/e2studio_v2026-04.2_fsp_v6.5.0/toolchains/gcc_arm/13.2.rel1/bin/../lib/gcc/arm-none-eabi/13.2.1/thumb/v8-m.main+dp/hard/crtbegin.o
 .bss.mlkem_invntt_observe
                0x220021ac        0x4 ./src/mlkem/ntt.o
                0x220021ac                mlkem_invntt_observe
 .bss.mlkem_invntt_alignment_offsets
                0x220021b0        0x4 ./src/mlkem/ntt.o
                0x220021b0                mlkem_invntt_alignment_offsets
 .bss.mlkem_invntt_mode
                0x220021b4        0x4 ./src/mlkem/ntt.o
                0x220021b4                mlkem_invntt_mode
 .bss.mlkem_ntt_alignment_offsets
                0x220021b8        0x4 ./src/mlkem/ntt.o
                0x220021b8                mlkem_ntt_alignment_offsets
 .bss.mlkem_ntt_mode
                0x220021bc        0x4 ./src/mlkem/ntt.o
                0x220021bc                mlkem_ntt_mode
 .bss.bufb.0    0x220021c0      0x3c0 ./src/mlkem/poly_mve.o
 .bss.pin.1     0x22002580      0x200 ./src/mlkem/poly_mve.o
 .bss.pb.2      0x22002780      0x200 ./src/mlkem/poly_mve.o
 .bss.pa.3      0x22002980      0x200 ./src/mlkem/poly_mve.o
 .bss.bufa.4    0x22002b80      0x3c0 ./src/mlkem/poly_mve.o
 .bss.aj_lcg_state
                0x22002f40        0x4 ./src/mlkem/poly_mve.o
 .bss.mlkem_c9_mode
                0x22002f44        0x4 ./src/mlkem/poly_mve.o
                0x22002f44                mlkem_c9_mode
 .bss.g_keccak_perm_calls
                0x22002f48        0x4 ./src/keccak/fips202.o
                0x22002f48                g_keccak_perm_calls
 .bss.g_u_dummy_steps
                0x22002f4c        0x4 ./src/fiat_x25519.o
                0x22002f4c                g_u_dummy_steps
 .bss.g_u_real_steps
                0x22002f50        0x4 ./src/fiat_x25519.o
                0x22002f50                g_u_real_steps
 .bss.job_failures
                0x22002f54        0x4 ./src/fiat_x25519.o
 .bss.job_cursor
                0x22002f58        0x4 ./src/fiat_x25519.o
 .bss.job_count
                0x22002f5c        0x4 ./src/fiat_x25519.o
 .bss.expaw_slot
                0x22002f60        0x4 ./src/harness.o
 .bss.expaw_mode
                0x22002f64        0x4 ./src/harness.o
 .bss.expaw_checks
                0x22002f68        0x4 ./src/harness.o
                0x22002f68                expaw_checks
 .bss.expau_ct_slot
                0x22002f6c        0x4 ./src/harness.o
 .bss.expau_ct_high
                0x22002f70        0x4 ./src/harness.o
 .bss.expau_ct_kind
                0x22002f74        0x4 ./src/harness.o
 .bss.expau_slot
                0x22002f78        0x4 ./src/harness.o
 .bss.expau_kind
                0x22002f7c        0x4 ./src/harness.o
 .bss.expau_checks
                0x22002f80        0x4 ./src/harness.o
                0x22002f80                expau_checks
 .bss.expat_slot
                0x22002f84        0x4 ./src/harness.o
 .bss.expat_idx
                0x22002f88        0x4 ./src/harness.o
 .bss.expat_n   0x22002f8c        0x4 ./src/harness.o
 .bss.expat_kind
                0x22002f90        0x4 ./src/harness.o
 .bss.expat_checks
                0x22002f94        0x4 ./src/harness.o
                0x22002f94                expat_checks
 *fill*         0x22002f98        0x8 
 .bss.expat_tab_ram
                0x22002fa0      0x600 ./src/harness.o
 .bss.expan_checks
                0x220035a0        0x4 ./src/harness.o
                0x220035a0                expan_checks
 .bss.expamb_micro_kind
                0x220035a4        0x4 ./src/harness.o
 .bss.expamb_micro_slot
                0x220035a8        0x4 ./src/harness.o
 .bss.expamb_kind
                0x220035ac        0x4 ./src/harness.o
 .bss.expamb_slot
                0x220035b0        0x4 ./src/harness.o
 *fill*         0x220035b4        0x4 
 .bss.expamb_sem
                0x220035b8       0x30 ./src/harness.o
                0x220035b8                expamb_sem
 .bss.expamb_checks
                0x220035e8        0x4 ./src/harness.o
                0x220035e8                expamb_checks
 .bss.expam_micro_kind
                0x220035ec        0x4 ./src/harness.o
 .bss.expam_micro_slot
                0x220035f0        0x4 ./src/harness.o
 .bss.expam_bench_kind
                0x220035f4        0x4 ./src/harness.o
 .bss.expam_bench_slot
                0x220035f8        0x4 ./src/harness.o
 .bss.expam_rng
                0x220035fc        0x4 ./src/harness.o
 .bss.expam_checks
                0x22003600        0x4 ./src/harness.o
                0x22003600                expam_checks
 .bss.expam_ct_delta
                0x22003604        0x4 ./src/harness.o
                0x22003604                expam_ct_delta
 .bss.expal_bench_slot_base
                0x22003608        0x4 ./src/harness.o
 .bss.expal_bench_c9
                0x2200360c        0x4 ./src/harness.o
 .bss.expal_bench_xyc8
                0x22003610        0x4 ./src/harness.o
 .bss.expaj_bench_slot_base
                0x22003614        0x4 ./src/harness.o
 .bss.expaj_bench_mode
                0x22003618        0x4 ./src/harness.o
 .bss.expaj_stack_highwater
                0x2200361c        0x4 ./src/harness.o
                0x2200361c                expaj_stack_highwater
 .bss.expai_mismatch
                0x22003620        0x4 ./src/harness.o
 .bss.expai_bench_slot
                0x22003624        0x4 ./src/harness.o
 .bss.expai_bench_mode
                0x22003628        0x4 ./src/harness.o
 .bss.expaf_dummy_steps
                0x2200362c        0xc ./src/harness.o
 .bss.expaf_real_steps
                0x22003638        0xc ./src/harness.o
 .bss.expaf_u8_rounds
                0x22003644        0xc ./src/harness.o
 .bss.expaf_u4_rounds
                0x22003650        0xc ./src/harness.o
 .bss.expaf_mismatch
                0x2200365c        0x4 ./src/harness.o
 .bss.expaf_bench_slot
                0x22003660        0x4 ./src/harness.o
 .bss.expaf_bench_mode
                0x22003664        0x4 ./src/harness.o
 .bss.expac_bench_slot_base
                0x22003668        0x4 ./src/harness.o
 .bss.expac_bench_mode
                0x2200366c        0x4 ./src/harness.o
 .bss.expab_bench_slot_base
                0x22003670        0x4 ./src/harness.o
 .bss.expab_bench_mode
                0x22003674        0x4 ./src/harness.o
 .bss.expaa_bench_slot_base
                0x22003678        0x4 ./src/harness.o
 .bss.expaa_bench_fwd_mode
                0x2200367c        0x4 ./src/harness.o
 .bss.expz_bench_slot_base
                0x22003680        0x4 ./src/harness.o
 .bss.expz_bench_mode
                0x22003684        0x4 ./src/harness.o
 .bss.expy_bench_slot_base
                0x22003688        0x4 ./src/harness.o
 .bss.expy_bench_inv_mode
                0x2200368c        0x4 ./src/harness.o
 .bss.expx_bench_slot_base
                0x22003690        0x4 ./src/harness.o
 .bss.expx_bench_mode
                0x22003694        0x4 ./src/harness.o
 .bss.mlkem_x06_mode
                0x22003698        0x4 ./src/harness.o
                0x22003698                mlkem_x06_mode
 .bss.expac_stack_highwater
                0x2200369c        0x4 ./src/harness.o
                0x2200369c                expac_stack_highwater
 .bss.expab_stack_highwater
                0x220036a0        0x4 ./src/harness.o
                0x220036a0                expab_stack_highwater
 .bss.expaa_fwd_align_candidate
                0x220036a4        0x4 ./src/harness.o
                0x220036a4                expaa_fwd_align_candidate
 .bss.expaa_fwd_align_baseline
                0x220036a8        0x4 ./src/harness.o
                0x220036a8                expaa_fwd_align_baseline
 .bss.expaa_stack_highwater
                0x220036ac        0x4 ./src/harness.o
                0x220036ac                expaa_stack_highwater
 .bss.expz_inv_align_candidate
                0x220036b0        0x4 ./src/harness.o
                0x220036b0                expz_inv_align_candidate
 .bss.expz_inv_align_baseline
                0x220036b4        0x4 ./src/harness.o
                0x220036b4                expz_inv_align_baseline
 .bss.expz_fwd_align_candidate
                0x220036b8        0x4 ./src/harness.o
                0x220036b8                expz_fwd_align_candidate
 .bss.expz_fwd_align_baseline
                0x220036bc        0x4 ./src/harness.o
                0x220036bc                expz_fwd_align_baseline
 .bss.expz_stack_highwater
                0x220036c0        0x4 ./src/harness.o
                0x220036c0                expz_stack_highwater
 .bss.expy_stack_highwater
                0x220036c4        0x4 ./src/harness.o
                0x220036c4                expy_stack_highwater
 .bss.expy_align_candidate
                0x220036c8        0x4 ./src/harness.o
                0x220036c8                expy_align_candidate
 .bss.expy_align_baseline
                0x220036cc        0x4 ./src/harness.o
                0x220036cc                expy_align_baseline
 .bss.expx_align_candidate
                0x220036d0        0x4 ./src/harness.o
                0x220036d0                expx_align_candidate
 .bss.expx_align_baseline
                0x220036d4        0x4 ./src/harness.o
                0x220036d4                expx_align_baseline
 .bss.expx_stack_highwater
                0x220036d8        0x4 ./src/harness.o
                0x220036d8                expx_stack_highwater
 .bss.kc_combiner
                0x220036dc        0x4 ./src/harness.o
                0x220036dc                kc_combiner
 .bss.kc_decaps
                0x220036e0        0x4 ./src/harness.o
                0x220036e0                kc_decaps
 .bss.kc_encaps
                0x220036e4        0x4 ./src/harness.o
                0x220036e4                kc_encaps
 .bss.kc_keygen
                0x220036e8        0x4 ./src/harness.o
                0x220036e8                kc_keygen
 *fill*         0x220036ec        0x4 
 .bss.rep_cyc   0x220036f0    0x32320 ./src/harness.o
                0x220036f0                rep_cyc
 .bss.log_buf   0x22035a10     0x2000 ./src/harness.o
                0x22035a10                log_buf
 .bss.log_len   0x22037a10        0x4 ./src/harness.o
                0x22037a10                log_len
 .bss.harness_fails
                0x22037a14        0x4 ./src/harness.o
                0x22037a14                harness_fails
 .bss.harness_done
                0x22037a18        0x4 ./src/harness.o
                0x22037a18                harness_done
 .bss.x25519b_cyc_inv
                0x22037a1c        0x4 ./src/x25519_base.o
                0x22037a1c                x25519b_cyc_inv
 .bss.x25519b_cyc_recode
                0x22037a20        0x4 ./src/x25519_base.o
                0x22037a20                x25519b_cyc_recode
 .bss.x25519b_cyc_madd
                0x22037a24        0x4 ./src/x25519_base.o
                0x22037a24                x25519b_cyc_madd
 .bss.x25519b_cyc_select
                0x22037a28        0x4 ./src/x25519_base.o
                0x22037a28                x25519b_cyc_select
 .bss.x25519b_prof
                0x22037a2c        0x4 ./src/x25519_base.o
                0x22037a2c                x25519b_prof
 .bss.g_u8_round_calls
                0x22037a30        0x4 ./src/keccakx4.o
                0x22037a30                g_u8_round_calls
 .bss.g_u4_round_calls
                0x22037a34        0x4 ./src/keccakx4.o
                0x22037a34                g_u4_round_calls
 .bss.g_u_mve_block
                0x22037a38        0x4 ./src/keccakx4.o
                0x22037a38                g_u_mve_block
 .bss.mlkem_keccakx4_mode
                0x22037a3c        0x4 ./src/keccakx4.o
                0x22037a3c                mlkem_keccakx4_mode
 .bss.g_ioport_ctrl
                0x22037a40        0x8 ./ra_gen/common_data.o
                0x22037a40                g_ioport_ctrl
 .bss.g_bsp_group_irq_sources
                0x22037a48       0x40 ./ra/fsp/src/bsp/mcu/all/bsp_group_irq.o
                0x22037a48                g_bsp_group_irq_sources
 .bss.g_protect_pfswe_counter
                0x22037a88        0x4 ./ra/fsp/src/bsp/mcu/all/bsp_io.o
                0x22037a88                g_protect_pfswe_counter
 .bss.g_protect_counters
                0x22037a8c        0xa ./ra/fsp/src/bsp/mcu/all/bsp_register_protection.o
                0x22037a8c                g_protect_counters
 *fill*         0x22037a96        0x2 
 .bss.SystemCoreClock
                0x22037a98        0x4 ./ra/fsp/src/bsp/cmsis/Device/RENESAS/Source/system.o
                0x22037a98                SystemCoreClock
                0x22037a9c                        __ram_zero$$Limit = .

__ram_thread_stack$$
                0x22037aa0        0x0 load address 0x0200c668
                0x22037aa0                        __ram_thread_stack$$Base = .
 *(.stack?*)
                0x22037aa0                        __ram_thread_stack$$Limit = .

.ram.endof      0x22037c00        0x0
                0x22037c00                        __ddsc_RAM_END = .

.ram.flat_nsc   0x22037c00        0x0
                0x22037c00                        __ddsc_RAM_NSC = .

__flash_readonly$$
                0x0200c670    0xaca04
                0x0200c670                        __flash_readonly$$Base = .
 *(.flash)
 *(.flash_code)
 *(.text*)
 .text.deregister_tm_clones
                0x0200c670       0x1c C:/Renesas/RA/e2studio_v2026-04.2_fsp_v6.5.0/toolchains/gcc_arm/13.2.rel1/bin/../lib/gcc/arm-none-eabi/13.2.1/thumb/v8-m.main+dp/hard/crtbegin.o
 .text.register_tm_clones
                0x0200c68c       0x28 C:/Renesas/RA/e2studio_v2026-04.2_fsp_v6.5.0/toolchains/gcc_arm/13.2.rel1/bin/../lib/gcc/arm-none-eabi/13.2.1/thumb/v8-m.main+dp/hard/crtbegin.o
 .text.__do_global_dtors_aux
                0x0200c6b4       0x28 C:/Renesas/RA/e2studio_v2026-04.2_fsp_v6.5.0/toolchains/gcc_arm/13.2.rel1/bin/../lib/gcc/arm-none-eabi/13.2.1/thumb/v8-m.main+dp/hard/crtbegin.o
 .text.frame_dummy
                0x0200c6dc       0x24 C:/Renesas/RA/e2studio_v2026-04.2_fsp_v6.5.0/toolchains/gcc_arm/13.2.rel1/bin/../lib/gcc/arm-none-eabi/13.2.1/thumb/v8-m.main+dp/hard/crtbegin.o
 .text.cbd      0x0200c700       0x70 ./src/mlkem/cbd.o
                0x0200c700                cbd
 .text.indcpa_keypair_derand
                0x0200c770      0x14c ./src/mlkem/indcpa.o
                0x0200c770                indcpa_keypair_derand
 .text.indcpa_enc
                0x0200c8bc      0x164 ./src/mlkem/indcpa.o
                0x0200c8bc                indcpa_enc
 .text.indcpa_enc_cmp
                0x0200ca20      0x184 ./src/mlkem/indcpa.o
                0x0200ca20                indcpa_enc_cmp
 .text.indcpa_dec
                0x0200cba4       0x94 ./src/mlkem/indcpa.o
                0x0200cba4                indcpa_dec
 .text.crypto_kem_keypair
                0x0200cc38       0x68 ./src/mlkem/kem.o
                0x0200cc38                crypto_kem_keypair
 .text.crypto_kem_enc
                0x0200cca0       0x6c ./src/mlkem/kem.o
                0x0200cca0                crypto_kem_enc
 .text.crypto_kem_dec
                0x0200cd0c       0x7c ./src/mlkem/kem.o
                0x0200cd0c                crypto_kem_dec
 .text.xof_batch3
                0x0200cd88       0xe0 ./src/mlkem/matacc.o
 .text.matacc_cache32
                0x0200ce68      0x190 ./src/mlkem/matacc.o
                0x0200ce68                matacc_cache32
 .text.matacc_opt32
                0x0200cff8      0x16c ./src/mlkem/matacc.o
                0x0200cff8                matacc_opt32
 .text.ntt      0x0200d164       0x50 ./src/mlkem/ntt.o
                0x0200d164                ntt
 .text.invntt   0x0200d1b4       0x74 ./src/mlkem/ntt.o
                0x0200d1b4                invntt
 .text.poly_compress
                0x0200d228       0xb0 ./src/mlkem/poly.o
                0x0200d228                poly_compress
 .text.poly_decompress
                0x0200d2d8       0xc8 ./src/mlkem/poly.o
                0x0200d2d8                poly_decompress
 .text.poly_packcompress
                0x0200d3a0       0xc8 ./src/mlkem/poly.o
                0x0200d3a0                poly_packcompress
 .text.poly_unpackdecompress
                0x0200d468       0xac ./src/mlkem/poly.o
                0x0200d468                poly_unpackdecompress
 .text.cmp_poly_compress
                0x0200d514       0xcc ./src/mlkem/poly.o
                0x0200d514                cmp_poly_compress
 .text.cmp_poly_packcompress
                0x0200d5e0       0xfc ./src/mlkem/poly.o
                0x0200d5e0                cmp_poly_packcompress
 .text.poly_tobytes
                0x0200d6dc       0x58 ./src/mlkem/poly.o
                0x0200d6dc                poly_tobytes
 .text.poly_frombytes
                0x0200d734       0x48 ./src/mlkem/poly.o
                0x0200d734                poly_frombytes
 .text.poly_frombytes_mul_16_32
                0x0200d77c        0xc ./src/mlkem/poly.o
                0x0200d77c                poly_frombytes_mul_16_32
 .text.poly_frombytes_mul_32_32
                0x0200d788        0xc ./src/mlkem/poly.o
                0x0200d788                poly_frombytes_mul_32_32
 .text.poly_frombytes_mul_32_16
                0x0200d794       0x18 ./src/mlkem/poly.o
                0x0200d794                poly_frombytes_mul_32_16
 .text.poly_noise
                0x0200d7ac       0x28 ./src/mlkem/poly.o
                0x0200d7ac                poly_noise
 .text.poly_basemul_opt_16_32
                0x0200d7d4        0x4 ./src/mlkem/poly.o
                0x0200d7d4                poly_basemul_opt_16_32
 .text.poly_basemul_acc_opt_32_32
                0x0200d7d8        0x4 ./src/mlkem/poly.o
                0x0200d7d8                poly_basemul_acc_opt_32_32
 .text.poly_basemul_acc_opt_32_16
                0x0200d7dc        0x4 ./src/mlkem/poly.o
                0x0200d7dc                poly_basemul_acc_opt_32_16
 .text.poly_ntt
                0x0200d7e0        0x4 ./src/mlkem/poly.o
                0x0200d7e0                poly_ntt
 .text.poly_invntt
                0x0200d7e4        0x4 ./src/mlkem/poly.o
                0x0200d7e4                poly_invntt
 .text.poly_reduce
                0x0200d7e8        0x4 ./src/mlkem/poly.o
                0x0200d7e8                poly_reduce
 .text.poly_add
                0x0200d7ec        0x4 ./src/mlkem/poly.o
                0x0200d7ec                poly_add
 .text.poly_sub
                0x0200d7f0        0x4 ./src/mlkem/poly.o
                0x0200d7f0                poly_sub
 .text.poly_frommsg
                0x0200d7f4       0x58 ./src/mlkem/poly.o
                0x0200d7f4                poly_frommsg
 .text.poly_tomsg
                0x0200d84c       0x68 ./src/mlkem/poly.o
                0x0200d84c                poly_tomsg
 .text.mve_quant10
                0x0200d8b4       0x60 ./src/mlkem/poly_mve.o
 .text.mve_poly_packcompress_v1
                0x0200d914       0x6c ./src/mlkem/poly_mve.o
 .text.mve_cmp_poly_packcompress_v1
                0x0200d980       0x8c ./src/mlkem/poly_mve.o
 .text.mve_quant4
                0x0200da0c       0x5c ./src/mlkem/poly_mve.o
 .text.mve_poly_compress_v1
                0x0200da68       0x34 ./src/mlkem/poly_mve.o
 .text.mve_cmp_poly_compress_v1
                0x0200da9c       0x3c ./src/mlkem/poly_mve.o
 .text.mve_poly_compress_v2
                0x0200dad8       0x38 ./src/mlkem/poly_mve.o
 .text.mve_cmp_poly_compress_v2
                0x0200db10       0x5c ./src/mlkem/poly_mve.o
 .text.mve_poly_packcompress_v2
                0x0200db6c      0x200 ./src/mlkem/poly_mve.o
 .text.mve_cmp_poly_packcompress_v2
                0x0200dd6c      0x28c ./src/mlkem/poly_mve.o
 .text.mve_cbd  0x0200dff8       0x80 ./src/mlkem/poly_mve.o
                0x0200dff8                mve_cbd
 .text.mve_poly_tobytes
                0x0200e078       0x88 ./src/mlkem/poly_mve.o
                0x0200e078                mve_poly_tobytes
 .text.mve_poly_frombytes
                0x0200e100       0x78 ./src/mlkem/poly_mve.o
                0x0200e100                mve_poly_frombytes
 .text.mve_poly_unpackdecompress
                0x0200e178      0x19c ./src/mlkem/poly_mve.o
                0x0200e178                mve_poly_unpackdecompress
 .text.mve_poly_packcompress
                0x0200e314       0x14 ./src/mlkem/poly_mve.o
                0x0200e314                mve_poly_packcompress
 .text.mve_cmp_poly_packcompress
                0x0200e328       0x14 ./src/mlkem/poly_mve.o
                0x0200e328                mve_cmp_poly_packcompress
 .text.mve_poly_compress
                0x0200e33c       0x14 ./src/mlkem/poly_mve.o
                0x0200e33c                mve_poly_compress
 .text.mve_cmp_poly_compress
                0x0200e350       0x14 ./src/mlkem/poly_mve.o
                0x0200e350                mve_cmp_poly_compress
 .text.mve_poly_decompress
                0x0200e364       0x7c ./src/mlkem/poly_mve.o
                0x0200e364                mve_poly_decompress
 .text.mve_poly_tomsg
                0x0200e3e0       0xb8 ./src/mlkem/poly_mve.o
                0x0200e3e0                mve_poly_tomsg
 .text.mve_poly_frommsg
                0x0200e498       0x78 ./src/mlkem/poly_mve.o
                0x0200e498                mve_poly_frommsg
 .text.mve_c9_selftest
                0x0200e510      0x8f4 ./src/mlkem/poly_mve.o
                0x0200e510                mve_c9_selftest
 .text.polyvec_tobytes
                0x0200ee04       0x28 ./src/mlkem/polyvec.o
                0x0200ee04                polyvec_tobytes
 .text.polyvec_ntt
                0x0200ee2c       0x1c ./src/mlkem/polyvec.o
                0x0200ee2c                polyvec_ntt
 .text.PQCLEAN_randombytes_reset
                0x0200ee48        0xc ./src/mlkem/randombytes_det.o
                0x0200ee48                PQCLEAN_randombytes_reset
 .text.PQCLEAN_randombytes
                0x0200ee54       0x34 ./src/mlkem/randombytes_det.o
                0x0200ee54                PQCLEAN_randombytes
 .text.kyber_shake128_absorb
                0x0200ee88       0x4c ./src/mlkem/symmetric-fips202.o
                0x0200ee88                kyber_shake128_absorb
 .text.kyber_shake256_prf
                0x0200eed4       0x48 ./src/mlkem/symmetric-fips202.o
                0x0200eed4                kyber_shake256_prf
 .text.kyber_shake256_rkprf
                0x0200ef1c       0x40 ./src/mlkem/symmetric-fips202.o
                0x0200ef1c                kyber_shake256_rkprf
 .text.cmov     0x0200ef5c       0x30 ./src/mlkem/verify.o
                0x0200ef5c                cmov
 .text.keccak_inc_finalize
                0x0200ef8c       0x5c ./src/keccak/fips202.o
 .text.keccak_inc_absorb
                0x0200efe8       0x88 ./src/keccak/fips202.o
 .text.keccak_absorb
                0x0200f070       0x90 ./src/keccak/fips202.o
 .text.keccak_inc_squeeze
                0x0200f100       0xa0 ./src/keccak/fips202.o
 .text.shake256_inc_init
                0x0200f1a0       0x18 ./src/keccak/fips202.o
                0x0200f1a0                shake256_inc_init
 .text.shake256_inc_absorb
                0x0200f1b8        0xc ./src/keccak/fips202.o
                0x0200f1b8                shake256_inc_absorb
 .text.shake256_inc_finalize
                0x0200f1c4       0x5c ./src/keccak/fips202.o
                0x0200f1c4                shake256_inc_finalize
 .text.shake256_inc_squeeze
                0x0200f220        0x8 ./src/keccak/fips202.o
                0x0200f220                shake256_inc_squeeze
 .text.shake256_inc_ctx_release
                0x0200f228        0x4 ./src/keccak/fips202.o
                0x0200f228                shake256_inc_ctx_release
 .text.shake128_absorb
                0x0200f22c       0x28 ./src/keccak/fips202.o
                0x0200f22c                shake128_absorb
 .text.shake128_squeezeblocks
                0x0200f254       0x34 ./src/keccak/fips202.o
                0x0200f254                shake128_squeezeblocks
 .text.shake128
                0x0200f288       0x44 ./src/keccak/fips202.o
                0x0200f288                shake128
 .text.shake256
                0x0200f2cc       0x44 ./src/keccak/fips202.o
                0x0200f2cc                shake256
 .text.sha3_256
                0x0200f310       0x4c ./src/keccak/fips202.o
                0x0200f310                sha3_256
 .text.sha3_512
                0x0200f35c       0x4c ./src/keccak/fips202.o
                0x0200f35c                sha3_512
 *fill*         0x0200f3a8        0x8 
 .text          0x0200f3b0      0x768 ./src/gen/bmid_board.o
                0x0200f3b0                bmid_seq
                0x0200f620                bmid_zip
                0x0200f890                bmid_slothy
 *fill*         0x0200fb18        0x8 
 .text          0x0200fb20     0x22cc ./src/gen/expc_board.o
                0x0200fb20                expc_seq
                0x02010c80                expc_slothy
 *fill*         0x02011dec        0x4 
 .text          0x02011df0     0x2080 ./src/gen/expd_board.o
                0x02011df0                expd_seq
                0x02012e30                expd_slothy
 .text          0x02013e70     0x4af8 ./src/gen/expe_board.o
                0x02013e70                expe_seq
                0x020163e0                expe_slothy
 *fill*         0x02018968        0x8 
 .text          0x02018970     0x26b8 ./src/gen/expf_board.o
                0x02018970                coissue_slothy
                0x02019cd0                coissue_slothy2
 *fill*         0x0201b028        0x8 
 .text          0x0201b030    0x1bf28 ./src/gen/expj_board.o
                0x0201b030                expj_seq
                0x0201bfb0                expj_stitch
                0x0201cf30                expj_stitch2
                0x0201deb0                expk_seq
                0x02020ca0                expk_coarse
                0x02023a90                expk_stitch
                0x02026880                expm_seq
                0x02029fa0                expm_stitch
                0x0202d6c0                expm_stitch2
                0x02030de0                expm4_seq
                0x02032e60                expm4_stitch
                0x02034ee0                expm4_stitch2
 *fill*         0x02036f58        0x8 
 .text          0x02036f60     0x1004 ./src/gen/expjsolo_board.o
                0x02036f60                expj_a
                0x02037550                expj_b
                0x02037f20                expj_loop
 *fill*         0x02037f64        0xc 
 .text          0x02037f70     0x395c ./src/gen/expl_board.o
                0x02037f70                expl_ntt
                0x02038900                expl_zip
                0x02039c20                expl_sntt
                0x0203a5b0                expl_szip
 *fill*         0x0203b8cc        0x4 
 .text          0x0203b8d0     0xe7e8 ./src/gen/expn_board.o
                0x0203b8d0                pairn_veor
                0x0203c290                pairn_veor_zip
                0x0203d5e0                pairn_ldr
                0x0203dfa0                pairn_ldr_zip
                0x0203f2f0                pairn_str
                0x0203fcb0                pairn_str_zip
                0x02041000                pairn_rot
                0x020419c0                pairn_rot_zip
                0x02042d10                pairn2_ldr
                0x020449f0                pairn2_str
                0x020466d0                pairn2_rot
                0x020483b0                pairn_lsmix
                0x02048d70                pairn_lsmix_zip
 *fill*         0x0204a0b8        0x8 
 .text          0x0204a0c0     0x57f4 ./src/gen/expp_board.o
                0x0204a0c0                pairp_vec
                0x0204aa80                pairp_s0
                0x0204af80                pairp_s0_zip
                0x0204be10                pairp_s1
                0x0204c310                pairp_s1_zip
                0x0204d1a0                pairp_s2
                0x0204d6a0                pairp_s2_zip
                0x0204e530                pairp_s3
                0x0204ea30                pairp_s3_zip
 *fill*         0x0204f8b4        0xc 
 .text          0x0204f8c0     0x384c ./src/gen/expq_board.o
                0x0204f8c0                expq_b
                0x02050290                expq_stitch
                0x02051210                expq_stitch2
                0x02052190                expq_seq
 *fill*         0x0205310c        0x4 
 .text          0x02053110     0xcef0 ./src/gen/expt_board.o
                0x02053110                expt_fiat
                0x02053650                expt_b0
                0x02054040                expt_seq
                0x02054f50                expt_stitch
                0x02055e60                expt_m8_seq
                0x020590f0                expt_m8_stitch
                0x0205c380                expt_m4_seq
                0x0205e1c0                expt_m4_stitch
 .text          0x02060000    0x26c90 ./src/gen/expu_board.o
                0x02060000                expu_y10
                0x02060560                expu_y11
                0x02060aa0                expu_lo10_b1
                0x02061490                expu_lo10_seq
                0x020623c0                expu_lo10_stitch
                0x020632f0                expu_lo10_m4_seq
                0x020651c0                expu_lo10_m4_stitch
                0x02067090                expu_lo10_m8_seq
                0x0206a440                expu_lo10_m8_stitch
                0x0206d7f0                expu_lo11_b1
                0x0206e1e0                expu_lo11_seq
                0x0206f0f0                expu_lo11_stitch
                0x02070000                expu_lo11_m4_seq
                0x02071e60                expu_lo11_m4_stitch
                0x02073cc0                expu_lo11_m8_seq
                0x02076f80                expu_lo11_m8_stitch
                0x0207a240                expu_hi11_b1
                0x0207ac30                expu_hi11_seq
                0x0207bb40                expu_hi11_stitch
                0x0207ca50                expu_hi11_m4_seq
                0x0207e8b0                expu_hi11_m4_stitch
                0x02080710                expu_hi11_m8_seq
                0x020839d0                expu_hi11_m8_stitch
 .text.fiat_u_stitch
                0x02086c90     0x5898 ./src/gen/fiat_u_stitch_m85.o
                0x02086c90                fiat_mul_y11_scalar
                0x020871a0                fiat_mul_u4_p0
                0x02087960                fiat_mul_u4_p1
                0x02088120                fiat_mul_u4_p2
                0x020888e0                fiat_mul_u4_p3
                0x020890a0                fiat_mul_u8_p0
                0x02089720                fiat_mul_u8_p1
                0x02089db0                fiat_mul_u8_p2
                0x0208a440                fiat_mul_u8_p3
                0x0208aad0                fiat_mul_u8_p4
                0x0208b160                fiat_mul_u8_p5
                0x0208b7f0                fiat_mul_u8_p6
                0x0208be80                fiat_mul_u8_p7
                0x0208c504                fiat_u_qsave
                0x0208c516                fiat_u_qrestore
 .text          0x0208c528      0x5a0 ./src/gen/fiat_yield2.o
                0x0208c528                fiat_mul_yield2
 .text          0x0208cac8      0x580 ./src/gen/fiat_yield3.o
                0x0208cac8                fiat_mul_yield3
 *fill*         0x0208d048        0x8 
 .text          0x0208d050      0x9b4 ./src/gen/keccakx4_round_m85.o
                0x0208d050                keccak4_round_b2_rc
 .text          0x0208da04       0xa4 ./src/gen/mul256_budget.o
                0x0208da04                mul256_budget
 .text          0x0208daa8      0x618 ./src/gen/mul256_flat.o
                0x0208daa8                mul256_flat
 .text          0x0208e0c0       0x9c ./src/gen/mul256_full.o
                0x0208e0c0                mul256_full
 *fill*         0x0208e15c        0x4 
 .text          0x0208e160     0x6c94 ./src/gen/mvekeccak_board.o
                0x0208e160                keccak4_round_mve
                0x0208eb20                coissue_scalar
                0x0208f4e0                coissue_zip
                0x02090840                keccak4_mve3
                0x02091200                coissue3_zip
                0x02092550                keccak4_mve2
                0x02092f10                coissue2_zip
                0x02094260                pack4_lane
                0x02094830                unpack4_lane
 *fill*         0x02094df4        0xc 
 .text          0x02094e00       0xd0 ./src/gen/slothy_expa.o
                0x02094e00                slothy_expa_seq
                0x02094e68                slothy_expa_opt
 .text          0x02094ed0     0x5d04 ./src/gen/stitched.o
                0x02094ed0                mul256_theta_stitched
                0x02095690                theta_frag
                0x02095830                round_frag
                0x020965c0                mul256_round_stitched
                0x02097970                round6_frag
                0x02098390                mul256_round6_stitched
                0x02099460                mul2_round6_stitched
 .text.fiat_mul_ref
                0x0209abd4      0x4fc ./src/fiat/fiatref.o
                0x0209abd4                fiat_mul_ref
 .text.fiat_25519_carry_square
                0x0209b0d0      0x470 ./src/fiat_x25519.o
 .text.job_init
                0x0209b540      0x1b4 ./src/fiat_x25519.o
 .text.fe_cswap
                0x0209b6f4      0x1a0 ./src/fiat_x25519.o
 .text.job_finalize.part.0
                0x0209b894      0x340 ./src/fiat_x25519.o
 .text.job_step
                0x0209bbd4      0x734 ./src/fiat_x25519.o
 .text.curve25519_scalarmult_fiat
                0x0209c308       0x44 ./src/fiat_x25519.o
                0x0209c308                curve25519_scalarmult_fiat
 .text.fiat_x25519_queue_reset
                0x0209c34c       0x1c ./src/fiat_x25519.o
                0x0209c34c                fiat_x25519_queue_reset
 .text.fiat_x25519_enqueue
                0x0209c368       0x40 ./src/fiat_x25519.o
                0x0209c368                fiat_x25519_enqueue
 .text.fiat_x25519_step
                0x0209c3a8       0x84 ./src/fiat_x25519.o
                0x0209c3a8                fiat_x25519_step
 .text.fiat_x25519_finish_all
                0x0209c42c       0x48 ./src/fiat_x25519.o
                0x0209c42c                fiat_x25519_finish_all
 .text.fiat_x25519_queue_pending
                0x0209c474       0x30 ./src/fiat_x25519.o
                0x0209c474                fiat_x25519_queue_pending
 .text.fiat_x25519_failures
                0x0209c4a4        0xc ./src/fiat_x25519.o
                0x0209c4a4                fiat_x25519_failures
 .text.hal_entry
                0x0209c4b0       0xc8 ./src/hal_entry.o
                0x0209c4b0                hal_entry
 .text.R_BSP_WarmStart
                0x0209c578       0x18 ./src/hal_warmstart.o
                0x0209c578                R_BSP_WarmStart
 .text.run_on_stack
                0x0209c590       0x1c ./src/harness.o
 .text.expac_stack_check
                0x0209c5ac       0x58 ./src/harness.o
 .text.keccak_round_reference
                0x0209c604      0x234 ./src/harness.o
 .text.expaj_stack_check
                0x0209c838       0x58 ./src/harness.o
 .text.expam_frombytes
                0x0209c890       0x94 ./src/harness.o
 .text.expam_words_tobytes
                0x0209c924       0xe8 ./src/harness.o
 .text.expam_rand32
                0x0209ca0c       0x38 ./src/harness.o
 .text.fe_8x32_to_1025
                0x0209ca44       0xb8 ./src/harness.o
 .text.fe_words_tobytes
                0x0209cafc       0xe8 ./src/harness.o
 .text.bench_x25519
                0x0209cbe4       0x28 ./src/harness.o
 .text.expau_correctness
                0x0209cc0c      0x18c ./src/harness.o
 .text.expan_keypair
                0x0209cd98       0x84 ./src/harness.o
 .text.xwing_combine
                0x0209ce1c       0xd8 ./src/harness.o
 .text.expan_enc
                0x0209cef4       0xac ./src/harness.o
 .text.expan_dec
                0x0209cfa0       0x6c ./src/harness.o
 .text.mlkem_expaj_equivalence
                0x0209d00c      0x2f0 ./src/harness.o
 .text.mlkem_expaa_equivalence
                0x0209d2fc      0x314 ./src/harness.o
 .text.mlkem_expz_equivalence
                0x0209d610      0x34c ./src/harness.o
 .text.mlkem_expy_equivalence
                0x0209d95c      0x36c ./src/harness.o
 .text.mlkem_expx_equivalence
                0x0209dcc8      0x25c ./src/harness.o
 .text.mlkem_smoke
                0x0209df24       0xd0 ./src/harness.o
 .text.expaj_run_selftest
                0x0209dff4       0x10 ./src/harness.o
 .text.expam_tobytes
                0x0209e004      0x148 ./src/harness.o
 .text.fe_1025_to_8x32
                0x0209e14c      0x130 ./src/harness.o
 .text.expaf_check_outputs
                0x0209e27c       0x88 ./src/harness.o
 .text.bench_keccak
                0x0209e304       0x18 ./src/harness.o
 .text.expaf_enqueue
                0x0209e31c       0x54 ./src/harness.o
 .text.expat_select_scalar2.constprop.0
                0x0209e370       0x54 ./src/harness.o
 .text.expat_select_mve2.constprop.0
                0x0209e3c4       0xb8 ./src/harness.o
 .text.expat_select_mve.constprop.0
                0x0209e47c       0xe4 ./src/harness.o
 .text.expat_select_scalar.constprop.0
                0x0209e560       0x68 ./src/harness.o
 .text.expat_correctness
                0x0209e5c8      0x144 ./src/harness.o
 .text.expam_check.constprop.0
                0x0209e70c      0x210 ./src/harness.o
 .text.expam_correctness
                0x0209e91c      0x260 ./src/harness.o
 .text.theta_reference.constprop.0
                0x0209eb7c       0x48 ./src/harness.o
 .text.expw_rev4.constprop.0
                0x0209ebc4       0x78 ./src/harness.o
 .text.xwing_ac_dec.constprop.0
                0x0209ec3c       0xb4 ./src/harness.o
 .text.xwing_ac_enc.constprop.0
                0x0209ecf0      0x104 ./src/harness.o
 .text.xwing_ac_keypair.constprop.0
                0x0209edf4       0xd8 ./src/harness.o
 .text.expai_prepare
                0x0209eecc       0x18 ./src/harness.o
 .text.xwing_enc.constprop.0
                0x0209eee4       0x88 ./src/harness.o
 .text.xwing_keypair.constprop.0
                0x0209ef6c       0x80 ./src/harness.o
 .text.expamb_correctness
                0x0209efec      0x228 ./src/harness.o
 *fill*         0x0209f214        0x4 
 .text.expy_run_standalone_oracle
                0x0209f218      0x2f8 ./src/harness.o
 .text.xwing_expac_equivalence
                0x0209f510      0x308 ./src/harness.o
 .text.expac_primitive_kats
                0x0209f818      0x278 ./src/harness.o
 .text.uart_puts
                0x0209fa90       0x3c ./src/harness.o
 .text.uart_put_u32
                0x0209facc       0x74 ./src/harness.o
 .text.bench_calib_reps
                0x0209fb40       0x70 ./src/harness.o
 .text.bench_keccak_reps
                0x0209fbb0       0x78 ./src/harness.o
 .text.bench_x25519_reps
                0x0209fc28       0x88 ./src/harness.o
 .text.bench_combiner_reps
                0x0209fcb0       0x84 ./src/harness.o
 .text.expamb_micro_run
                0x0209fd34       0xb0 ./src/harness.o
 .text.expaf_prepare_refs
                0x0209fde4       0xf0 ./src/harness.o
 .text.expau_bench_run
                0x0209fed4      0x100 ./src/harness.o
 .text.expam_micro_run
                0x0209ffd4      0x358 ./src/harness.o
 .text.expat_bench_run
                0x020a032c      0x100 ./src/harness.o
 .text.expau_ct_run
                0x020a042c      0x110 ./src/harness.o
 .text.expau_attrib_run
                0x020a053c      0x120 ./src/harness.o
 .text.bench_expaf_path_reps
                0x020a065c      0x160 ./src/harness.o
 .text.expaw_bench_run
                0x020a07bc      0x1e0 ./src/harness.o
 .text.bench_expai_enc_reps
                0x020a099c      0x280 ./src/harness.o
 .text.bench_expan_reps
                0x020a0c1c      0x2e4 ./src/harness.o
 .text.bench_expx_mode_reps
                0x020a0f00      0x2ec ./src/harness.o
 .text.bench_expy_mode_reps
                0x020a11ec      0x304 ./src/harness.o
 .text.bench_expaa_mode_reps
                0x020a14f0      0x304 ./src/harness.o
 .text.bench_expz_mode_reps
                0x020a17f4      0x304 ./src/harness.o
 .text.bench_expaj_mlkem_reps
                0x020a1af8      0x310 ./src/harness.o
 .text.bench_expac_mode_reps
                0x020a1e08      0x304 ./src/harness.o
 .text.bench_expaj_xwing_reps
                0x020a210c      0x330 ./src/harness.o
 .text.bench_expab_mode_reps
                0x020a243c      0x32c ./src/harness.o
 .text.bench_expal_xwing_reps
                0x020a2768      0x354 ./src/harness.o
 .text.xwing_expal_equivalence
                0x020a2abc      0x344 ./src/harness.o
 .text.expaf_count_u_paths
                0x020a2e00      0x14c ./src/harness.o
 .text.expan_equivalence
                0x020a2f4c      0x2a0 ./src/harness.o
 .text.expaw_equivalence
                0x020a31ec      0x32c ./src/harness.o
 .text.xwing_expaj_equivalence
                0x020a3518      0x368 ./src/harness.o
 .text.xwing_expab_equivalence
                0x020a3880      0x350 ./src/harness.o
 .text.expam_bench_run
                0x020a3bd0      0x23c ./src/harness.o
 .text.expamb_bench_run
                0x020a3e0c      0x544 ./src/harness.o
 .text.expau_run_all
                0x020a4350      0x27c ./src/harness.o
 .text.expat_run_all
                0x020a45cc      0x378 ./src/harness.o
 .text.check    0x020a4944      0x124 ./src/harness.o
 .text.kat_run  0x020a4a68      0x1b8 ./src/harness.o
 .text.expamb_run_all
                0x020a4c20      0x488 ./src/harness.o
 .text.expam_run_all
                0x020a50a8      0x598 ./src/harness.o
 .text.perf_stop_report
                0x020a5640      0x370 ./src/harness.o
 .text.bench_stitch_reps
                0x020a59b0     0x502c ./src/harness.o
 .text.harness_main
                0x020aa9dc     0x253c ./src/harness.o
                0x020aa9dc                harness_main
 .text.curve25519_scalarmult_base
                0x020acf18      0x4d0 ./src/x25519_base.o
                0x020acf18                curve25519_scalarmult_base
 .text.pack4    0x020ad3e8       0x48 ./src/keccakx4.o
 .text.unpack4  0x020ad430       0x48 ./src/keccakx4.o
 .text.fused_round8
                0x020ad478       0x58 ./src/keccakx4.o
 .text.permute4
                0x020ad4d0       0xf4 ./src/keccakx4.o
 .text.absorb4  0x020ad5c4       0xd4 ./src/keccakx4.o
 .text.shake_x4
                0x020ad698       0xc0 ./src/keccakx4.o
 .text.x25519_u_bench_seq4
                0x020ad758       0x60 ./src/keccakx4.o
                0x020ad758                x25519_u_bench_seq4
 .text.x25519_u_bench_fused4
                0x020ad7b8       0x90 ./src/keccakx4.o
                0x020ad7b8                x25519_u_bench_fused4
 .text.x25519_u_bench_seq8
                0x020ad848       0x60 ./src/keccakx4.o
                0x020ad848                x25519_u_bench_seq8
 .text.x25519_u_bench_fused8
                0x020ad8a8       0x64 ./src/keccakx4.o
                0x020ad8a8                x25519_u_bench_fused8
 .text.shake128x4_absorb
                0x020ad90c       0x24 ./src/keccakx4.o
                0x020ad90c                shake128x4_absorb
 .text.shake128x4_squeezeblocks
                0x020ad930       0x50 ./src/keccakx4.o
                0x020ad930                shake128x4_squeezeblocks
 .text.shake128x4
                0x020ad980       0x34 ./src/keccakx4.o
                0x020ad980                shake128x4
 .text.shake256x4
                0x020ad9b4       0x34 ./src/keccakx4.o
                0x020ad9b4                shake256x4
 .text.x25519_u_queue_reset
                0x020ad9e8        0x4 ./src/keccakx4.o
                0x020ad9e8                x25519_u_queue_reset
 .text.x25519_u_enqueue
                0x020ad9ec        0x4 ./src/keccakx4.o
                0x020ad9ec                x25519_u_enqueue
 .text.x25519_u_finish_all
                0x020ad9f0        0x4 ./src/keccakx4.o
                0x020ad9f0                x25519_u_finish_all
 .text.x25519_u_queue_pending
                0x020ad9f4        0x4 ./src/keccakx4.o
                0x020ad9f4                x25519_u_queue_pending
 .text.x25519_u_failures
                0x020ad9f8        0x4 ./src/keccakx4.o
                0x020ad9f8                x25519_u_failures
 .text.startup.main
                0x020ad9fc        0xc ./ra_gen/main.o
                0x020ad9fc                main
 .text.bsp_vbatt_init
                0x020ada08       0xec ./ra/fsp/src/r_ioport/r_ioport.o
 .text.r_ioport_pins_config
                0x020adaf4       0xac ./ra/fsp/src/r_ioport/r_ioport.o
 .text.R_IOPORT_Open
                0x020adba0       0x14 ./ra/fsp/src/r_ioport/r_ioport.o
                0x020adba0                R_IOPORT_Open
 .text.SystemCoreClockUpdate
                0x020adbb4       0x8c ./ra/fsp/src/bsp/mcu/all/bsp_clocks.o
                0x020adbb4                SystemCoreClockUpdate
 .text.R_BSP_SubClockStabilizeWaitAfterReset
                0x020adc40        0x4 ./ra/fsp/src/bsp/mcu/all/bsp_clocks.o
                0x020adc40                R_BSP_SubClockStabilizeWaitAfterReset
 *fill*         0x020adc44        0x4 
 .text.bsp_clock_init
                0x020adc48      0x150 ./ra/fsp/src/bsp/mcu/all/bsp_clocks.o
                0x020adc48                bsp_clock_init
 .text.R_BSP_Init_RTC
                0x020add98       0xb0 ./ra/fsp/src/bsp/mcu/all/bsp_clocks.o