{"event": "CP_SAT_REPRO_CONFIG", "ortools_version": "9.15.6755", "python_hash_seed": "0", "slothy_commit": "241093fa5ddc1e21f75dd9f6588733bc3097872b", "slothy_config_sha256": "caa0e8f4f4e03162f7b96a2403484fad8d84cc5f33b01bf2b358b8a9488f2dda", "slothy_core_sha256": "61895ba74a726854f9c76fa9c02d83781500f1297622a1f62fa03d7d2c62431a", "solver_num_workers": 1, "solver_random_seed": 3}
INFO:slothy.start:SLOTHY version: unknown
INFO:slothy:Instructions in body: 156
INFO:slothy.start.split.0_39:Perform internal binary search for minimal number of stalls...
INFO:slothy.start.split.0_39:Attempt optimization with max 16 stalls...
INFO:slothy.start.split.0_39:Setting timeout of 300 seconds...
INFO:slothy.start.split.0_39:Objective: minimize cycles
INFO:slothy.start.split.0_39:Invoking external constraint solver (OR-Tools CP-SAT v9.15.6755, 1 threads) ...
INFO:slothy.start.split.0_39:INFEASIBLE, wall time: 0.012601 s
INFO:slothy.start.split.0_39:Attempt optimization with max 32 stalls...
INFO:slothy.start.split.0_39:Setting timeout of 300 seconds...
INFO:slothy.start.split.0_39:Objective: minimize cycles
INFO:slothy.start.split.0_39:Invoking external constraint solver (OR-Tools CP-SAT v9.15.6755, 1 threads) ...
INFO:slothy.start.split.0_39:[0.0452s]: Found 1 solutions so far... objective (minimize cycles): currently  (Cycles ~ 45.0, IPC ~ 0.87), bound  (Cycles ~ 40.0, IPC ~ 0.97)
INFO:slothy.start.split.0_39:[0.0535s]: Found 2 solutions so far... objective (minimize cycles): currently  (Cycles ~ 40.0, IPC ~ 0.97), bound  (Cycles ~ 40.0, IPC ~ 0.97)
INFO:slothy.start.split.0_39:Closer than 0 stalls to theoretical optimum... stop
INFO:slothy.start.split.0_39:OPTIMAL, wall time: 0.054317 s
INFO:slothy.start.split.0_39:Booleans in result: 151
INFO:slothy.start.split.0_39.selfcheck:OK!
WARNING:slothy-config:LLVM (llvm-mc, llvm-nm, llvm-readobj) not found, disabling selftest. Consider installing LLVM.
INFO:slothy.start.split.0_39:Minimum number of stalls: 20
INFO:slothy.start.split.39_78:Perform internal binary search for minimal number of stalls...
INFO:slothy.start.split.39_78:Attempt optimization with max 16 stalls...
INFO:slothy.start.split.39_78:Setting timeout of 300 seconds...
INFO:slothy.start.split.39_78:Objective: minimize cycles
INFO:slothy.start.split.39_78:Invoking external constraint solver (OR-Tools CP-SAT v9.15.6755, 1 threads) ...
INFO:slothy.start.split.39_78:[0.5026s]: Found 1 solutions so far... objective (minimize cycles): currently  (Cycles ~ 33.0, IPC ~ 1.18), bound  (Cycles ~ 31.0, IPC ~ 1.26)
INFO:slothy.start.split.39_78:[0.5124s]: Found 2 solutions so far... objective (minimize cycles): currently  (Cycles ~ 31.0, IPC ~ 1.26), bound  (Cycles ~ 31.0, IPC ~ 1.26)
INFO:slothy.start.split.39_78:Closer than 0 stalls to theoretical optimum... stop
INFO:slothy.start.split.39_78:OPTIMAL, wall time: 0.513940 s
INFO:slothy.start.split.39_78:Booleans in result: 927
INFO:slothy.start.split.39_78.selfcheck:OK!
WARNING:slothy-config:LLVM (llvm-mc, llvm-nm, llvm-readobj) not found, disabling selftest. Consider installing LLVM.
INFO:slothy.start.split.39_78:Minimum number of stalls: 11
INFO:slothy.start.split.78_117:Perform internal binary search for minimal number of stalls...
INFO:slothy.start.split.78_117:Attempt optimization with max 16 stalls...
INFO:slothy.start.split.78_117:Setting timeout of 300 seconds...
INFO:slothy.start.split.78_117:Objective: minimize cycles
INFO:slothy.start.split.78_117:Invoking external constraint solver (OR-Tools CP-SAT v9.15.6755, 1 threads) ...
INFO:slothy.start.split.78_117:[1.8326s]: Found 1 solutions so far... objective (minimize cycles): currently  (Cycles ~ 23.0, IPC ~ 1.70), bound  (Cycles ~ 23.0, IPC ~ 1.70)
INFO:slothy.start.split.78_117:Closer than 0 stalls to theoretical optimum... stop
INFO:slothy.start.split.78_117:OPTIMAL, wall time: 1.834297 s
INFO:slothy.start.split.78_117:Booleans in result: 2574
INFO:slothy.start.split.78_117.selfcheck:OK!
WARNING:slothy-config:LLVM (llvm-mc, llvm-nm, llvm-readobj) not found, disabling selftest. Consider installing LLVM.
INFO:slothy.start.split.78_117:Minimum number of stalls: 3
INFO:slothy.start.split.117_156:Perform internal binary search for minimal number of stalls...
INFO:slothy.start.split.117_156:Attempt optimization with max 16 stalls...
INFO:slothy.start.split.117_156:Setting timeout of 300 seconds...
INFO:slothy.start.split.117_156:Objective: minimize cycles
INFO:slothy.start.split.117_156:Invoking external constraint solver (OR-Tools CP-SAT v9.15.6755, 1 threads) ...
INFO:slothy.start.split.117_156:[1.7531s]: Found 1 solutions so far... objective (minimize cycles): currently  (Cycles ~ 24.0, IPC ~ 1.62), bound  (Cycles ~ 24.0, IPC ~ 1.62)
INFO:slothy.start.split.117_156:Closer than 0 stalls to theoretical optimum... stop
INFO:slothy.start.split.117_156:OPTIMAL, wall time: 1.755865 s
INFO:slothy.start.split.117_156:Booleans in result: 2372
INFO:slothy.start.split.117_156.selfcheck:OK!
WARNING:slothy-config:LLVM (llvm-mc, llvm-nm, llvm-readobj) not found, disabling selftest. Consider installing LLVM.
INFO:slothy.start.split.117_156:Minimum number of stalls: 4
INFO:slothy.start.split:Initial stalls
INFO:slothy.start.split:[  0-  3]: ************........... (12)
INFO:slothy.start.split:[  3-  6]: *************.......... (13)
INFO:slothy.start.split:[  6-  9]: ***************........ (15)
INFO:slothy.start.split:[  9- 12]: ****************....... (16)
INFO:slothy.start.split:[ 12- 15]: ******************..... (18)
INFO:slothy.start.split:[ 15- 18]: *******************.... (19)
INFO:slothy.start.split:[ 18- 21]: **********************. (22)
INFO:slothy.start.split:[ 21- 24]: **********************. (22)
INFO:slothy.start.split:[ 24- 28]: **********************. (22)
INFO:slothy.start.split:[ 28- 31]: **********************. (22)
INFO:slothy.start.split:[ 31- 34]: **********************. (22)
INFO:slothy.start.split:[ 34- 37]: **********************. (22)
INFO:slothy.start.split:[ 37- 40]: *********************.. (21)
INFO:slothy.start.split:[ 40- 43]: ********************... (20)
INFO:slothy.start.split:[ 43- 46]: *******************.... (19)
INFO:slothy.start.split:[ 46- 49]: ******************..... (18)
INFO:slothy.start.split:[ 49- 53]: *****************...... (17)
INFO:slothy.start.split:[ 53- 56]: ****************....... (16)
INFO:slothy.start.split:[ 56- 59]: ***************........ (15)
INFO:slothy.start.split:[ 59- 62]: *************.......... (13)
INFO:slothy.start.split:[ 62- 65]: ************........... (12)
INFO:slothy.start.split:[ 65- 68]: ***********............ (11)
INFO:slothy.start.split:[ 68- 71]: **********............. (10)
INFO:slothy.start.split:[ 71- 74]: ********............... (8)
INFO:slothy.start.split:[ 74- 78]: *******................ (7)
INFO:slothy.start.split:[ 78- 81]: ********............... (8)
INFO:slothy.start.split:[ 81- 84]: ********............... (8)
INFO:slothy.start.split:[ 84- 87]: *******................ (7)
INFO:slothy.start.split:[ 87- 90]: *******................ (7)
INFO:slothy.start.split:[ 90- 93]: ********............... (8)
INFO:slothy.start.split:[ 93- 96]: *******................ (7)
INFO:slothy.start.split:[ 96- 99]: ********............... (8)
INFO:slothy.start.split:[ 99-102]: ********............... (8)
INFO:slothy.start.split:[102-106]: *******................ (7)
INFO:slothy.start.split:[106-109]: *******................ (7)
INFO:slothy.start.split:[109-112]: ********............... (8)
INFO:slothy.start.split:[112-115]: *******................ (7)
INFO:slothy.start.split:[115-118]: *******................ (7)
INFO:slothy.start.split:[118-121]: ********............... (8)
INFO:slothy.start.split:[121-124]: ********............... (8)
INFO:slothy.start.split:[124-127]: *******................ (7)
INFO:slothy.start.split:[127-131]: *******................ (7)
INFO:slothy.start.split:[131-134]: ********............... (8)
INFO:slothy.start.split:[134-137]: *******................ (7)
INFO:slothy.start.split:[137-140]: ********............... (8)
INFO:slothy.start.split:[140-143]: ********............... (8)
INFO:slothy.start.split:[143-146]: *******................ (7)
INFO:slothy.start.split:[146-149]: ******................. (6)
INFO:slothy.start.split:[149-152]: ******................. (6)
INFO:slothy.start.split:[152-156]: *****.................. (5)
INFO:slothy.start.split.0_39:Perform internal binary search for minimal number of stalls...
INFO:slothy.start.split.0_39:Attempt optimization with max 16 stalls...
INFO:slothy.start.split.0_39:Setting timeout of 300 seconds...
INFO:slothy.start.split.0_39:Objective: minimize cycles
INFO:slothy.start.split.0_39:Invoking external constraint solver (OR-Tools CP-SAT v9.15.6755, 1 threads) ...
INFO:slothy.start.split.0_39:[3.5871s]: Found 1 solutions so far... objective (minimize cycles): currently  (Cycles ~ 36.0, IPC ~ 1.08), bound  (Cycles ~ 22.0, IPC ~ 1.77)
INFO:slothy.start.split.0_39:[3.6076s]: Found 2 solutions so far... objective (minimize cycles): currently  (Cycles ~ 26.0, IPC ~ 1.50), bound  (Cycles ~ 22.0, IPC ~ 1.77)
INFO:slothy.start.split.0_39:[3.6187s]: Found 3 solutions so far... objective (minimize cycles): currently  (Cycles ~ 25.0, IPC ~ 1.56), bound  (Cycles ~ 22.0, IPC ~ 1.77)
INFO:slothy.start.split.0_39:[3.7384s]: Found 4 solutions so far... objective (minimize cycles): currently  (Cycles ~ 24.0, IPC ~ 1.62), bound  (Cycles ~ 22.0, IPC ~ 1.77)
INFO:slothy.start.split.0_39:[3.7509s]: Found 5 solutions so far... objective (minimize cycles): currently  (Cycles ~ 23.0, IPC ~ 1.70), bound  (Cycles ~ 22.0, IPC ~ 1.77)
INFO:slothy.start.split.0_39:[3.7633s]: Found 6 solutions so far... objective (minimize cycles): currently  (Cycles ~ 22.0, IPC ~ 1.77), bound  (Cycles ~ 22.0, IPC ~ 1.77)
INFO:slothy.start.split.0_39:Closer than 0 stalls to theoretical optimum... stop
INFO:slothy.start.split.0_39:OPTIMAL, wall time: 3.764619 s
INFO:slothy.start.split.0_39:Booleans in result: 3909
INFO:slothy.start.split.0_39.selfcheck:OK!
WARNING:slothy-config:LLVM (llvm-mc, llvm-nm, llvm-readobj) not found, disabling selftest. Consider installing LLVM.
INFO:slothy.start.split.0_39:Minimum number of stalls: 2
INFO:slothy.start.split:[  0-  3]: ***............. (3)
INFO:slothy.start.split:[  3-  6]: ***............. (3)
INFO:slothy.start.split:[  6-  9]: ***............. (3)
INFO:slothy.start.split:[  9- 12]: ***............. (3)
INFO:slothy.start.split:[ 12- 15]: ***............. (3)
INFO:slothy.start.split:[ 15- 18]: ***............. (3)
INFO:slothy.start.split:[ 18- 21]: ****............ (4)
INFO:slothy.start.split:[ 21- 24]: ****............ (4)
INFO:slothy.start.split:[ 24- 28]: ******.......... (6)
INFO:slothy.start.split:[ 28- 31]: ********........ (8)
INFO:slothy.start.split:[ 31- 34]: *********....... (9)
INFO:slothy.start.split:[ 34- 37]: ***********..... (11)
INFO:slothy.start.split:[ 37- 40]: ************.... (12)
INFO:slothy.start.split:[ 40- 43]: *************... (13)
INFO:slothy.start.split:[ 43- 46]: *************... (13)
INFO:slothy.start.split:[ 46- 49]: **************.. (14)
INFO:slothy.start.split:[ 49- 53]: ***************. (15)
INFO:slothy.start.split:[ 53- 56]: ***************. (15)
INFO:slothy.start.split:[ 56- 59]: ***************. (15)
INFO:slothy.start.split:[ 59- 62]: *************... (13)
INFO:slothy.start.split:[ 62- 65]: ************.... (12)
INFO:slothy.start.split:[ 65- 68]: ***********..... (11)
INFO:slothy.start.split:[ 68- 71]: **********...... (10)
INFO:slothy.start.split:[ 71- 74]: ********........ (8)
INFO:slothy.start.split:[ 74- 78]: *******......... (7)
INFO:slothy.start.split:[ 78- 81]: ********........ (8)
INFO:slothy.start.split:[ 81- 84]: ********........ (8)
INFO:slothy.start.split:[ 84- 87]: *******......... (7)
INFO:slothy.start.split:[ 87- 90]: *******......... (7)
INFO:slothy.start.split:[ 90- 93]: ********........ (8)
INFO:slothy.start.split:[ 93- 96]: *******......... (7)
INFO:slothy.start.split:[ 96- 99]: ********........ (8)
INFO:slothy.start.split:[ 99-102]: ********........ (8)
INFO:slothy.start.split:[102-106]: *******......... (7)
INFO:slothy.start.split:[106-109]: *******......... (7)
INFO:slothy.start.split:[109-112]: ********........ (8)
INFO:slothy.start.split:[112-115]: *******......... (7)
INFO:slothy.start.split:[115-118]: *******......... (7)
INFO:slothy.start.split:[118-121]: ********........ (8)
INFO:slothy.start.split:[121-124]: ********........ (8)
INFO:slothy.start.split:[124-127]: *******......... (7)
INFO:slothy.start.split:[127-131]: *******......... (7)
INFO:slothy.start.split:[131-134]: ********........ (8)
INFO:slothy.start.split:[134-137]: *******......... (7)
INFO:slothy.start.split:[137-140]: ********........ (8)
INFO:slothy.start.split:[140-143]: ********........ (8)
INFO:slothy.start.split:[143-146]: *******......... (7)
INFO:slothy.start.split:[146-149]: ******.......... (6)
INFO:slothy.start.split:[149-152]: ******.......... (6)
INFO:slothy.start.split:[152-156]: *****........... (5)
INFO:slothy.start.split.20_58:Perform internal binary search for minimal number of stalls...
INFO:slothy.start.split.20_58:Attempt optimization with max 16 stalls...
INFO:slothy.start.split.20_58:Setting timeout of 300 seconds...
INFO:slothy.start.split.20_58:Objective: minimize cycles
INFO:slothy.start.split.20_58:Invoking external constraint solver (OR-Tools CP-SAT v9.15.6755, 1 threads) ...
INFO:slothy.start.split.20_58:[4.3378s]: Found 1 solutions so far... objective (minimize cycles): currently  (Cycles ~ 26.0, IPC ~ 1.46), bound  (Cycles ~ 19.0, IPC ~ 2.00)
INFO:slothy.start.split.20_58:[4.3516s]: Found 2 solutions so far... objective (minimize cycles): currently  (Cycles ~ 25.0, IPC ~ 1.52), bound  (Cycles ~ 19.0, IPC ~ 2.00)
INFO:slothy.start.split.20_58:[4.3622s]: Found 3 solutions so far... objective (minimize cycles): currently  (Cycles ~ 24.0, IPC ~ 1.58), bound  (Cycles ~ 19.0, IPC ~ 2.00)
INFO:slothy.start.split.20_58:[4.3766s]: Found 4 solutions so far... objective (minimize cycles): currently  (Cycles ~ 23.0, IPC ~ 1.65), bound  (Cycles ~ 19.0, IPC ~ 2.00)
INFO:slothy.start.split.20_58:[4.3880s]: Found 5 solutions so far... objective (minimize cycles): currently  (Cycles ~ 22.0, IPC ~ 1.73), bound  (Cycles ~ 19.0, IPC ~ 2.00)
INFO:slothy.start.split.20_58:[4.4052s]: Found 6 solutions so far... objective (minimize cycles): currently  (Cycles ~ 21.0, IPC ~ 1.81), bound  (Cycles ~ 19.0, IPC ~ 2.00)
INFO:slothy.start.split.20_58:[4.4169s]: Found 7 solutions so far... objective (minimize cycles): currently  (Cycles ~ 20.0, IPC ~ 1.90), bound  (Cycles ~ 19.0, IPC ~ 2.00)
INFO:slothy.start.split.20_58:[4.4701s]: Found 8 solutions so far... objective (minimize cycles): currently  (Cycles ~ 19.0, IPC ~ 2.00), bound  (Cycles ~ 19.0, IPC ~ 2.00)
INFO:slothy.start.split.20_58:Closer than 0 stalls to theoretical optimum... stop
INFO:slothy.start.split.20_58:OPTIMAL, wall time: 4.473054 s
INFO:slothy.start.split.20_58:Booleans in result: 4083
INFO:slothy.start.split.20_58.selfcheck:OK!
WARNING:slothy-config:LLVM (llvm-mc, llvm-nm, llvm-readobj) not found, disabling selftest. Consider installing LLVM.
INFO:slothy.start.split.20_58:Minimum number of stalls: 0
INFO:slothy.start.split:[  0-  3]: ***....... (3)
INFO:slothy.start.split:[  3-  6]: ***....... (3)
INFO:slothy.start.split:[  6-  9]: ***....... (3)
INFO:slothy.start.split:[  9- 12]: ***....... (3)
INFO:slothy.start.split:[ 12- 15]: ***....... (3)
INFO:slothy.start.split:[ 15- 18]: ***....... (3)
INFO:slothy.start.split:[ 18- 21]: **........ (2)
INFO:slothy.start.split:[ 21- 24]: .......... (0)
INFO:slothy.start.split:[ 24- 28]: .......... (0)
INFO:slothy.start.split:[ 28- 31]: .......... (0)
INFO:slothy.start.split:[ 31- 34]: .......... (0)
INFO:slothy.start.split:[ 34- 37]: .......... (0)
INFO:slothy.start.split:[ 37- 40]: .......... (0)
INFO:slothy.start.split:[ 40- 43]: *......... (1)
INFO:slothy.start.split:[ 43- 46]: *......... (1)
INFO:slothy.start.split:[ 46- 49]: **........ (2)
INFO:slothy.start.split:[ 49- 53]: ***....... (3)
INFO:slothy.start.split:[ 53- 56]: ***....... (3)
INFO:slothy.start.split:[ 56- 59]: ****...... (4)
INFO:slothy.start.split:[ 59- 62]: *****..... (5)
INFO:slothy.start.split:[ 62- 65]: *****..... (5)
INFO:slothy.start.split:[ 65- 68]: ******.... (6)
INFO:slothy.start.split:[ 68- 71]: *******... (7)
INFO:slothy.start.split:[ 71- 74]: *******... (7)
INFO:slothy.start.split:[ 74- 78]: *******... (7)
INFO:slothy.start.split:[ 78- 81]: ********.. (8)
INFO:slothy.start.split:[ 81- 84]: ********.. (8)
INFO:slothy.start.split:[ 84- 87]: *******... (7)
INFO:slothy.start.split:[ 87- 90]: *******... (7)
INFO:slothy.start.split:[ 90- 93]: ********.. (8)
INFO:slothy.start.split:[ 93- 96]: *******... (7)
INFO:slothy.start.split:[ 96- 99]: ********.. (8)
INFO:slothy.start.split:[ 99-102]: ********.. (8)
INFO:slothy.start.split:[102-106]: *******... (7)
INFO:slothy.start.split:[106-109]: *******... (7)
INFO:slothy.start.split:[109-112]: ********.. (8)
INFO:slothy.start.split:[112-115]: *******... (7)
INFO:slothy.start.split:[115-118]: *******... (7)
INFO:slothy.start.split:[118-121]: ********.. (8)
INFO:slothy.start.split:[121-124]: ********.. (8)
INFO:slothy.start.split:[124-127]: *******... (7)
INFO:slothy.start.split:[127-131]: *******... (7)
INFO:slothy.start.split:[131-134]: ********.. (8)
INFO:slothy.start.split:[134-137]: *******... (7)
INFO:slothy.start.split:[137-140]: ********.. (8)
INFO:slothy.start.split:[140-143]: ********.. (8)
INFO:slothy.start.split:[143-146]: *******... (7)
INFO:slothy.start.split:[146-149]: ******.... (6)
INFO:slothy.start.split:[149-152]: ******.... (6)
INFO:slothy.start.split:[152-156]: *****..... (5)
INFO:slothy.start.split.39_78:Perform internal binary search for minimal number of stalls...
INFO:slothy.start.split.39_78:Attempt optimization with max 16 stalls...
INFO:slothy.start.split.39_78:Setting timeout of 300 seconds...
INFO:slothy.start.split.39_78:Objective: minimize cycles
INFO:slothy.start.split.39_78:Invoking external constraint solver (OR-Tools CP-SAT v9.15.6755, 1 threads) ...
INFO:slothy.start.split.39_78:[3.5500s]: Found 1 solutions so far... objective (minimize cycles): currently  (Cycles ~ 36.0, IPC ~ 1.08), bound  (Cycles ~ 20.0, IPC ~ 1.95)
INFO:slothy.start.split.39_78:[3.5633s]: Found 2 solutions so far... objective (minimize cycles): currently  (Cycles ~ 25.0, IPC ~ 1.56), bound  (Cycles ~ 20.0, IPC ~ 1.95)
INFO:slothy.start.split.39_78:[3.5725s]: Found 3 solutions so far... objective (minimize cycles): currently  (Cycles ~ 20.0, IPC ~ 1.95), bound  (Cycles ~ 20.0, IPC ~ 1.95)
INFO:slothy.start.split.39_78:Closer than 0 stalls to theoretical optimum... stop
INFO:slothy.start.split.39_78:OPTIMAL, wall time: 3.573911 s
INFO:slothy.start.split.39_78:Booleans in result: 5232
INFO:slothy.start.split.39_78.selfcheck:OK!
WARNING:slothy-config:LLVM (llvm-mc, llvm-nm, llvm-readobj) not found, disabling selftest. Consider installing LLVM.
INFO:slothy.start.split.39_78:Minimum number of stalls: 0
INFO:slothy.start.split:[  0-  3]: ***....... (3)
INFO:slothy.start.split:[  3-  6]: ***....... (3)
INFO:slothy.start.split:[  6-  9]: ***....... (3)
INFO:slothy.start.split:[  9- 12]: ***....... (3)
INFO:slothy.start.split:[ 12- 15]: ***....... (3)
INFO:slothy.start.split:[ 15- 18]: ***....... (3)
INFO:slothy.start.split:[ 18- 21]: **........ (2)
INFO:slothy.start.split:[ 21- 24]: .......... (0)
INFO:slothy.start.split:[ 24- 28]: .......... (0)
INFO:slothy.start.split:[ 28- 31]: .......... (0)
INFO:slothy.start.split:[ 31- 34]: .......... (0)
INFO:slothy.start.split:[ 34- 37]: .......... (0)
INFO:slothy.start.split:[ 37- 40]: .......... (0)
INFO:slothy.start.split:[ 40- 43]: .......... (0)
INFO:slothy.start.split:[ 43- 46]: .......... (0)
INFO:slothy.start.split:[ 46- 49]: .......... (0)
INFO:slothy.start.split:[ 49- 53]: .......... (0)
INFO:slothy.start.split:[ 53- 56]: .......... (0)
INFO:slothy.start.split:[ 56- 59]: .......... (0)
INFO:slothy.start.split:[ 59- 62]: *......... (1)
INFO:slothy.start.split:[ 62- 65]: *......... (1)
INFO:slothy.start.split:[ 65- 68]: **........ (2)
INFO:slothy.start.split:[ 68- 71]: ***....... (3)
INFO:slothy.start.split:[ 71- 74]: ***....... (3)
INFO:slothy.start.split:[ 74- 78]: ***....... (3)
INFO:slothy.start.split:[ 78- 81]: *****..... (5)
INFO:slothy.start.split:[ 81- 84]: *****..... (5)
INFO:slothy.start.split:[ 84- 87]: *****..... (5)
INFO:slothy.start.split:[ 87- 90]: ******.... (6)
INFO:slothy.start.split:[ 90- 93]: *******... (7)
INFO:slothy.start.split:[ 93- 96]: *******... (7)
INFO:slothy.start.split:[ 96- 99]: ********.. (8)
INFO:slothy.start.split:[ 99-102]: ********.. (8)
INFO:slothy.start.split:[102-106]: *******... (7)
INFO:slothy.start.split:[106-109]: *******... (7)
INFO:slothy.start.split:[109-112]: ********.. (8)
INFO:slothy.start.split:[112-115]: *******... (7)
INFO:slothy.start.split:[115-118]: *******... (7)
INFO:slothy.start.split:[118-121]: ********.. (8)
INFO:slothy.start.split:[121-124]: ********.. (8)
INFO:slothy.start.split:[124-127]: *******... (7)
INFO:slothy.start.split:[127-131]: *******... (7)
INFO:slothy.start.split:[131-134]: ********.. (8)
INFO:slothy.start.split:[134-137]: *******... (7)
INFO:slothy.start.split:[137-140]: ********.. (8)
INFO:slothy.start.split:[140-143]: ********.. (8)
INFO:slothy.start.split:[143-146]: *******... (7)
INFO:slothy.start.split:[146-149]: ******.... (6)
INFO:slothy.start.split:[149-152]: ******.... (6)
INFO:slothy.start.split:[152-156]: *****..... (5)
INFO:slothy.start.split.58_98:Perform internal binary search for minimal number of stalls...
INFO:slothy.start.split.58_98:Attempt optimization with max 16 stalls...
INFO:slothy.start.split.58_98:Setting timeout of 300 seconds...
INFO:slothy.start.split.58_98:Objective: minimize cycles
INFO:slothy.start.split.58_98:Invoking external constraint solver (OR-Tools CP-SAT v9.15.6755, 1 threads) ...
INFO:slothy.start.split.58_98:[2.9478s]: Found 1 solutions so far... objective (minimize cycles): currently  (Cycles ~ 36.0, IPC ~ 1.11), bound  (Cycles ~ 20.0, IPC ~ 2.00)
INFO:slothy.start.split.58_98:[2.9539s]: Found 2 solutions so far... objective (minimize cycles): currently  (Cycles ~ 21.0, IPC ~ 1.90), bound  (Cycles ~ 20.0, IPC ~ 2.00)
INFO:slothy.start.split.58_98:[9.0530s]: Found 3 solutions so far... objective (minimize cycles): currently  (Cycles ~ 20.0, IPC ~ 2.00), bound  (Cycles ~ 20.0, IPC ~ 2.00)
INFO:slothy.start.split.58_98:Closer than 0 stalls to theoretical optimum... stop
INFO:slothy.start.split.58_98:OPTIMAL, wall time: 9.055284 s
INFO:slothy.start.split.58_98:Booleans in result: 6534
INFO:slothy.start.split.58_98.selfcheck:OK!
WARNING:slothy-config:LLVM (llvm-mc, llvm-nm, llvm-readobj) not found, disabling selftest. Consider installing LLVM.
INFO:slothy.start.split.58_98:Minimum number of stalls: 0
INFO:slothy.start.split:[  0-  3]: ***....... (3)
INFO:slothy.start.split:[  3-  6]: ***....... (3)
INFO:slothy.start.split:[  6-  9]: ***....... (3)
INFO:slothy.start.split:[  9- 12]: ***....... (3)
INFO:slothy.start.split:[ 12- 15]: ***....... (3)
INFO:slothy.start.split:[ 15- 18]: ***....... (3)
INFO:slothy.start.split:[ 18- 21]: **........ (2)
INFO:slothy.start.split:[ 21- 24]: .......... (0)
INFO:slothy.start.split:[ 24- 28]: .......... (0)
INFO:slothy.start.split:[ 28- 31]: .......... (0)
INFO:slothy.start.split:[ 31- 34]: .......... (0)
INFO:slothy.start.split:[ 34- 37]: .......... (0)
INFO:slothy.start.split:[ 37- 40]: .......... (0)
INFO:slothy.start.split:[ 40- 43]: .......... (0)
INFO:slothy.start.split:[ 43- 46]: .......... (0)
INFO:slothy.start.split:[ 46- 49]: .......... (0)
INFO:slothy.start.split:[ 49- 53]: .......... (0)
INFO:slothy.start.split:[ 53- 56]: .......... (0)
INFO:slothy.start.split:[ 56- 59]: .......... (0)
INFO:slothy.start.split:[ 59- 62]: .......... (0)
INFO:slothy.start.split:[ 62- 65]: .......... (0)
INFO:slothy.start.split:[ 65- 68]: .......... (0)
INFO:slothy.start.split:[ 68- 71]: .......... (0)
INFO:slothy.start.split:[ 71- 74]: .......... (0)
INFO:slothy.start.split:[ 74- 78]: .......... (0)
INFO:slothy.start.split:[ 78- 81]: *......... (1)
INFO:slothy.start.split:[ 81- 84]: *......... (1)
INFO:slothy.start.split:[ 84- 87]: *......... (1)
INFO:slothy.start.split:[ 87- 90]: **........ (2)
INFO:slothy.start.split:[ 90- 93]: ***....... (3)
INFO:slothy.start.split:[ 93- 96]: ***....... (3)
INFO:slothy.start.split:[ 96- 99]: ****...... (4)
INFO:slothy.start.split:[ 99-102]: *****..... (5)
INFO:slothy.start.split:[102-106]: *****..... (5)
INFO:slothy.start.split:[106-109]: ******.... (6)
INFO:slothy.start.split:[109-112]: *******... (7)
INFO:slothy.start.split:[112-115]: *******... (7)
INFO:slothy.start.split:[115-118]: *******... (7)
INFO:slothy.start.split:[118-121]: ********.. (8)
INFO:slothy.start.split:[121-124]: ********.. (8)
INFO:slothy.start.split:[124-127]: *******... (7)
INFO:slothy.start.split:[127-131]: *******... (7)
INFO:slothy.start.split:[131-134]: ********.. (8)
INFO:slothy.start.split:[134-137]: *******... (7)
INFO:slothy.start.split:[137-140]: ********.. (8)
INFO:slothy.start.split:[140-143]: ********.. (8)
INFO:slothy.start.split:[143-146]: *******... (7)
INFO:slothy.start.split:[146-149]: ******.... (6)
INFO:slothy.start.split:[149-152]: ******.... (6)
INFO:slothy.start.split:[152-156]: *****..... (5)
INFO:slothy.start.split.78_117:Perform internal binary search for minimal number of stalls...
INFO:slothy.start.split.78_117:Attempt optimization with max 16 stalls...
INFO:slothy.start.split.78_117:Setting timeout of 300 seconds...
INFO:slothy.start.split.78_117:Objective: minimize cycles
INFO:slothy.start.split.78_117:Invoking external constraint solver (OR-Tools CP-SAT v9.15.6755, 1 threads) ...
INFO:slothy.start.split.78_117:[1.6541s]: Found 1 solutions so far... objective (minimize cycles): currently  (Cycles ~ 20.0, IPC ~ 1.95), bound  (Cycles ~ 20.0, IPC ~ 1.95)
INFO:slothy.start.split.78_117:Closer than 0 stalls to theoretical optimum... stop
INFO:slothy.start.split.78_117:OPTIMAL, wall time: 1.655760 s
INFO:slothy.start.split.78_117:Booleans in result: 5244
INFO:slothy.start.split.78_117.selfcheck:OK!
WARNING:slothy-config:LLVM (llvm-mc, llvm-nm, llvm-readobj) not found, disabling selftest. Consider installing LLVM.
INFO:slothy.start.split.78_117:Minimum number of stalls: 0
INFO:slothy.start.split:[  0-  3]: ***....... (3)
INFO:slothy.start.split:[  3-  6]: ***....... (3)
INFO:slothy.start.split:[  6-  9]: ***....... (3)
INFO:slothy.start.split:[  9- 12]: ***....... (3)
INFO:slothy.start.split:[ 12- 15]: ***....... (3)
INFO:slothy.start.split:[ 15- 18]: ***....... (3)
INFO:slothy.start.split:[ 18- 21]: **........ (2)
INFO:slothy.start.split:[ 21- 24]: .......... (0)
INFO:slothy.start.split:[ 24- 28]: .......... (0)
INFO:slothy.start.split:[ 28- 31]: .......... (0)
INFO:slothy.start.split:[ 31- 34]: .......... (0)
INFO:slothy.start.split:[ 34- 37]: .......... (0)
INFO:slothy.start.split:[ 37- 40]: .......... (0)
INFO:slothy.start.split:[ 40- 43]: .......... (0)
INFO:slothy.start.split:[ 43- 46]: .......... (0)
INFO:slothy.start.split:[ 46- 49]: .......... (0)
INFO:slothy.start.split:[ 49- 53]: .......... (0)
INFO:slothy.start.split:[ 53- 56]: .......... (0)
INFO:slothy.start.split:[ 56- 59]: .......... (0)
INFO:slothy.start.split:[ 59- 62]: .......... (0)
INFO:slothy.start.split:[ 62- 65]: .......... (0)
INFO:slothy.start.split:[ 65- 68]: .......... (0)
INFO:slothy.start.split:[ 68- 71]: .......... (0)
INFO:slothy.start.split:[ 71- 74]: .......... (0)
INFO:slothy.start.split:[ 74- 78]: .......... (0)
INFO:slothy.start.split:[ 78- 81]: .......... (0)
INFO:slothy.start.split:[ 81- 84]: .......... (0)
INFO:slothy.start.split:[ 84- 87]: .......... (0)
INFO:slothy.start.split:[ 87- 90]: .......... (0)
INFO:slothy.start.split:[ 90- 93]: .......... (0)
INFO:slothy.start.split:[ 93- 96]: .......... (0)
INFO:slothy.start.split:[ 96- 99]: *......... (1)
INFO:slothy.start.split:[ 99-102]: **........ (2)
INFO:slothy.start.split:[102-106]: **........ (2)
INFO:slothy.start.split:[106-109]: ***....... (3)
INFO:slothy.start.split:[109-112]: ****...... (4)
INFO:slothy.start.split:[112-115]: ****...... (4)
INFO:slothy.start.split:[115-118]: *****..... (5)
INFO:slothy.start.split:[118-121]: ******.... (6)
INFO:slothy.start.split:[121-124]: ******.... (6)
INFO:slothy.start.split:[124-127]: ******.... (6)
INFO:slothy.start.split:[127-131]: *******... (7)
INFO:slothy.start.split:[131-134]: ********.. (8)
INFO:slothy.start.split:[134-137]: *******... (7)
INFO:slothy.start.split:[137-140]: ********.. (8)
INFO:slothy.start.split:[140-143]: ********.. (8)
INFO:slothy.start.split:[143-146]: *******... (7)
INFO:slothy.start.split:[146-149]: ******.... (6)
INFO:slothy.start.split:[149-152]: ******.... (6)
INFO:slothy.start.split:[152-156]: *****..... (5)
INFO:slothy.start.split.98_136:Perform internal binary search for minimal number of stalls...
INFO:slothy.start.split.98_136:Attempt optimization with max 16 stalls...
INFO:slothy.start.split.98_136:Setting timeout of 300 seconds...
INFO:slothy.start.split.98_136:Objective: minimize cycles
INFO:slothy.start.split.98_136:Invoking external constraint solver (OR-Tools CP-SAT v9.15.6755, 1 threads) ...
INFO:slothy.start.split.98_136:[1.5106s]: Found 1 solutions so far... objective (minimize cycles): currently  (Cycles ~ 20.0, IPC ~ 1.90), bound  (Cycles ~ 19.0, IPC ~ 2.00)
INFO:slothy.start.split.98_136:FEASIBLE, wall time: 300.032780 s
INFO:slothy.start.split.98_136:Booleans in result: 4934
INFO:slothy.start.split.98_136.selfcheck:OK!
WARNING:slothy-config:LLVM (llvm-mc, llvm-nm, llvm-readobj) not found, disabling selftest. Consider installing LLVM.
INFO:slothy.start.split.98_136:Minimum number of stalls: 1
INFO:slothy.start.split:[  0-  3]: ***....... (3)
INFO:slothy.start.split:[  3-  6]: ***....... (3)
INFO:slothy.start.split:[  6-  9]: ***....... (3)
INFO:slothy.start.split:[  9- 12]: ***....... (3)
INFO:slothy.start.split:[ 12- 15]: ***....... (3)
INFO:slothy.start.split:[ 15- 18]: ***....... (3)
INFO:slothy.start.split:[ 18- 21]: **........ (2)
INFO:slothy.start.split:[ 21- 24]: .......... (0)
INFO:slothy.start.split:[ 24- 28]: .......... (0)
INFO:slothy.start.split:[ 28- 31]: .......... (0)
INFO:slothy.start.split:[ 31- 34]: .......... (0)
INFO:slothy.start.split:[ 34- 37]: .......... (0)
INFO:slothy.start.split:[ 37- 40]: .......... (0)
INFO:slothy.start.split:[ 40- 43]: .......... (0)
INFO:slothy.start.split:[ 43- 46]: .......... (0)
INFO:slothy.start.split:[ 46- 49]: .......... (0)
INFO:slothy.start.split:[ 49- 53]: .......... (0)
INFO:slothy.start.split:[ 53- 56]: .......... (0)
INFO:slothy.start.split:[ 56- 59]: .......... (0)
INFO:slothy.start.split:[ 59- 62]: .......... (0)
INFO:slothy.start.split:[ 62- 65]: .......... (0)
INFO:slothy.start.split:[ 65- 68]: .......... (0)
INFO:slothy.start.split:[ 68- 71]: .......... (0)
INFO:slothy.start.split:[ 71- 74]: .......... (0)
INFO:slothy.start.split:[ 74- 78]: .......... (0)
INFO:slothy.start.split:[ 78- 81]: .......... (0)
INFO:slothy.start.split:[ 81- 84]: .......... (0)
INFO:slothy.start.split:[ 84- 87]: .......... (0)
INFO:slothy.start.split:[ 87- 90]: .......... (0)
INFO:slothy.start.split:[ 90- 93]: .......... (0)
INFO:slothy.start.split:[ 93- 96]: .......... (0)
INFO:slothy.start.split:[ 96- 99]: .......... (0)
INFO:slothy.start.split:[ 99-102]: .......... (0)
INFO:slothy.start.split:[102-106]: .......... (0)
INFO:slothy.start.split:[106-109]: .......... (0)
INFO:slothy.start.split:[109-112]: .......... (0)
INFO:slothy.start.split:[112-115]: .......... (0)
INFO:slothy.start.split:[115-118]: *......... (1)
INFO:slothy.start.split:[118-121]: ***....... (3)
INFO:slothy.start.split:[121-124]: ***....... (3)
INFO:slothy.start.split:[124-127]: ***....... (3)
INFO:slothy.start.split:[127-131]: ****...... (4)
INFO:slothy.start.split:[131-134]: *****..... (5)
INFO:slothy.start.split:[134-137]: ******.... (6)
INFO:slothy.start.split:[137-140]: *******... (7)
INFO:slothy.start.split:[140-143]: *******... (7)
INFO:slothy.start.split:[143-146]: *******... (7)
INFO:slothy.start.split:[146-149]: *******... (7)
INFO:slothy.start.split:[149-152]: *******... (7)
INFO:slothy.start.split:[152-156]: ******.... (6)
INFO:slothy.start.split.117_156:Perform internal binary search for minimal number of stalls...
INFO:slothy.start.split.117_156:Attempt optimization with max 16 stalls...
INFO:slothy.start.split.117_156:Setting timeout of 300 seconds...
INFO:slothy.start.split.117_156:Objective: minimize cycles
INFO:slothy.start.split.117_156:Invoking external constraint solver (OR-Tools CP-SAT v9.15.6755, 1 threads) ...
INFO:slothy.start.split.117_156:[1.7468s]: Found 1 solutions so far... objective (minimize cycles): currently  (Cycles ~ 21.0, IPC ~ 1.86), bound  (Cycles ~ 20.0, IPC ~ 1.95)
INFO:slothy.start.split.117_156:[3.6939s]: Found 2 solutions so far... objective (minimize cycles): currently  (Cycles ~ 20.0, IPC ~ 1.95), bound  (Cycles ~ 20.0, IPC ~ 1.95)
INFO:slothy.start.split.117_156:Closer than 0 stalls to theoretical optimum... stop
INFO:slothy.start.split.117_156:OPTIMAL, wall time: 3.695539 s
INFO:slothy.start.split.117_156:Booleans in result: 5231
INFO:slothy.start.split.117_156.selfcheck:OK!
WARNING:slothy-config:LLVM (llvm-mc, llvm-nm, llvm-readobj) not found, disabling selftest. Consider installing LLVM.
INFO:slothy.start.split.117_156:Minimum number of stalls: 0
INFO:slothy.start.split:[  0-  3]: ***....... (3)
INFO:slothy.start.split:[  3-  6]: ***....... (3)
INFO:slothy.start.split:[  6-  9]: ***....... (3)
INFO:slothy.start.split:[  9- 12]: ***....... (3)
INFO:slothy.start.split:[ 12- 15]: ***....... (3)
INFO:slothy.start.split:[ 15- 18]: ***....... (3)
INFO:slothy.start.split:[ 18- 21]: **........ (2)
INFO:slothy.start.split:[ 21- 24]: .......... (0)
INFO:slothy.start.split:[ 24- 28]: .......... (0)
INFO:slothy.start.split:[ 28- 31]: .......... (0)
INFO:slothy.start.split:[ 31- 34]: .......... (0)
INFO:slothy.start.split:[ 34- 37]: .......... (0)
INFO:slothy.start.split:[ 37- 40]: .......... (0)
INFO:slothy.start.split:[ 40- 43]: .......... (0)
INFO:slothy.start.split:[ 43- 46]: .......... (0)
INFO:slothy.start.split:[ 46- 49]: .......... (0)
INFO:slothy.start.split:[ 49- 53]: .......... (0)
INFO:slothy.start.split:[ 53- 56]: .......... (0)
INFO:slothy.start.split:[ 56- 59]: .......... (0)
INFO:slothy.start.split:[ 59- 62]: .......... (0)
INFO:slothy.start.split:[ 62- 65]: .......... (0)
INFO:slothy.start.split:[ 65- 68]: .......... (0)
INFO:slothy.start.split:[ 68- 71]: .......... (0)
INFO:slothy.start.split:[ 71- 74]: .......... (0)
INFO:slothy.start.split:[ 74- 78]: .......... (0)
INFO:slothy.start.split:[ 78- 81]: .......... (0)
INFO:slothy.start.split:[ 81- 84]: .......... (0)
INFO:slothy.start.split:[ 84- 87]: .......... (0)
INFO:slothy.start.split:[ 87- 90]: .......... (0)
INFO:slothy.start.split:[ 90- 93]: .......... (0)
INFO:slothy.start.split:[ 93- 96]: .......... (0)
INFO:slothy.start.split:[ 96- 99]: .......... (0)
INFO:slothy.start.split:[ 99-102]: .......... (0)
INFO:slothy.start.split:[102-106]: .......... (0)
INFO:slothy.start.split:[106-109]: .......... (0)
INFO:slothy.start.split:[109-112]: .......... (0)
INFO:slothy.start.split:[112-115]: .......... (0)
INFO:slothy.start.split:[115-118]: .......... (0)
INFO:slothy.start.split:[118-121]: .......... (0)
INFO:slothy.start.split:[121-124]: .......... (0)
INFO:slothy.start.split:[124-127]: .......... (0)
INFO:slothy.start.split:[127-131]: .......... (0)
INFO:slothy.start.split:[131-134]: .......... (0)
INFO:slothy.start.split:[134-137]: .......... (0)
INFO:slothy.start.split:[137-140]: *......... (1)
INFO:slothy.start.split:[140-143]: *......... (1)
INFO:slothy.start.split:[143-146]: *......... (1)
INFO:slothy.start.split:[146-149]: *......... (1)
INFO:slothy.start.split:[149-152]: *......... (1)
INFO:slothy.start.split:[152-156]: *......... (1)
INFO:slothy.start.split.0_39:Perform internal binary search for minimal number of stalls...
INFO:slothy.start.split.0_39:Attempt optimization with max 16 stalls...
INFO:slothy.start.split.0_39:Setting timeout of 300 seconds...
INFO:slothy.start.split.0_39:Objective: minimize cycles
INFO:slothy.start.split.0_39:Invoking external constraint solver (OR-Tools CP-SAT v9.15.6755, 1 threads) ...
INFO:slothy.start.split.0_39:[3.4612s]: Found 1 solutions so far... objective (minimize cycles): currently  (Cycles ~ 36.0, IPC ~ 1.08), bound  (Cycles ~ 22.0, IPC ~ 1.77)
INFO:slothy.start.split.0_39:[3.7283s]: Found 2 solutions so far... objective (minimize cycles): currently  (Cycles ~ 35.0, IPC ~ 1.11), bound  (Cycles ~ 22.0, IPC ~ 1.77)
INFO:slothy.start.split.0_39:[3.7440s]: Found 3 solutions so far... objective (minimize cycles): currently  (Cycles ~ 34.0, IPC ~ 1.15), bound  (Cycles ~ 22.0, IPC ~ 1.77)
INFO:slothy.start.split.0_39:[3.7553s]: Found 4 solutions so far... objective (minimize cycles): currently  (Cycles ~ 33.0, IPC ~ 1.18), bound  (Cycles ~ 22.0, IPC ~ 1.77)
INFO:slothy.start.split.0_39:[3.7668s]: Found 5 solutions so far... objective (minimize cycles): currently  (Cycles ~ 32.0, IPC ~ 1.22), bound  (Cycles ~ 22.0, IPC ~ 1.77)
INFO:slothy.start.split.0_39:[3.7782s]: Found 6 solutions so far... objective (minimize cycles): currently  (Cycles ~ 31.0, IPC ~ 1.26), bound  (Cycles ~ 22.0, IPC ~ 1.77)
INFO:slothy.start.split.0_39:[3.7901s]: Found 7 solutions so far... objective (minimize cycles): currently  (Cycles ~ 30.0, IPC ~ 1.30), bound  (Cycles ~ 22.0, IPC ~ 1.77)
INFO:slothy.start.split.0_39:[3.8019s]: Found 8 solutions so far... objective (minimize cycles): currently  (Cycles ~ 29.0, IPC ~ 1.34), bound  (Cycles ~ 22.0, IPC ~ 1.77)
INFO:slothy.start.split.0_39:[3.8139s]: Found 9 solutions so far... objective (minimize cycles): currently  (Cycles ~ 28.0, IPC ~ 1.39), bound  (Cycles ~ 22.0, IPC ~ 1.77)
INFO:slothy.start.split.0_39:[3.8276s]: Found 10 solutions so far... objective (minimize cycles): currently  (Cycles ~ 27.0, IPC ~ 1.44), bound  (Cycles ~ 22.0, IPC ~ 1.77)
INFO:slothy.start.split.0_39:[3.8393s]: Found 11 solutions so far... objective (minimize cycles): currently  (Cycles ~ 26.0, IPC ~ 1.50), bound  (Cycles ~ 22.0, IPC ~ 1.77)
INFO:slothy.start.split.0_39:[3.8557s]: Found 12 solutions so far... objective (minimize cycles): currently  (Cycles ~ 25.0, IPC ~ 1.56), bound  (Cycles ~ 22.0, IPC ~ 1.77)
INFO:slothy.start.split.0_39:[3.8684s]: Found 13 solutions so far... objective (minimize cycles): currently  (Cycles ~ 24.0, IPC ~ 1.62), bound  (Cycles ~ 22.0, IPC ~ 1.77)
INFO:slothy.start.split.0_39:[3.8787s]: Found 14 solutions so far... objective (minimize cycles): currently  (Cycles ~ 23.0, IPC ~ 1.70), bound  (Cycles ~ 22.0, IPC ~ 1.77)
INFO:slothy.start.split.0_39:[3.8983s]: Found 15 solutions so far... objective (minimize cycles): currently  (Cycles ~ 22.0, IPC ~ 1.77), bound  (Cycles ~ 22.0, IPC ~ 1.77)
INFO:slothy.start.split.0_39:Closer than 0 stalls to theoretical optimum... stop
INFO:slothy.start.split.0_39:OPTIMAL, wall time: 3.899668 s
INFO:slothy.start.split.0_39:Booleans in result: 3915
INFO:slothy.start.split.0_39.selfcheck:OK!
WARNING:slothy-config:LLVM (llvm-mc, llvm-nm, llvm-readobj) not found, disabling selftest. Consider installing LLVM.
INFO:slothy.start.split.0_39:Minimum number of stalls: 2
INFO:slothy.start.split:[  0-  3]: ***....... (3)
INFO:slothy.start.split:[  3-  6]: ***....... (3)
INFO:slothy.start.split:[  6-  9]: ****...... (4)
INFO:slothy.start.split:[  9- 12]: ****...... (4)
INFO:slothy.start.split:[ 12- 15]: ****...... (4)
INFO:slothy.start.split:[ 15- 18]: ****...... (4)
INFO:slothy.start.split:[ 18- 21]: ****...... (4)
INFO:slothy.start.split:[ 21- 24]: **........ (2)
INFO:slothy.start.split:[ 24- 28]: **........ (2)
INFO:slothy.start.split:[ 28- 31]: **........ (2)
INFO:slothy.start.split:[ 31- 34]: **........ (2)
INFO:slothy.start.split:[ 34- 37]: **........ (2)
INFO:slothy.start.split:[ 37- 40]: **........ (2)
INFO:slothy.start.split:[ 40- 43]: **........ (2)
INFO:slothy.start.split:[ 43- 46]: *......... (1)
INFO:slothy.start.split:[ 46- 49]: *......... (1)
INFO:slothy.start.split:[ 49- 53]: *......... (1)
INFO:slothy.start.split:[ 53- 56]: *......... (1)
INFO:slothy.start.split:[ 56- 59]: .......... (0)
INFO:slothy.start.split:[ 59- 62]: .......... (0)
INFO:slothy.start.split:[ 62- 65]: .......... (0)
INFO:slothy.start.split:[ 65- 68]: .......... (0)
INFO:slothy.start.split:[ 68- 71]: .......... (0)
INFO:slothy.start.split:[ 71- 74]: .......... (0)
INFO:slothy.start.split:[ 74- 78]: .......... (0)
INFO:slothy.start.split:[ 78- 81]: .......... (0)
INFO:slothy.start.split:[ 81- 84]: .......... (0)
INFO:slothy.start.split:[ 84- 87]: .......... (0)
INFO:slothy.start.split:[ 87- 90]: .......... (0)
INFO:slothy.start.split:[ 90- 93]: .......... (0)
INFO:slothy.start.split:[ 93- 96]: .......... (0)
INFO:slothy.start.split:[ 96- 99]: .......... (0)
INFO:slothy.start.split:[ 99-102]: .......... (0)
INFO:slothy.start.split:[102-106]: .......... (0)
INFO:slothy.start.split:[106-109]: .......... (0)
INFO:slothy.start.split:[109-112]: .......... (0)
INFO:slothy.start.split:[112-115]: .......... (0)
INFO:slothy.start.split:[115-118]: .......... (0)
INFO:slothy.start.split:[118-121]: .......... (0)
INFO:slothy.start.split:[121-124]: .......... (0)
INFO:slothy.start.split:[124-127]: .......... (0)
INFO:slothy.start.split:[127-131]: .......... (0)
INFO:slothy.start.split:[131-134]: .......... (0)
INFO:slothy.start.split:[134-137]: .......... (0)
INFO:slothy.start.split:[137-140]: *......... (1)
INFO:slothy.start.split:[140-143]: *......... (1)
INFO:slothy.start.split:[143-146]: *......... (1)
INFO:slothy.start.split:[146-149]: *......... (1)
INFO:slothy.start.split:[149-152]: *......... (1)
INFO:slothy.start.split:[152-156]: *......... (1)
INFO:slothy.start.split.20_58:Perform internal binary search for minimal number of stalls...
INFO:slothy.start.split.20_58:Attempt optimization with max 16 stalls...
INFO:slothy.start.split.20_58:Setting timeout of 300 seconds...
INFO:slothy.start.split.20_58:Objective: minimize cycles
INFO:slothy.start.split.20_58:Invoking external constraint solver (OR-Tools CP-SAT v9.15.6755, 1 threads) ...
INFO:slothy.start.split.20_58:[3.6399s]: Found 1 solutions so far... objective (minimize cycles): currently  (Cycles ~ 27.0, IPC ~ 1.41), bound  (Cycles ~ 19.0, IPC ~ 2.00)
INFO:slothy.start.split.20_58:[3.6504s]: Found 2 solutions so far... objective (minimize cycles): currently  (Cycles ~ 26.0, IPC ~ 1.46), bound  (Cycles ~ 19.0, IPC ~ 2.00)
INFO:slothy.start.split.20_58:[3.6598s]: Found 3 solutions so far... objective (minimize cycles): currently  (Cycles ~ 25.0, IPC ~ 1.52), bound  (Cycles ~ 19.0, IPC ~ 2.00)
INFO:slothy.start.split.20_58:[3.6700s]: Found 4 solutions so far... objective (minimize cycles): currently  (Cycles ~ 24.0, IPC ~ 1.58), bound  (Cycles ~ 19.0, IPC ~ 2.00)
INFO:slothy.start.split.20_58:[3.6795s]: Found 5 solutions so far... objective (minimize cycles): currently  (Cycles ~ 23.0, IPC ~ 1.65), bound  (Cycles ~ 19.0, IPC ~ 2.00)
INFO:slothy.start.split.20_58:[3.6932s]: Found 6 solutions so far... objective (minimize cycles): currently  (Cycles ~ 22.0, IPC ~ 1.73), bound  (Cycles ~ 19.0, IPC ~ 2.00)
INFO:slothy.start.split.20_58:[3.7470s]: Found 7 solutions so far... objective (minimize cycles): currently  (Cycles ~ 21.0, IPC ~ 1.81), bound  (Cycles ~ 19.0, IPC ~ 2.00)
INFO:slothy.start.split.20_58:[3.8021s]: Found 8 solutions so far... objective (minimize cycles): currently  (Cycles ~ 20.0, IPC ~ 1.90), bound  (Cycles ~ 19.0, IPC ~ 2.00)
INFO:slothy.start.split.20_58:[3.8285s]: Found 9 solutions so far... objective (minimize cycles): currently  (Cycles ~ 19.0, IPC ~ 2.00), bound  (Cycles ~ 19.0, IPC ~ 2.00)
INFO:slothy.start.split.20_58:Closer than 0 stalls to theoretical optimum... stop
INFO:slothy.start.split.20_58:OPTIMAL, wall time: 3.829965 s
INFO:slothy.start.split.20_58:Booleans in result: 4461
INFO:slothy.start.split.20_58.selfcheck:OK!
WARNING:slothy-config:LLVM (llvm-mc, llvm-nm, llvm-readobj) not found, disabling selftest. Consider installing LLVM.
INFO:slothy.start.split.20_58:Minimum number of stalls: 0
INFO:slothy.start.split:[  0-  3]: ***....... (3)
INFO:slothy.start.split:[  3-  6]: ***....... (3)
INFO:slothy.start.split:[  6-  9]: ***....... (3)
INFO:slothy.start.split:[  9- 12]: ***....... (3)
INFO:slothy.start.split:[ 12- 15]: ***....... (3)
INFO:slothy.start.split:[ 15- 18]: ***....... (3)
INFO:slothy.start.split:[ 18- 21]: **........ (2)
INFO:slothy.start.split:[ 21- 24]: .......... (0)
INFO:slothy.start.split:[ 24- 28]: .......... (0)
INFO:slothy.start.split:[ 28- 31]: .......... (0)
INFO:slothy.start.split:[ 31- 34]: .......... (0)
INFO:slothy.start.split:[ 34- 37]: .......... (0)
INFO:slothy.start.split:[ 37- 40]: .......... (0)
INFO:slothy.start.split:[ 40- 43]: *......... (1)
INFO:slothy.start.split:[ 43- 46]: *......... (1)
INFO:slothy.start.split:[ 46- 49]: *......... (1)
INFO:slothy.start.split:[ 49- 53]: *......... (1)
INFO:slothy.start.split:[ 53- 56]: *......... (1)
INFO:slothy.start.split:[ 56- 59]: *......... (1)
INFO:slothy.start.split:[ 59- 62]: *......... (1)
INFO:slothy.start.split:[ 62- 65]: *......... (1)
INFO:slothy.start.split:[ 65- 68]: *......... (1)
INFO:slothy.start.split:[ 68- 71]: *......... (1)
INFO:slothy.start.split:[ 71- 74]: *......... (1)
INFO:slothy.start.split:[ 74- 78]: .......... (0)
INFO:slothy.start.split:[ 78- 81]: .......... (0)
INFO:slothy.start.split:[ 81- 84]: .......... (0)
INFO:slothy.start.split:[ 84- 87]: .......... (0)
INFO:slothy.start.split:[ 87- 90]: .......... (0)
INFO:slothy.start.split:[ 90- 93]: .......... (0)
INFO:slothy.start.split:[ 93- 96]: .......... (0)
INFO:slothy.start.split:[ 96- 99]: .......... (0)
INFO:slothy.start.split:[ 99-102]: .......... (0)
INFO:slothy.start.split:[102-106]: .......... (0)
INFO:slothy.start.split:[106-109]: .......... (0)
INFO:slothy.start.split:[109-112]: .......... (0)
INFO:slothy.start.split:[112-115]: .......... (0)
INFO:slothy.start.split:[115-118]: .......... (0)
INFO:slothy.start.split:[118-121]: .......... (0)
INFO:slothy.start.split:[121-124]: .......... (0)
INFO:slothy.start.split:[124-127]: .......... (0)
INFO:slothy.start.split:[127-131]: .......... (0)
INFO:slothy.start.split:[131-134]: .......... (0)
INFO:slothy.start.split:[134-137]: .......... (0)
INFO:slothy.start.split:[137-140]: *......... (1)
INFO:slothy.start.split:[140-143]: *......... (1)
INFO:slothy.start.split:[143-146]: *......... (1)
INFO:slothy.start.split:[146-149]: *......... (1)
INFO:slothy.start.split:[149-152]: *......... (1)
INFO:slothy.start.split:[152-156]: *......... (1)
INFO:slothy.start.split.39_78:Perform internal binary search for minimal number of stalls...
INFO:slothy.start.split.39_78:Attempt optimization with max 16 stalls...
INFO:slothy.start.split.39_78:Setting timeout of 300 seconds...
INFO:slothy.start.split.39_78:Objective: minimize cycles
INFO:slothy.start.split.39_78:Invoking external constraint solver (OR-Tools CP-SAT v9.15.6755, 1 threads) ...
INFO:slothy.start.split.39_78:[3.7665s]: Found 1 solutions so far... objective (minimize cycles): currently  (Cycles ~ 27.0, IPC ~ 1.44), bound  (Cycles ~ 20.0, IPC ~ 1.95)
INFO:slothy.start.split.39_78:[3.7873s]: Found 2 solutions so far... objective (minimize cycles): currently  (Cycles ~ 26.0, IPC ~ 1.50), bound  (Cycles ~ 20.0, IPC ~ 1.95)
INFO:slothy.start.split.39_78:[3.7994s]: Found 3 solutions so far... objective (minimize cycles): currently  (Cycles ~ 24.0, IPC ~ 1.62), bound  (Cycles ~ 20.0, IPC ~ 1.95)
INFO:slothy.start.split.39_78:[3.8105s]: Found 4 solutions so far... objective (minimize cycles): currently  (Cycles ~ 23.0, IPC ~ 1.70), bound  (Cycles ~ 20.0, IPC ~ 1.95)
INFO:slothy.start.split.39_78:[3.8211s]: Found 5 solutions so far... objective (minimize cycles): currently  (Cycles ~ 22.0, IPC ~ 1.77), bound  (Cycles ~ 20.0, IPC ~ 1.95)
INFO:slothy.start.split.39_78:[3.8322s]: Found 6 solutions so far... objective (minimize cycles): currently  (Cycles ~ 21.0, IPC ~ 1.86), bound  (Cycles ~ 20.0, IPC ~ 1.95)
INFO:slothy.start.split.39_78:[3.8443s]: Found 7 solutions so far... objective (minimize cycles): currently  (Cycles ~ 20.0, IPC ~ 1.95), bound  (Cycles ~ 20.0, IPC ~ 1.95)
INFO:slothy.start.split.39_78:Closer than 0 stalls to theoretical optimum... stop
INFO:slothy.start.split.39_78:OPTIMAL, wall time: 3.845645 s
INFO:slothy.start.split.39_78:Booleans in result: 5231
INFO:slothy.start.split.39_78.selfcheck:OK!
WARNING:slothy-config:LLVM (llvm-mc, llvm-nm, llvm-readobj) not found, disabling selftest. Consider installing LLVM.
INFO:slothy.start.split.39_78:Minimum number of stalls: 0
INFO:slothy.start.split:[  0-  3]: ***....... (3)
INFO:slothy.start.split:[  3-  6]: ***....... (3)
INFO:slothy.start.split:[  6-  9]: ***....... (3)
INFO:slothy.start.split:[  9- 12]: ***....... (3)
INFO:slothy.start.split:[ 12- 15]: ***....... (3)
INFO:slothy.start.split:[ 15- 18]: ***....... (3)
INFO:slothy.start.split:[ 18- 21]: **........ (2)
INFO:slothy.start.split:[ 21- 24]: .......... (0)
INFO:slothy.start.split:[ 24- 28]: .......... (0)
INFO:slothy.start.split:[ 28- 31]: .......... (0)
INFO:slothy.start.split:[ 31- 34]: .......... (0)
INFO:slothy.start.split:[ 34- 37]: .......... (0)
INFO:slothy.start.split:[ 37- 40]: .......... (0)
INFO:slothy.start.split:[ 40- 43]: .......... (0)
INFO:slothy.start.split:[ 43- 46]: .......... (0)
INFO:slothy.start.split:[ 46- 49]: .......... (0)
INFO:slothy.start.split:[ 49- 53]: .......... (0)
INFO:slothy.start.split:[ 53- 56]: *......... (1)
INFO:slothy.start.split:[ 56- 59]: *......... (1)
INFO:slothy.start.split:[ 59- 62]: **........ (2)
INFO:slothy.start.split:[ 62- 65]: **........ (2)
INFO:slothy.start.split:[ 65- 68]: **........ (2)
INFO:slothy.start.split:[ 68- 71]: **........ (2)
INFO:slothy.start.split:[ 71- 74]: **........ (2)
INFO:slothy.start.split:[ 74- 78]: **........ (2)
INFO:slothy.start.split:[ 78- 81]: **........ (2)
INFO:slothy.start.split:[ 81- 84]: **........ (2)
INFO:slothy.start.split:[ 84- 87]: **........ (2)
INFO:slothy.start.split:[ 87- 90]: **........ (2)
INFO:slothy.start.split:[ 90- 93]: *......... (1)
INFO:slothy.start.split:[ 93- 96]: *......... (1)
INFO:slothy.start.split:[ 96- 99]: .......... (0)
INFO:slothy.start.split:[ 99-102]: .......... (0)
INFO:slothy.start.split:[102-106]: .......... (0)
INFO:slothy.start.split:[106-109]: .......... (0)
INFO:slothy.start.split:[109-112]: .......... (0)
INFO:slothy.start.split:[112-115]: .......... (0)
INFO:slothy.start.split:[115-118]: .......... (0)
INFO:slothy.start.split:[118-121]: .......... (0)
INFO:slothy.start.split:[121-124]: .......... (0)
INFO:slothy.start.split:[124-127]: .......... (0)
INFO:slothy.start.split:[127-131]: .......... (0)
INFO:slothy.start.split:[131-134]: .......... (0)
INFO:slothy.start.split:[134-137]: .......... (0)
INFO:slothy.start.split:[137-140]: *......... (1)
INFO:slothy.start.split:[140-143]: *......... (1)
INFO:slothy.start.split:[143-146]: *......... (1)
INFO:slothy.start.split:[146-149]: *......... (1)
INFO:slothy.start.split:[149-152]: *......... (1)
INFO:slothy.start.split:[152-156]: *......... (1)
INFO:slothy.start.split.58_98:Perform internal binary search for minimal number of stalls...
INFO:slothy.start.split.58_98:Attempt optimization with max 16 stalls...
INFO:slothy.start.split.58_98:Setting timeout of 300 seconds...
INFO:slothy.start.split.58_98:Objective: minimize cycles
INFO:slothy.start.split.58_98:Invoking external constraint solver (OR-Tools CP-SAT v9.15.6755, 1 threads) ...
INFO:slothy.start.split.58_98:[3.0006s]: Found 1 solutions so far... objective (minimize cycles): currently  (Cycles ~ 21.0, IPC ~ 1.90), bound  (Cycles ~ 20.0, IPC ~ 2.00)
INFO:slothy.start.split.58_98:[3.9041s]: Found 2 solutions so far... objective (minimize cycles): currently  (Cycles ~ 20.0, IPC ~ 2.00), bound  (Cycles ~ 20.0, IPC ~ 2.00)
INFO:slothy.start.split.58_98:Closer than 0 stalls to theoretical optimum... stop
INFO:slothy.start.split.58_98:OPTIMAL, wall time: 3.905892 s
INFO:slothy.start.split.58_98:Booleans in result: 6763
INFO:slothy.start.split.58_98.selfcheck:OK!
WARNING:slothy-config:LLVM (llvm-mc, llvm-nm, llvm-readobj) not found, disabling selftest. Consider installing LLVM.
INFO:slothy.start.split.58_98:Minimum number of stalls: 0
INFO:slothy.start.split:[  0-  3]: ***....... (3)
INFO:slothy.start.split:[  3-  6]: ***....... (3)
INFO:slothy.start.split:[  6-  9]: ***....... (3)
INFO:slothy.start.split:[  9- 12]: ***....... (3)
INFO:slothy.start.split:[ 12- 15]: ***....... (3)
INFO:slothy.start.split:[ 15- 18]: ***....... (3)
INFO:slothy.start.split:[ 18- 21]: **........ (2)
INFO:slothy.start.split:[ 21- 24]: .......... (0)
INFO:slothy.start.split:[ 24- 28]: .......... (0)
INFO:slothy.start.split:[ 28- 31]: .......... (0)
INFO:slothy.start.split:[ 31- 34]: .......... (0)
INFO:slothy.start.split:[ 34- 37]: .......... (0)
INFO:slothy.start.split:[ 37- 40]: .......... (0)
INFO:slothy.start.split:[ 40- 43]: .......... (0)
INFO:slothy.start.split:[ 43- 46]: .......... (0)
INFO:slothy.start.split:[ 46- 49]: .......... (0)
INFO:slothy.start.split:[ 49- 53]: .......... (0)
INFO:slothy.start.split:[ 53- 56]: .......... (0)
INFO:slothy.start.split:[ 56- 59]: .......... (0)
INFO:slothy.start.split:[ 59- 62]: .......... (0)
INFO:slothy.start.split:[ 62- 65]: .......... (0)
INFO:slothy.start.split:[ 65- 68]: .......... (0)
INFO:slothy.start.split:[ 68- 71]: .......... (0)
INFO:slothy.start.split:[ 71- 74]: .......... (0)
INFO:slothy.start.split:[ 74- 78]: .......... (0)
INFO:slothy.start.split:[ 78- 81]: *......... (1)
INFO:slothy.start.split:[ 81- 84]: *......... (1)
INFO:slothy.start.split:[ 84- 87]: *......... (1)
INFO:slothy.start.split:[ 87- 90]: *......... (1)
INFO:slothy.start.split:[ 90- 93]: *......... (1)
INFO:slothy.start.split:[ 93- 96]: *......... (1)
INFO:slothy.start.split:[ 96- 99]: *......... (1)
INFO:slothy.start.split:[ 99-102]: *......... (1)
INFO:slothy.start.split:[102-106]: *......... (1)
INFO:slothy.start.split:[106-109]: *......... (1)
INFO:slothy.start.split:[109-112]: *......... (1)
INFO:slothy.start.split:[112-115]: *......... (1)
INFO:slothy.start.split:[115-118]: .......... (0)
INFO:slothy.start.split:[118-121]: .......... (0)
INFO:slothy.start.split:[121-124]: .......... (0)
INFO:slothy.start.split:[124-127]: .......... (0)
INFO:slothy.start.split:[127-131]: .......... (0)
INFO:slothy.start.split:[131-134]: .......... (0)
INFO:slothy.start.split:[134-137]: .......... (0)
INFO:slothy.start.split:[137-140]: *......... (1)
INFO:slothy.start.split:[140-143]: *......... (1)
INFO:slothy.start.split:[143-146]: *......... (1)
INFO:slothy.start.split:[146-149]: *......... (1)
INFO:slothy.start.split:[149-152]: *......... (1)
INFO:slothy.start.split:[152-156]: *......... (1)
INFO:slothy.start.split.78_117:Perform internal binary search for minimal number of stalls...
INFO:slothy.start.split.78_117:Attempt optimization with max 16 stalls...
INFO:slothy.start.split.78_117:Setting timeout of 300 seconds...
INFO:slothy.start.split.78_117:Objective: minimize cycles
INFO:slothy.start.split.78_117:Invoking external constraint solver (OR-Tools CP-SAT v9.15.6755, 1 threads) ...
INFO:slothy.start.split.78_117:[2.9010s]: Found 1 solutions so far... objective (minimize cycles): currently  (Cycles ~ 36.0, IPC ~ 1.08), bound  (Cycles ~ 20.0, IPC ~ 1.95)
INFO:slothy.start.split.78_117:[2.9077s]: Found 2 solutions so far... objective (minimize cycles): currently  (Cycles ~ 20.0, IPC ~ 1.95), bound  (Cycles ~ 20.0, IPC ~ 1.95)
INFO:slothy.start.split.78_117:Closer than 0 stalls to theoretical optimum... stop
INFO:slothy.start.split.78_117:OPTIMAL, wall time: 2.909414 s
INFO:slothy.start.split.78_117:Booleans in result: 6496
INFO:slothy.start.split.78_117.selfcheck:OK!
WARNING:slothy-config:LLVM (llvm-mc, llvm-nm, llvm-readobj) not found, disabling selftest. Consider installing LLVM.
INFO:slothy.start.split.78_117:Minimum number of stalls: 0
INFO:slothy.start.split:[  0-  3]: ***....... (3)
INFO:slothy.start.split:[  3-  6]: ***....... (3)
INFO:slothy.start.split:[  6-  9]: ***....... (3)
INFO:slothy.start.split:[  9- 12]: ***....... (3)
INFO:slothy.start.split:[ 12- 15]: ***....... (3)
INFO:slothy.start.split:[ 15- 18]: ***....... (3)
INFO:slothy.start.split:[ 18- 21]: **........ (2)
INFO:slothy.start.split:[ 21- 24]: .......... (0)
INFO:slothy.start.split:[ 24- 28]: .......... (0)
INFO:slothy.start.split:[ 28- 31]: .......... (0)
INFO:slothy.start.split:[ 31- 34]: .......... (0)
INFO:slothy.start.split:[ 34- 37]: .......... (0)
INFO:slothy.start.split:[ 37- 40]: .......... (0)
INFO:slothy.start.split:[ 40- 43]: .......... (0)
INFO:slothy.start.split:[ 43- 46]: .......... (0)
INFO:slothy.start.split:[ 46- 49]: .......... (0)
INFO:slothy.start.split:[ 49- 53]: .......... (0)
INFO:slothy.start.split:[ 53- 56]: .......... (0)
INFO:slothy.start.split:[ 56- 59]: .......... (0)
INFO:slothy.start.split:[ 59- 62]: .......... (0)
INFO:slothy.start.split:[ 62- 65]: .......... (0)
INFO:slothy.start.split:[ 65- 68]: .......... (0)
INFO:slothy.start.split:[ 68- 71]: .......... (0)
INFO:slothy.start.split:[ 71- 74]: .......... (0)
INFO:slothy.start.split:[ 74- 78]: .......... (0)
INFO:slothy.start.split:[ 78- 81]: .......... (0)
INFO:slothy.start.split:[ 81- 84]: .......... (0)
INFO:slothy.start.split:[ 84- 87]: .......... (0)
INFO:slothy.start.split:[ 87- 90]: .......... (0)
INFO:slothy.start.split:[ 90- 93]: .......... (0)
INFO:slothy.start.split:[ 93- 96]: .......... (0)
INFO:slothy.start.split:[ 96- 99]: *......... (1)
INFO:slothy.start.split:[ 99-102]: **........ (2)
INFO:slothy.start.split:[102-106]: **........ (2)
INFO:slothy.start.split:[106-109]: **........ (2)
INFO:slothy.start.split:[109-112]: **........ (2)
INFO:slothy.start.split:[112-115]: **........ (2)
INFO:slothy.start.split:[115-118]: **........ (2)
INFO:slothy.start.split:[118-121]: **........ (2)
INFO:slothy.start.split:[121-124]: **........ (2)
INFO:slothy.start.split:[124-127]: **........ (2)
INFO:slothy.start.split:[127-131]: **........ (2)
INFO:slothy.start.split:[131-134]: **........ (2)
INFO:slothy.start.split:[134-137]: *......... (1)
INFO:slothy.start.split:[137-140]: *......... (1)
INFO:slothy.start.split:[140-143]: *......... (1)
INFO:slothy.start.split:[143-146]: *......... (1)
INFO:slothy.start.split:[146-149]: *......... (1)
INFO:slothy.start.split:[149-152]: *......... (1)
INFO:slothy.start.split:[152-156]: *......... (1)
INFO:slothy.start.split.98_136:Perform internal binary search for minimal number of stalls...
INFO:slothy.start.split.98_136:Attempt optimization with max 16 stalls...
INFO:slothy.start.split.98_136:Setting timeout of 300 seconds...
INFO:slothy.start.split.98_136:Objective: minimize cycles
INFO:slothy.start.split.98_136:Invoking external constraint solver (OR-Tools CP-SAT v9.15.6755, 1 threads) ...
INFO:slothy.start.split.98_136:[2.8102s]: Found 1 solutions so far... objective (minimize cycles): currently  (Cycles ~ 21.0, IPC ~ 1.81), bound  (Cycles ~ 19.0, IPC ~ 2.00)
INFO:slothy.start.split.98_136:[2.8445s]: Found 2 solutions so far... objective (minimize cycles): currently  (Cycles ~ 20.0, IPC ~ 1.90), bound  (Cycles ~ 19.0, IPC ~ 2.00)
INFO:slothy.start.split.98_136:[2.8726s]: Found 3 solutions so far... objective (minimize cycles): currently  (Cycles ~ 19.0, IPC ~ 2.00), bound  (Cycles ~ 19.0, IPC ~ 2.00)
INFO:slothy.start.split.98_136:Closer than 0 stalls to theoretical optimum... stop
INFO:slothy.start.split.98_136:OPTIMAL, wall time: 2.874429 s
INFO:slothy.start.split.98_136:Booleans in result: 6439
INFO:slothy.start.split.98_136.selfcheck:OK!
WARNING:slothy-config:LLVM (llvm-mc, llvm-nm, llvm-readobj) not found, disabling selftest. Consider installing LLVM.
INFO:slothy.start.split.98_136:Minimum number of stalls: 0
INFO:slothy.start.split:[  0-  3]: ***....... (3)
INFO:slothy.start.split:[  3-  6]: ***....... (3)
INFO:slothy.start.split:[  6-  9]: ***....... (3)
INFO:slothy.start.split:[  9- 12]: ***....... (3)
INFO:slothy.start.split:[ 12- 15]: ***....... (3)
INFO:slothy.start.split:[ 15- 18]: ***....... (3)
INFO:slothy.start.split:[ 18- 21]: **........ (2)
INFO:slothy.start.split:[ 21- 24]: .......... (0)
INFO:slothy.start.split:[ 24- 28]: .......... (0)
INFO:slothy.start.split:[ 28- 31]: .......... (0)
INFO:slothy.start.split:[ 31- 34]: .......... (0)
INFO:slothy.start.split:[ 34- 37]: .......... (0)
INFO:slothy.start.split:[ 37- 40]: .......... (0)
INFO:slothy.start.split:[ 40- 43]: .......... (0)
INFO:slothy.start.split:[ 43- 46]: .......... (0)
INFO:slothy.start.split:[ 46- 49]: .......... (0)
INFO:slothy.start.split:[ 49- 53]: .......... (0)
INFO:slothy.start.split:[ 53- 56]: .......... (0)
INFO:slothy.start.split:[ 56- 59]: .......... (0)
INFO:slothy.start.split:[ 59- 62]: .......... (0)
INFO:slothy.start.split:[ 62- 65]: .......... (0)
INFO:slothy.start.split:[ 65- 68]: .......... (0)
INFO:slothy.start.split:[ 68- 71]: .......... (0)
INFO:slothy.start.split:[ 71- 74]: .......... (0)
INFO:slothy.start.split:[ 74- 78]: .......... (0)
INFO:slothy.start.split:[ 78- 81]: .......... (0)
INFO:slothy.start.split:[ 81- 84]: .......... (0)
INFO:slothy.start.split:[ 84- 87]: .......... (0)
INFO:slothy.start.split:[ 87- 90]: .......... (0)
INFO:slothy.start.split:[ 90- 93]: .......... (0)
INFO:slothy.start.split:[ 93- 96]: .......... (0)
INFO:slothy.start.split:[ 96- 99]: .......... (0)
INFO:slothy.start.split:[ 99-102]: .......... (0)
INFO:slothy.start.split:[102-106]: .......... (0)
INFO:slothy.start.split:[106-109]: .......... (0)
INFO:slothy.start.split:[109-112]: .......... (0)
INFO:slothy.start.split:[112-115]: .......... (0)
INFO:slothy.start.split:[115-118]: .......... (0)
INFO:slothy.start.split:[118-121]: *......... (1)
INFO:slothy.start.split:[121-124]: *......... (1)
INFO:slothy.start.split:[124-127]: *......... (1)
INFO:slothy.start.split:[127-131]: *......... (1)
INFO:slothy.start.split:[131-134]: *......... (1)
INFO:slothy.start.split:[134-137]: *......... (1)
INFO:slothy.start.split:[137-140]: **........ (2)
INFO:slothy.start.split:[140-143]: **........ (2)
INFO:slothy.start.split:[143-146]: **........ (2)
INFO:slothy.start.split:[146-149]: **........ (2)
INFO:slothy.start.split:[149-152]: **........ (2)
INFO:slothy.start.split:[152-156]: *......... (1)
INFO:slothy.start.split.117_156:Perform internal binary search for minimal number of stalls...
INFO:slothy.start.split.117_156:Attempt optimization with max 16 stalls...
INFO:slothy.start.split.117_156:Setting timeout of 300 seconds...
INFO:slothy.start.split.117_156:Objective: minimize cycles
INFO:slothy.start.split.117_156:Invoking external constraint solver (OR-Tools CP-SAT v9.15.6755, 1 threads) ...
INFO:slothy.start.split.117_156:[1.5512s]: Found 1 solutions so far... objective (minimize cycles): currently  (Cycles ~ 20.0, IPC ~ 1.95), bound  (Cycles ~ 20.0, IPC ~ 1.95)
INFO:slothy.start.split.117_156:Closer than 0 stalls to theoretical optimum... stop
INFO:slothy.start.split.117_156:OPTIMAL, wall time: 1.552917 s
INFO:slothy.start.split.117_156:Booleans in result: 5302
INFO:slothy.start.split.117_156.selfcheck:OK!
WARNING:slothy-config:LLVM (llvm-mc, llvm-nm, llvm-readobj) not found, disabling selftest. Consider installing LLVM.
INFO:slothy.start.split.117_156:Minimum number of stalls: 0
INFO:slothy.start.split:[  0-  3]: ***....... (3)
INFO:slothy.start.split:[  3-  6]: ***....... (3)
INFO:slothy.start.split:[  6-  9]: ***....... (3)
INFO:slothy.start.split:[  9- 12]: ***....... (3)
INFO:slothy.start.split:[ 12- 15]: ***....... (3)
INFO:slothy.start.split:[ 15- 18]: ***....... (3)
INFO:slothy.start.split:[ 18- 21]: **........ (2)
INFO:slothy.start.split:[ 21- 24]: .......... (0)
INFO:slothy.start.split:[ 24- 28]: .......... (0)
INFO:slothy.start.split:[ 28- 31]: .......... (0)
INFO:slothy.start.split:[ 31- 34]: .......... (0)
INFO:slothy.start.split:[ 34- 37]: .......... (0)
INFO:slothy.start.split:[ 37- 40]: .......... (0)
INFO:slothy.start.split:[ 40- 43]: .......... (0)
INFO:slothy.start.split:[ 43- 46]: .......... (0)
INFO:slothy.start.split:[ 46- 49]: .......... (0)
INFO:slothy.start.split:[ 49- 53]: .......... (0)
INFO:slothy.start.split:[ 53- 56]: .......... (0)
INFO:slothy.start.split:[ 56- 59]: .......... (0)
INFO:slothy.start.split:[ 59- 62]: .......... (0)
INFO:slothy.start.split:[ 62- 65]: .......... (0)
INFO:slothy.start.split:[ 65- 68]: .......... (0)
INFO:slothy.start.split:[ 68- 71]: .......... (0)
INFO:slothy.start.split:[ 71- 74]: .......... (0)
INFO:slothy.start.split:[ 74- 78]: .......... (0)
INFO:slothy.start.split:[ 78- 81]: .......... (0)
INFO:slothy.start.split:[ 81- 84]: .......... (0)
INFO:slothy.start.split:[ 84- 87]: .......... (0)
INFO:slothy.start.split:[ 87- 90]: .......... (0)
INFO:slothy.start.split:[ 90- 93]: .......... (0)
INFO:slothy.start.split:[ 93- 96]: .......... (0)
INFO:slothy.start.split:[ 96- 99]: .......... (0)
INFO:slothy.start.split:[ 99-102]: .......... (0)
INFO:slothy.start.split:[102-106]: .......... (0)
INFO:slothy.start.split:[106-109]: .......... (0)
INFO:slothy.start.split:[109-112]: .......... (0)
INFO:slothy.start.split:[112-115]: .......... (0)
INFO:slothy.start.split:[115-118]: .......... (0)
INFO:slothy.start.split:[118-121]: .......... (0)
INFO:slothy.start.split:[121-124]: .......... (0)
INFO:slothy.start.split:[124-127]: .......... (0)
INFO:slothy.start.split:[127-131]: .......... (0)
INFO:slothy.start.split:[131-134]: .......... (0)
INFO:slothy.start.split:[134-137]: *......... (1)
INFO:slothy.start.split:[137-140]: **........ (2)
INFO:slothy.start.split:[140-143]: **........ (2)
INFO:slothy.start.split:[143-146]: **........ (2)
INFO:slothy.start.split:[146-149]: **........ (2)
INFO:slothy.start.split:[149-152]: **........ (2)
INFO:slothy.start.split:[152-156]: **........ (2)
INFO:slothy.start.split.split_heuristic_full:OK!
INFO:slothy.start.split_estimate_perf:Perform internal binary search for minimal number of stalls...
INFO:slothy.start.split_estimate_perf:Attempt optimization with max 16 stalls...
INFO:slothy.start.split_estimate_perf:Objective: minimize cycles
INFO:slothy.start.split_estimate_perf:Invoking external constraint solver (OR-Tools CP-SAT v9.15.6755, 1 threads) ...
INFO:slothy.start.split_estimate_perf:[7.0602s]: Found 1 solutions so far... objective (minimize cycles): currently  (Cycles ~ 82.0, IPC ~ 1.90), bound  (Cycles ~ 82.0, IPC ~ 1.90)
INFO:slothy.start.split_estimate_perf:Closer than 0 stalls to theoretical optimum... stop
INFO:slothy.start.split_estimate_perf:OPTIMAL, wall time: 7.062664 s
INFO:slothy.start.split_estimate_perf:Booleans in result: 8748
INFO:slothy.start.split_estimate_perf.selfcheck:OK!
WARNING:slothy-config:LLVM (llvm-mc, llvm-nm, llvm-readobj) not found, disabling selftest. Consider installing LLVM.
INFO:slothy.start.split_estimate_perf:Minimum number of stalls: 4
INFO:slothy.start.split.split_heuristic_full_with_stalls:OK!
EXP_BMID_DONE
