INFO:slothy.start:SLOTHY version: unknown
INFO:slothy:Instructions in body: 606
INFO:slothy.start.split.0_38:Perform internal binary search for minimal number of stalls...
INFO:slothy.start.split.0_38:Attempt optimization with max 32 stalls...
INFO:slothy.start.split.0_38:Setting timeout of 120 seconds...
INFO:slothy.start.split.0_38:Objective: minimize cycles
INFO:slothy.start.split.0_38:Invoking external constraint solver (OR-Tools CP-SAT v9.15.6755) ...
INFO:slothy.start.split.0_38:[0.0518s]: Found 1 solutions so far... objective (minimize cycles): currently  (Cycles ~ 28.0, IPC ~ 1.36), bound  (Cycles ~ 21.0, IPC ~ 1.81)
INFO:slothy.start.split.0_38:[0.0520s]: Found 2 solutions so far... objective (minimize cycles): currently  (Cycles ~ 27.0, IPC ~ 1.41), bound  (Cycles ~ 21.0, IPC ~ 1.81)
INFO:slothy.start.split.0_38:[0.0523s]: Found 3 solutions so far... objective (minimize cycles): currently  (Cycles ~ 26.0, IPC ~ 1.46), bound  (Cycles ~ 21.0, IPC ~ 1.81)
INFO:slothy.start.split.0_38:OPTIMAL, wall time: 0.057891 s
INFO:slothy.start.split.0_38:Booleans in result: 32
INFO:slothy.start.split.0_38.selfcheck:OK!
WARNING:slothy-config:LLVM (llvm-mc, llvm-nm, llvm-readobj) not found, disabling selftest. Consider installing LLVM.
INFO:slothy.start.split.0_38:Minimum number of stalls: 7
INFO:slothy.start.split.38_76:Perform internal binary search for minimal number of stalls...
INFO:slothy.start.split.38_76:Attempt optimization with max 32 stalls...
INFO:slothy.start.split.38_76:Setting timeout of 120 seconds...
INFO:slothy.start.split.38_76:Objective: minimize cycles
INFO:slothy.start.split.38_76:Invoking external constraint solver (OR-Tools CP-SAT v9.15.6755) ...
INFO:slothy.start.split.38_76:[0.0361s]: Found 1 solutions so far... objective (minimize cycles): currently  (Cycles ~ 24.0, IPC ~ 1.58), bound  (Cycles ~ 19.0, IPC ~ 2.00)
INFO:slothy.start.split.38_76:[0.0363s]: Found 2 solutions so far... objective (minimize cycles): currently  (Cycles ~ 23.0, IPC ~ 1.65), bound  (Cycles ~ 19.0, IPC ~ 2.00)
INFO:slothy.start.split.38_76:OPTIMAL, wall time: 0.042605 s
INFO:slothy.start.split.38_76:Booleans in result: 38
INFO:slothy.start.split.38_76.selfcheck:OK!
WARNING:slothy-config:LLVM (llvm-mc, llvm-nm, llvm-readobj) not found, disabling selftest. Consider installing LLVM.
INFO:slothy.start.split.38_76:Minimum number of stalls: 4
INFO:slothy.start.split.76_114:Perform internal binary search for minimal number of stalls...
INFO:slothy.start.split.76_114:Attempt optimization with max 32 stalls...
INFO:slothy.start.split.76_114:Setting timeout of 120 seconds...
INFO:slothy.start.split.76_114:Objective: minimize cycles
INFO:slothy.start.split.76_114:Invoking external constraint solver (OR-Tools CP-SAT v9.15.6755) ...
INFO:slothy.start.split.76_114:[0.0465s]: Found 1 solutions so far... objective (minimize cycles): currently  (Cycles ~ 27.0, IPC ~ 1.41), bound  (Cycles ~ 22.0, IPC ~ 1.73)
INFO:slothy.start.split.76_114:[0.0477s]: Found 2 solutions so far... objective (minimize cycles): currently  (Cycles ~ 26.0, IPC ~ 1.46), bound  (Cycles ~ 23.0, IPC ~ 1.65)
INFO:slothy.start.split.76_114:OPTIMAL, wall time: 0.054071 s
INFO:slothy.start.split.76_114:Booleans in result: 89
INFO:slothy.start.split.76_114.selfcheck:OK!
WARNING:slothy-config:LLVM (llvm-mc, llvm-nm, llvm-readobj) not found, disabling selftest. Consider installing LLVM.
INFO:slothy.start.split.76_114:Minimum number of stalls: 7
INFO:slothy.start.split.114_152:Perform internal binary search for minimal number of stalls...
INFO:slothy.start.split.114_152:Attempt optimization with max 32 stalls...
INFO:slothy.start.split.114_152:Setting timeout of 120 seconds...
INFO:slothy.start.split.114_152:Objective: minimize cycles
INFO:slothy.start.split.114_152:Invoking external constraint solver (OR-Tools CP-SAT v9.15.6755) ...
INFO:slothy.start.split.114_152:[0.0432s]: Found 1 solutions so far... objective (minimize cycles): currently  (Cycles ~ 29.0, IPC ~ 1.31), bound  (Cycles ~ 23.0, IPC ~ 1.65)
INFO:slothy.start.split.114_152:OPTIMAL, wall time: 0.048529 s
INFO:slothy.start.split.114_152:Booleans in result: 34
INFO:slothy.start.split.114_152.selfcheck:OK!
WARNING:slothy-config:LLVM (llvm-mc, llvm-nm, llvm-readobj) not found, disabling selftest. Consider installing LLVM.
INFO:slothy.start.split.114_152:Minimum number of stalls: 10
INFO:slothy.start.split.152_189:Perform internal binary search for minimal number of stalls...
INFO:slothy.start.split.152_189:Attempt optimization with max 32 stalls...
INFO:slothy.start.split.152_189:Setting timeout of 120 seconds...
INFO:slothy.start.split.152_189:Objective: minimize cycles
INFO:slothy.start.split.152_189:Invoking external constraint solver (OR-Tools CP-SAT v9.15.6755) ...
INFO:slothy.start.split.152_189:[0.0375s]: Found 1 solutions so far... objective (minimize cycles): currently  (Cycles ~ 27.0, IPC ~ 1.37), bound  (Cycles ~ 21.0, IPC ~ 1.76)
INFO:slothy.start.split.152_189:OPTIMAL, wall time: 0.046815 s
INFO:slothy.start.split.152_189:Booleans in result: 10
INFO:slothy.start.split.152_189.selfcheck:OK!
WARNING:slothy-config:LLVM (llvm-mc, llvm-nm, llvm-readobj) not found, disabling selftest. Consider installing LLVM.
INFO:slothy.start.split.152_189:Minimum number of stalls: 8
INFO:slothy.start.split.189_227:Perform internal binary search for minimal number of stalls...
INFO:slothy.start.split.189_227:Attempt optimization with max 32 stalls...
INFO:slothy.start.split.189_227:Setting timeout of 120 seconds...
INFO:slothy.start.split.189_227:Objective: minimize cycles
INFO:slothy.start.split.189_227:Invoking external constraint solver (OR-Tools CP-SAT v9.15.6755) ...
INFO:slothy.start.split.189_227:[0.0405s]: Found 1 solutions so far... objective (minimize cycles): currently  (Cycles ~ 27.0, IPC ~ 1.41), bound  (Cycles ~ 22.0, IPC ~ 1.73)
INFO:slothy.start.split.189_227:OPTIMAL, wall time: 0.044617 s
INFO:slothy.start.split.189_227:Booleans in result: 34
INFO:slothy.start.split.189_227.selfcheck:OK!
WARNING:slothy-config:LLVM (llvm-mc, llvm-nm, llvm-readobj) not found, disabling selftest. Consider installing LLVM.
INFO:slothy.start.split.189_227:Minimum number of stalls: 8
INFO:slothy.start.split.227_265:Perform internal binary search for minimal number of stalls...
INFO:slothy.start.split.227_265:Attempt optimization with max 32 stalls...
INFO:slothy.start.split.227_265:Setting timeout of 120 seconds...
INFO:slothy.start.split.227_265:Objective: minimize cycles
INFO:slothy.start.split.227_265:Invoking external constraint solver (OR-Tools CP-SAT v9.15.6755) ...
INFO:slothy.start.split.227_265:[0.0442s]: Found 1 solutions so far... objective (minimize cycles): currently  (Cycles ~ 29.0, IPC ~ 1.31), bound  (Cycles ~ 22.0, IPC ~ 1.73)
INFO:slothy.start.split.227_265:OPTIMAL, wall time: 0.061165 s
INFO:slothy.start.split.227_265:Booleans in result: 30
INFO:slothy.start.split.227_265.selfcheck:OK!
WARNING:slothy-config:LLVM (llvm-mc, llvm-nm, llvm-readobj) not found, disabling selftest. Consider installing LLVM.
INFO:slothy.start.split.227_265:Minimum number of stalls: 10
INFO:slothy.start.split.265_303:Perform internal binary search for minimal number of stalls...
INFO:slothy.start.split.265_303:Attempt optimization with max 32 stalls...
INFO:slothy.start.split.265_303:Setting timeout of 120 seconds...
INFO:slothy.start.split.265_303:Objective: minimize cycles
INFO:slothy.start.split.265_303:Invoking external constraint solver (OR-Tools CP-SAT v9.15.6755) ...
INFO:slothy.start.split.265_303:[0.0463s]: Found 1 solutions so far... objective (minimize cycles): currently  (Cycles ~ 29.0, IPC ~ 1.31), bound  (Cycles ~ 24.0, IPC ~ 1.58)
INFO:slothy.start.split.265_303:OPTIMAL, wall time: 0.054129 s
INFO:slothy.start.split.265_303:Booleans in result: 27
INFO:slothy.start.split.265_303.selfcheck:OK!
WARNING:slothy-config:LLVM (llvm-mc, llvm-nm, llvm-readobj) not found, disabling selftest. Consider installing LLVM.
INFO:slothy.start.split.265_303:Minimum number of stalls: 10
INFO:slothy.start.split.303_341:Perform internal binary search for minimal number of stalls...
INFO:slothy.start.split.303_341:Attempt optimization with max 32 stalls...
INFO:slothy.start.split.303_341:Setting timeout of 120 seconds...
INFO:slothy.start.split.303_341:Objective: minimize cycles
INFO:slothy.start.split.303_341:Invoking external constraint solver (OR-Tools CP-SAT v9.15.6755) ...
INFO:slothy.start.split.303_341:[0.0469s]: Found 1 solutions so far... objective (minimize cycles): currently  (Cycles ~ 28.0, IPC ~ 1.36), bound  (Cycles ~ 21.0, IPC ~ 1.81)
INFO:slothy.start.split.303_341:[0.0476s]: Found 2 solutions so far... objective (minimize cycles): currently  (Cycles ~ 27.0, IPC ~ 1.41), bound  (Cycles ~ 21.0, IPC ~ 1.81)
INFO:slothy.start.split.303_341:OPTIMAL, wall time: 0.058017 s
INFO:slothy.start.split.303_341:Booleans in result: 34
INFO:slothy.start.split.303_341.selfcheck:OK!
WARNING:slothy-config:LLVM (llvm-mc, llvm-nm, llvm-readobj) not found, disabling selftest. Consider installing LLVM.
INFO:slothy.start.split.303_341:Minimum number of stalls: 8
INFO:slothy.start.split.341_379:Perform internal binary search for minimal number of stalls...
INFO:slothy.start.split.341_379:Attempt optimization with max 32 stalls...
INFO:slothy.start.split.341_379:Setting timeout of 120 seconds...
INFO:slothy.start.split.341_379:Objective: minimize cycles
INFO:slothy.start.split.341_379:Invoking external constraint solver (OR-Tools CP-SAT v9.15.6755) ...
INFO:slothy.start.split.341_379:[0.0442s]: Found 1 solutions so far... objective (minimize cycles): currently  (Cycles ~ 31.0, IPC ~ 1.23), bound  (Cycles ~ 23.0, IPC ~ 1.65)
INFO:slothy.start.split.341_379:OPTIMAL, wall time: 0.052715 s
INFO:slothy.start.split.341_379:Booleans in result: 27
INFO:slothy.start.split.341_379.selfcheck:OK!
WARNING:slothy-config:LLVM (llvm-mc, llvm-nm, llvm-readobj) not found, disabling selftest. Consider installing LLVM.
INFO:slothy.start.split.341_379:Minimum number of stalls: 12
INFO:slothy.start.split.379_417:Perform internal binary search for minimal number of stalls...
INFO:slothy.start.split.379_417:Attempt optimization with max 32 stalls...
INFO:slothy.start.split.379_417:Setting timeout of 120 seconds...
INFO:slothy.start.split.379_417:Objective: minimize cycles
INFO:slothy.start.split.379_417:Invoking external constraint solver (OR-Tools CP-SAT v9.15.6755) ...
INFO:slothy.start.split.379_417:[0.0468s]: Found 1 solutions so far... objective (minimize cycles): currently  (Cycles ~ 25.0, IPC ~ 1.52), bound  (Cycles ~ 21.0, IPC ~ 1.81)
INFO:slothy.start.split.379_417:OPTIMAL, wall time: 0.052166 s
INFO:slothy.start.split.379_417:Booleans in result: 39
INFO:slothy.start.split.379_417.selfcheck:OK!
WARNING:slothy-config:LLVM (llvm-mc, llvm-nm, llvm-readobj) not found, disabling selftest. Consider installing LLVM.
INFO:slothy.start.split.379_417:Minimum number of stalls: 6
INFO:slothy.start.split.417_454:Perform internal binary search for minimal number of stalls...
INFO:slothy.start.split.417_454:Attempt optimization with max 32 stalls...
INFO:slothy.start.split.417_454:Setting timeout of 120 seconds...
INFO:slothy.start.split.417_454:Objective: minimize cycles
INFO:slothy.start.split.417_454:Invoking external constraint solver (OR-Tools CP-SAT v9.15.6755) ...
INFO:slothy.start.split.417_454:[0.0314s]: Found 1 solutions so far... objective (minimize cycles): currently  (Cycles ~ 25.0, IPC ~ 1.48), bound  (Cycles ~ 22.0, IPC ~ 1.68)
INFO:slothy.start.split.417_454:OPTIMAL, wall time: 0.037573 s
INFO:slothy.start.split.417_454:Booleans in result: 83
INFO:slothy.start.split.417_454.selfcheck:OK!
WARNING:slothy-config:LLVM (llvm-mc, llvm-nm, llvm-readobj) not found, disabling selftest. Consider installing LLVM.
INFO:slothy.start.split.417_454:Minimum number of stalls: 6
INFO:slothy.start.split.454_492:Perform internal binary search for minimal number of stalls...
INFO:slothy.start.split.454_492:Attempt optimization with max 32 stalls...
INFO:slothy.start.split.454_492:Setting timeout of 120 seconds...
INFO:slothy.start.split.454_492:Objective: minimize cycles
INFO:slothy.start.split.454_492:Invoking external constraint solver (OR-Tools CP-SAT v9.15.6755) ...
INFO:slothy.start.split.454_492:[0.0387s]: Found 1 solutions so far... objective (minimize cycles): currently  (Cycles ~ 31.0, IPC ~ 1.23), bound  (Cycles ~ 24.0, IPC ~ 1.58)
INFO:slothy.start.split.454_492:OPTIMAL, wall time: 0.048150 s
INFO:slothy.start.split.454_492:Booleans in result: 38
INFO:slothy.start.split.454_492.selfcheck:OK!
WARNING:slothy-config:LLVM (llvm-mc, llvm-nm, llvm-readobj) not found, disabling selftest. Consider installing LLVM.
INFO:slothy.start.split.454_492:Minimum number of stalls: 12
INFO:slothy.start.split.492_530:Perform internal binary search for minimal number of stalls...
INFO:slothy.start.split.492_530:Attempt optimization with max 32 stalls...
INFO:slothy.start.split.492_530:Setting timeout of 120 seconds...
INFO:slothy.start.split.492_530:Objective: minimize cycles
INFO:slothy.start.split.492_530:Invoking external constraint solver (OR-Tools CP-SAT v9.15.6755) ...
INFO:slothy.start.split.492_530:[0.0465s]: Found 1 solutions so far... objective (minimize cycles): currently  (Cycles ~ 29.0, IPC ~ 1.31), bound  (Cycles ~ 21.0, IPC ~ 1.81)
INFO:slothy.start.split.492_530:OPTIMAL, wall time: 0.059976 s
INFO:slothy.start.split.492_530:Booleans in result: 40
INFO:slothy.start.split.492_530.selfcheck:OK!
WARNING:slothy-config:LLVM (llvm-mc, llvm-nm, llvm-readobj) not found, disabling selftest. Consider installing LLVM.
INFO:slothy.start.split.492_530:Minimum number of stalls: 10
INFO:slothy.start.split.530_568:Perform internal binary search for minimal number of stalls...
INFO:slothy.start.split.530_568:Attempt optimization with max 32 stalls...
INFO:slothy.start.split.530_568:Setting timeout of 120 seconds...
INFO:slothy.start.split.530_568:Objective: minimize cycles
INFO:slothy.start.split.530_568:Invoking external constraint solver (OR-Tools CP-SAT v9.15.6755) ...
INFO:slothy.start.split.530_568:[0.0423s]: Found 1 solutions so far... objective (minimize cycles): currently  (Cycles ~ 25.0, IPC ~ 1.52), bound  (Cycles ~ 22.0, IPC ~ 1.73)
INFO:slothy.start.split.530_568:OPTIMAL, wall time: 0.045302 s
INFO:slothy.start.split.530_568:Booleans in result: 46
INFO:slothy.start.split.530_568.selfcheck:OK!
WARNING:slothy-config:LLVM (llvm-mc, llvm-nm, llvm-readobj) not found, disabling selftest. Consider installing LLVM.
INFO:slothy.start.split.530_568:Minimum number of stalls: 6
INFO:slothy.start.split.568_606:Perform internal binary search for minimal number of stalls...
INFO:slothy.start.split.568_606:Attempt optimization with max 32 stalls...
INFO:slothy.start.split.568_606:Setting timeout of 120 seconds...
INFO:slothy.start.split.568_606:Objective: minimize cycles
INFO:slothy.start.split.568_606:Invoking external constraint solver (OR-Tools CP-SAT v9.15.6755) ...
INFO:slothy.start.split.568_606:[0.0347s]: Found 1 solutions so far... objective (minimize cycles): currently  (Cycles ~ 27.0, IPC ~ 1.41), bound  (Cycles ~ 22.0, IPC ~ 1.73)
INFO:slothy.start.split.568_606:OPTIMAL, wall time: 0.041098 s
INFO:slothy.start.split.568_606:Booleans in result: 61
INFO:slothy.start.split.568_606.selfcheck:OK!
WARNING:slothy-config:LLVM (llvm-mc, llvm-nm, llvm-readobj) not found, disabling selftest. Consider installing LLVM.
INFO:slothy.start.split.568_606:Minimum number of stalls: 8
INFO:slothy.start.split:Initial stalls
INFO:slothy.start.split:[  0- 12]: ********........... (8)
INFO:slothy.start.split:[ 12- 24]: *********.......... (9)
INFO:slothy.start.split:[ 24- 36]: *****.............. (5)
INFO:slothy.start.split:[ 36- 48]: ***................ (3)
INFO:slothy.start.split:[ 48- 60]: ****............... (4)
INFO:slothy.start.split:[ 60- 72]: *******............ (7)
INFO:slothy.start.split:[ 72- 84]: *******............ (7)
INFO:slothy.start.split:[ 84- 96]: ********........... (8)
INFO:slothy.start.split:[ 96-109]: ********........... (8)
INFO:slothy.start.split:[109-121]: ***********........ (11)
INFO:slothy.start.split:[121-133]: ***********........ (11)
INFO:slothy.start.split:[133-145]: *************...... (13)
INFO:slothy.start.split:[145-157]: **************..... (14)
INFO:slothy.start.split:[157-169]: **************..... (14)
INFO:slothy.start.split:[169-181]: ***********........ (11)
INFO:slothy.start.split:[181-193]: **********......... (10)
INFO:slothy.start.split:[193-206]: *********.......... (9)
INFO:slothy.start.split:[206-218]: ************....... (12)
INFO:slothy.start.split:[218-230]: *************...... (13)
INFO:slothy.start.split:[230-242]: ***************.... (15)
INFO:slothy.start.split:[242-254]: **************..... (14)
INFO:slothy.start.split:[254-266]: ******************. (18)
INFO:slothy.start.split:[266-278]: ****************... (16)
INFO:slothy.start.split:[278-290]: ***************.... (15)
INFO:slothy.start.split:[290-303]: ************....... (12)
INFO:slothy.start.split:[303-315]: ************....... (12)
INFO:slothy.start.split:[315-327]: ***********........ (11)
INFO:slothy.start.split:[327-339]: **********......... (10)
INFO:slothy.start.split:[339-351]: ************....... (12)
INFO:slothy.start.split:[351-363]: ***************.... (15)
INFO:slothy.start.split:[363-375]: ****************... (16)
INFO:slothy.start.split:[375-387]: **************..... (14)
INFO:slothy.start.split:[387-399]: **********......... (10)
INFO:slothy.start.split:[399-412]: **********......... (10)
INFO:slothy.start.split:[412-424]: **********......... (10)
INFO:slothy.start.split:[424-436]: **********......... (10)
INFO:slothy.start.split:[436-448]: *********.......... (9)
INFO:slothy.start.split:[448-460]: **********......... (10)
INFO:slothy.start.split:[460-472]: **************..... (14)
INFO:slothy.start.split:[472-484]: ***************.... (15)
INFO:slothy.start.split:[484-496]: *****************.. (17)
INFO:slothy.start.split:[496-509]: ***************.... (15)
INFO:slothy.start.split:[509-521]: *************...... (13)
INFO:slothy.start.split:[521-533]: **********......... (10)
INFO:slothy.start.split:[533-545]: ************....... (12)
INFO:slothy.start.split:[545-557]: *************...... (13)
INFO:slothy.start.split:[557-569]: *************...... (13)
INFO:slothy.start.split:[569-581]: ************....... (12)
INFO:slothy.start.split:[581-593]: ***********........ (11)
INFO:slothy.start.split:[593-606]: ********........... (8)
INFO:slothy.start.split.0_38:Perform internal binary search for minimal number of stalls...
INFO:slothy.start.split.0_38:Attempt optimization with max 32 stalls...
INFO:slothy.start.split.0_38:Setting timeout of 120 seconds...
INFO:slothy.start.split.0_38:Objective: minimize cycles
INFO:slothy.start.split.0_38:Invoking external constraint solver (OR-Tools CP-SAT v9.15.6755) ...
INFO:slothy.start.split.0_38:[0.0382s]: Found 1 solutions so far... objective (minimize cycles): currently  (Cycles ~ 24.0, IPC ~ 1.58), bound  (Cycles ~ 19.0, IPC ~ 2.00)
INFO:slothy.start.split.0_38:[0.0415s]: Found 2 solutions so far... objective (minimize cycles): currently  (Cycles ~ 23.0, IPC ~ 1.65), bound  (Cycles ~ 19.0, IPC ~ 2.00)
INFO:slothy.start.split.0_38:[0.0440s]: Found 3 solutions so far... objective (minimize cycles): currently  (Cycles ~ 22.0, IPC ~ 1.73), bound  (Cycles ~ 19.0, IPC ~ 2.00)
INFO:slothy.start.split.0_38:OPTIMAL, wall time: 0.046825 s
INFO:slothy.start.split.0_38:Booleans in result: 235
INFO:slothy.start.split.0_38.selfcheck:OK!
WARNING:slothy-config:LLVM (llvm-mc, llvm-nm, llvm-readobj) not found, disabling selftest. Consider installing LLVM.
INFO:slothy.start.split.0_38:Minimum number of stalls: 3
INFO:slothy.start.split:[  0- 12]: ******............. (6)
INFO:slothy.start.split:[ 12- 24]: ******............. (6)
INFO:slothy.start.split:[ 24- 36]: **................. (2)
INFO:slothy.start.split:[ 36- 48]: **................. (2)
INFO:slothy.start.split:[ 48- 60]: ****............... (4)
INFO:slothy.start.split:[ 60- 72]: *******............ (7)
INFO:slothy.start.split:[ 72- 84]: *******............ (7)
INFO:slothy.start.split:[ 84- 96]: ********........... (8)
INFO:slothy.start.split:[ 96-109]: ********........... (8)
INFO:slothy.start.split:[109-121]: ***********........ (11)
INFO:slothy.start.split:[121-133]: ***********........ (11)
INFO:slothy.start.split:[133-145]: *************...... (13)
INFO:slothy.start.split:[145-157]: **************..... (14)
INFO:slothy.start.split:[157-169]: **************..... (14)
INFO:slothy.start.split:[169-181]: ***********........ (11)
INFO:slothy.start.split:[181-193]: **********......... (10)
INFO:slothy.start.split:[193-206]: *********.......... (9)
INFO:slothy.start.split:[206-218]: ************....... (12)
INFO:slothy.start.split:[218-230]: *************...... (13)
INFO:slothy.start.split:[230-242]: ***************.... (15)
INFO:slothy.start.split:[242-254]: **************..... (14)
INFO:slothy.start.split:[254-266]: ******************. (18)
INFO:slothy.start.split:[266-278]: ****************... (16)
INFO:slothy.start.split:[278-290]: ***************.... (15)
INFO:slothy.start.split:[290-303]: ************....... (12)
INFO:slothy.start.split:[303-315]: ************....... (12)
INFO:slothy.start.split:[315-327]: ***********........ (11)
INFO:slothy.start.split:[327-339]: **********......... (10)
INFO:slothy.start.split:[339-351]: ************....... (12)
INFO:slothy.start.split:[351-363]: ***************.... (15)
INFO:slothy.start.split:[363-375]: ****************... (16)
INFO:slothy.start.split:[375-387]: **************..... (14)
INFO:slothy.start.split:[387-399]: **********......... (10)
INFO:slothy.start.split:[399-412]: **********......... (10)
INFO:slothy.start.split:[412-424]: **********......... (10)
INFO:slothy.start.split:[424-436]: **********......... (10)
INFO:slothy.start.split:[436-448]: *********.......... (9)
INFO:slothy.start.split:[448-460]: **********......... (10)
INFO:slothy.start.split:[460-472]: **************..... (14)
INFO:slothy.start.split:[472-484]: ***************.... (15)
INFO:slothy.start.split:[484-496]: *****************.. (17)
INFO:slothy.start.split:[496-509]: ***************.... (15)
INFO:slothy.start.split:[509-521]: *************...... (13)
INFO:slothy.start.split:[521-533]: **********......... (10)
INFO:slothy.start.split:[533-545]: ************....... (12)
INFO:slothy.start.split:[545-557]: *************...... (13)
INFO:slothy.start.split:[557-569]: *************...... (13)
INFO:slothy.start.split:[569-581]: ************....... (12)
INFO:slothy.start.split:[581-593]: ***********........ (11)
INFO:slothy.start.split:[593-606]: ********........... (8)
INFO:slothy.start.split.61_98:Perform internal binary search for minimal number of stalls...
INFO:slothy.start.split.61_98:Attempt optimization with max 32 stalls...
INFO:slothy.start.split.61_98:Setting timeout of 120 seconds...
INFO:slothy.start.split.61_98:Objective: minimize cycles
INFO:slothy.start.split.61_98:Invoking external constraint solver (OR-Tools CP-SAT v9.15.6755) ...
INFO:slothy.start.split.61_98:[0.0669s]: Found 1 solutions so far... objective (minimize cycles): currently  (Cycles ~ 21.0, IPC ~ 1.76), bound  (Cycles ~ 19.0, IPC ~ 1.95)
INFO:slothy.start.split.61_98:[0.0721s]: Found 2 solutions so far... objective (minimize cycles): currently  (Cycles ~ 20.0, IPC ~ 1.85), bound  (Cycles ~ 20.0, IPC ~ 1.85)
INFO:slothy.start.split.61_98:Closer than 0 stalls to theoretical optimum... stop
INFO:slothy.start.split.61_98:OPTIMAL, wall time: 0.074965 s
INFO:slothy.start.split.61_98:Booleans in result: 222
INFO:slothy.start.split.61_98.selfcheck:OK!
WARNING:slothy-config:LLVM (llvm-mc, llvm-nm, llvm-readobj) not found, disabling selftest. Consider installing LLVM.
INFO:slothy.start.split.61_98:Minimum number of stalls: 1
INFO:slothy.start.split:[  0- 12]: ******............. (6)
INFO:slothy.start.split:[ 12- 24]: ******............. (6)
INFO:slothy.start.split:[ 24- 36]: **................. (2)
INFO:slothy.start.split:[ 36- 48]: *.................. (1)
INFO:slothy.start.split:[ 48- 60]: *.................. (1)
INFO:slothy.start.split:[ 60- 72]: **................. (2)
INFO:slothy.start.split:[ 72- 84]: ***................ (3)
INFO:slothy.start.split:[ 84- 96]: *******............ (7)
INFO:slothy.start.split:[ 96-109]: **********......... (10)
INFO:slothy.start.split:[109-121]: ************....... (12)
INFO:slothy.start.split:[121-133]: ***********........ (11)
INFO:slothy.start.split:[133-145]: *************...... (13)
INFO:slothy.start.split:[145-157]: **************..... (14)
INFO:slothy.start.split:[157-169]: **************..... (14)
INFO:slothy.start.split:[169-181]: ***********........ (11)
INFO:slothy.start.split:[181-193]: **********......... (10)
INFO:slothy.start.split:[193-206]: *********.......... (9)
INFO:slothy.start.split:[206-218]: ************....... (12)
INFO:slothy.start.split:[218-230]: *************...... (13)
INFO:slothy.start.split:[230-242]: ***************.... (15)
INFO:slothy.start.split:[242-254]: **************..... (14)
INFO:slothy.start.split:[254-266]: ******************. (18)
INFO:slothy.start.split:[266-278]: ****************... (16)
INFO:slothy.start.split:[278-290]: ***************.... (15)
INFO:slothy.start.split:[290-303]: ************....... (12)
INFO:slothy.start.split:[303-315]: ************....... (12)
INFO:slothy.start.split:[315-327]: ***********........ (11)
INFO:slothy.start.split:[327-339]: **********......... (10)
INFO:slothy.start.split:[339-351]: ************....... (12)
INFO:slothy.start.split:[351-363]: ***************.... (15)
INFO:slothy.start.split:[363-375]: ****************... (16)
INFO:slothy.start.split:[375-387]: **************..... (14)
INFO:slothy.start.split:[387-399]: **********......... (10)
INFO:slothy.start.split:[399-412]: **********......... (10)
INFO:slothy.start.split:[412-424]: **********......... (10)
INFO:slothy.start.split:[424-436]: **********......... (10)
INFO:slothy.start.split:[436-448]: *********.......... (9)
INFO:slothy.start.split:[448-460]: **********......... (10)
INFO:slothy.start.split:[460-472]: **************..... (14)
INFO:slothy.start.split:[472-484]: ***************.... (15)
INFO:slothy.start.split:[484-496]: *****************.. (17)
INFO:slothy.start.split:[496-509]: ***************.... (15)
INFO:slothy.start.split:[509-521]: *************...... (13)
INFO:slothy.start.split:[521-533]: **********......... (10)
INFO:slothy.start.split:[533-545]: ************....... (12)
INFO:slothy.start.split:[545-557]: *************...... (13)
INFO:slothy.start.split:[557-569]: *************...... (13)
INFO:slothy.start.split:[569-581]: ************....... (12)
INFO:slothy.start.split:[581-593]: ***********........ (11)
INFO:slothy.start.split:[593-606]: ********........... (8)
INFO:slothy.start.split.121_159:Perform internal binary search for minimal number of stalls...
INFO:slothy.start.split.121_159:Attempt optimization with max 32 stalls...
INFO:slothy.start.split.121_159:Setting timeout of 120 seconds...
INFO:slothy.start.split.121_159:Objective: minimize cycles
INFO:slothy.start.split.121_159:Invoking external constraint solver (OR-Tools CP-SAT v9.15.6755) ...
INFO:slothy.start.split.121_159:[0.0951s]: Found 1 solutions so far... objective (minimize cycles): currently  (Cycles ~ 22.0, IPC ~ 1.73), bound  (Cycles ~ 19.0, IPC ~ 2.00)
INFO:slothy.start.split.121_159:[0.0990s]: Found 2 solutions so far... objective (minimize cycles): currently  (Cycles ~ 21.0, IPC ~ 1.81), bound  (Cycles ~ 19.0, IPC ~ 2.00)
INFO:slothy.start.split.121_159:[0.1837s]: Found 3 solutions so far... objective (minimize cycles): currently  (Cycles ~ 20.0, IPC ~ 1.90), bound  (Cycles ~ 19.0, IPC ~ 2.00)
INFO:slothy.start.split.121_159:OPTIMAL, wall time: 1.517093 s
INFO:slothy.start.split.121_159:Booleans in result: 195
INFO:slothy.start.split.121_159.selfcheck:OK!
WARNING:slothy-config:LLVM (llvm-mc, llvm-nm, llvm-readobj) not found, disabling selftest. Consider installing LLVM.
INFO:slothy.start.split.121_159:Minimum number of stalls: 1
INFO:slothy.start.split:[  0- 12]: ******............. (6)
INFO:slothy.start.split:[ 12- 24]: ******............. (6)
INFO:slothy.start.split:[ 24- 36]: **................. (2)
INFO:slothy.start.split:[ 36- 48]: *.................. (1)
INFO:slothy.start.split:[ 48- 60]: *.................. (1)
INFO:slothy.start.split:[ 60- 72]: **................. (2)
INFO:slothy.start.split:[ 72- 84]: ***................ (3)
INFO:slothy.start.split:[ 84- 96]: *******............ (7)
INFO:slothy.start.split:[ 96-109]: **********......... (10)
INFO:slothy.start.split:[109-121]: *********.......... (9)
INFO:slothy.start.split:[121-133]: *****.............. (5)
INFO:slothy.start.split:[133-145]: **................. (2)
INFO:slothy.start.split:[145-157]: *****.............. (5)
INFO:slothy.start.split:[157-169]: ********........... (8)
INFO:slothy.start.split:[169-181]: **********......... (10)
INFO:slothy.start.split:[181-193]: **********......... (10)
INFO:slothy.start.split:[193-206]: *********.......... (9)
INFO:slothy.start.split:[206-218]: ************....... (12)
INFO:slothy.start.split:[218-230]: *************...... (13)
INFO:slothy.start.split:[230-242]: ***************.... (15)
INFO:slothy.start.split:[242-254]: **************..... (14)
INFO:slothy.start.split:[254-266]: ******************. (18)
INFO:slothy.start.split:[266-278]: ****************... (16)
INFO:slothy.start.split:[278-290]: ***************.... (15)
INFO:slothy.start.split:[290-303]: ************....... (12)
INFO:slothy.start.split:[303-315]: ************....... (12)
INFO:slothy.start.split:[315-327]: ***********........ (11)
INFO:slothy.start.split:[327-339]: **********......... (10)
INFO:slothy.start.split:[339-351]: ************....... (12)
INFO:slothy.start.split:[351-363]: ***************.... (15)
INFO:slothy.start.split:[363-375]: ****************... (16)
INFO:slothy.start.split:[375-387]: **************..... (14)
INFO:slothy.start.split:[387-399]: **********......... (10)
INFO:slothy.start.split:[399-412]: **********......... (10)
INFO:slothy.start.split:[412-424]: **********......... (10)
INFO:slothy.start.split:[424-436]: **********......... (10)
INFO:slothy.start.split:[436-448]: *********.......... (9)
INFO:slothy.start.split:[448-460]: **********......... (10)
INFO:slothy.start.split:[460-472]: **************..... (14)
INFO:slothy.start.split:[472-484]: ***************.... (15)
INFO:slothy.start.split:[484-496]: *****************.. (17)
INFO:slothy.start.split:[496-509]: ***************.... (15)
INFO:slothy.start.split:[509-521]: *************...... (13)
INFO:slothy.start.split:[521-533]: **********......... (10)
INFO:slothy.start.split:[533-545]: ************....... (12)
INFO:slothy.start.split:[545-557]: *************...... (13)
INFO:slothy.start.split:[557-569]: *************...... (13)
INFO:slothy.start.split:[569-581]: ************....... (12)
INFO:slothy.start.split:[581-593]: ***********........ (11)
INFO:slothy.start.split:[593-606]: ********........... (8)
INFO:slothy.start.split.182_220:Perform internal binary search for minimal number of stalls...
INFO:slothy.start.split.182_220:Attempt optimization with max 32 stalls...
INFO:slothy.start.split.182_220:Setting timeout of 120 seconds...
INFO:slothy.start.split.182_220:Objective: minimize cycles
INFO:slothy.start.split.182_220:Invoking external constraint solver (OR-Tools CP-SAT v9.15.6755) ...
INFO:slothy.start.split.182_220:[0.0709s]: Found 1 solutions so far... objective (minimize cycles): currently  (Cycles ~ 22.0, IPC ~ 1.73), bound  (Cycles ~ 19.0, IPC ~ 2.00)
INFO:slothy.start.split.182_220:[0.0761s]: Found 2 solutions so far... objective (minimize cycles): currently  (Cycles ~ 20.0, IPC ~ 1.90), bound  (Cycles ~ 19.0, IPC ~ 2.00)
INFO:slothy.start.split.182_220:[0.0912s]: Found 3 solutions so far... objective (minimize cycles): currently  (Cycles ~ 19.0, IPC ~ 2.00), bound  (Cycles ~ 19.0, IPC ~ 2.00)
INFO:slothy.start.split.182_220:Closer than 0 stalls to theoretical optimum... stop
INFO:slothy.start.split.182_220:OPTIMAL, wall time: 0.093994 s
INFO:slothy.start.split.182_220:Booleans in result: 199
INFO:slothy.start.split.182_220.selfcheck:OK!
WARNING:slothy-config:LLVM (llvm-mc, llvm-nm, llvm-readobj) not found, disabling selftest. Consider installing LLVM.
INFO:slothy.start.split.182_220:Minimum number of stalls: 0
INFO:slothy.start.split:[  0- 12]: ******............. (6)
INFO:slothy.start.split:[ 12- 24]: ******............. (6)
INFO:slothy.start.split:[ 24- 36]: **................. (2)
INFO:slothy.start.split:[ 36- 48]: *.................. (1)
INFO:slothy.start.split:[ 48- 60]: *.................. (1)
INFO:slothy.start.split:[ 60- 72]: **................. (2)
INFO:slothy.start.split:[ 72- 84]: ***................ (3)
INFO:slothy.start.split:[ 84- 96]: *******............ (7)
INFO:slothy.start.split:[ 96-109]: **********......... (10)
INFO:slothy.start.split:[109-121]: *********.......... (9)
INFO:slothy.start.split:[121-133]: *****.............. (5)
INFO:slothy.start.split:[133-145]: **................. (2)
INFO:slothy.start.split:[145-157]: *****.............. (5)
INFO:slothy.start.split:[157-169]: *******............ (7)
INFO:slothy.start.split:[169-181]: *******............ (7)
INFO:slothy.start.split:[181-193]: ***................ (3)
INFO:slothy.start.split:[193-206]: *.................. (1)
INFO:slothy.start.split:[206-218]: ******............. (6)
INFO:slothy.start.split:[218-230]: **********......... (10)
INFO:slothy.start.split:[230-242]: **************..... (14)
INFO:slothy.start.split:[242-254]: **************..... (14)
INFO:slothy.start.split:[254-266]: ******************. (18)
INFO:slothy.start.split:[266-278]: ****************... (16)
INFO:slothy.start.split:[278-290]: ***************.... (15)
INFO:slothy.start.split:[290-303]: ************....... (12)
INFO:slothy.start.split:[303-315]: ************....... (12)
INFO:slothy.start.split:[315-327]: ***********........ (11)
INFO:slothy.start.split:[327-339]: **********......... (10)
INFO:slothy.start.split:[339-351]: ************....... (12)
INFO:slothy.start.split:[351-363]: ***************.... (15)
INFO:slothy.start.split:[363-375]: ****************... (16)
INFO:slothy.start.split:[375-387]: **************..... (14)
INFO:slothy.start.split:[387-399]: **********......... (10)
INFO:slothy.start.split:[399-412]: **********......... (10)
INFO:slothy.start.split:[412-424]: **********......... (10)
INFO:slothy.start.split:[424-436]: **********......... (10)
INFO:slothy.start.split:[436-448]: *********.......... (9)
INFO:slothy.start.split:[448-460]: **********......... (10)
INFO:slothy.start.split:[460-472]: **************..... (14)
INFO:slothy.start.split:[472-484]: ***************.... (15)
INFO:slothy.start.split:[484-496]: *****************.. (17)
INFO:slothy.start.split:[496-509]: ***************.... (15)
INFO:slothy.start.split:[509-521]: *************...... (13)
INFO:slothy.start.split:[521-533]: **********......... (10)
INFO:slothy.start.split:[533-545]: ************....... (12)
INFO:slothy.start.split:[545-557]: *************...... (13)
INFO:slothy.start.split:[557-569]: *************...... (13)
INFO:slothy.start.split:[569-581]: ************....... (12)
INFO:slothy.start.split:[581-593]: ***********........ (11)
INFO:slothy.start.split:[593-606]: ********........... (8)
INFO:slothy.start.split.242_280:Perform internal binary search for minimal number of stalls...
INFO:slothy.start.split.242_280:Attempt optimization with max 32 stalls...
INFO:slothy.start.split.242_280:Setting timeout of 120 seconds...
INFO:slothy.start.split.242_280:Objective: minimize cycles
INFO:slothy.start.split.242_280:Invoking external constraint solver (OR-Tools CP-SAT v9.15.6755) ...
INFO:slothy.start.split.242_280:[0.0641s]: Found 1 solutions so far... objective (minimize cycles): currently  (Cycles ~ 25.0, IPC ~ 1.52), bound  (Cycles ~ 19.0, IPC ~ 2.00)
INFO:slothy.start.split.242_280:[0.0722s]: Found 2 solutions so far... objective (minimize cycles): currently  (Cycles ~ 24.0, IPC ~ 1.58), bound  (Cycles ~ 19.0, IPC ~ 2.00)
INFO:slothy.start.split.242_280:[0.0840s]: Found 3 solutions so far... objective (minimize cycles): currently  (Cycles ~ 23.0, IPC ~ 1.65), bound  (Cycles ~ 19.0, IPC ~ 2.00)
INFO:slothy.start.split.242_280:[0.0865s]: Found 4 solutions so far... objective (minimize cycles): currently  (Cycles ~ 22.0, IPC ~ 1.73), bound  (Cycles ~ 19.0, IPC ~ 2.00)
INFO:slothy.start.split.242_280:[0.1056s]: Found 5 solutions so far... objective (minimize cycles): currently  (Cycles ~ 21.0, IPC ~ 1.81), bound  (Cycles ~ 21.0, IPC ~ 1.81)
INFO:slothy.start.split.242_280:Closer than 0 stalls to theoretical optimum... stop
INFO:slothy.start.split.242_280:OPTIMAL, wall time: 0.108382 s
INFO:slothy.start.split.242_280:Booleans in result: 160
INFO:slothy.start.split.242_280.selfcheck:OK!
WARNING:slothy-config:LLVM (llvm-mc, llvm-nm, llvm-readobj) not found, disabling selftest. Consider installing LLVM.
INFO:slothy.start.split.242_280:Minimum number of stalls: 2
INFO:slothy.start.split:[  0- 12]: ******............ (6)
INFO:slothy.start.split:[ 12- 24]: ******............ (6)
INFO:slothy.start.split:[ 24- 36]: **................ (2)
INFO:slothy.start.split:[ 36- 48]: *................. (1)
INFO:slothy.start.split:[ 48- 60]: *................. (1)
INFO:slothy.start.split:[ 60- 72]: **................ (2)
INFO:slothy.start.split:[ 72- 84]: ***............... (3)
INFO:slothy.start.split:[ 84- 96]: *******........... (7)
INFO:slothy.start.split:[ 96-109]: **********........ (10)
INFO:slothy.start.split:[109-121]: *********......... (9)
INFO:slothy.start.split:[121-133]: *****............. (5)
INFO:slothy.start.split:[133-145]: **................ (2)
INFO:slothy.start.split:[145-157]: *****............. (5)
INFO:slothy.start.split:[157-169]: *******........... (7)
INFO:slothy.start.split:[169-181]: *******........... (7)
INFO:slothy.start.split:[181-193]: ***............... (3)
INFO:slothy.start.split:[193-206]: *................. (1)
INFO:slothy.start.split:[206-218]: ******............ (6)
INFO:slothy.start.split:[218-230]: **********........ (10)
INFO:slothy.start.split:[230-242]: **********........ (10)
INFO:slothy.start.split:[242-254]: *******........... (7)
INFO:slothy.start.split:[254-266]: ****.............. (4)
INFO:slothy.start.split:[266-278]: ******............ (6)
INFO:slothy.start.split:[278-290]: ********.......... (8)
INFO:slothy.start.split:[290-303]: ***********....... (11)
INFO:slothy.start.split:[303-315]: ************...... (12)
INFO:slothy.start.split:[315-327]: ***********....... (11)
INFO:slothy.start.split:[327-339]: **********........ (10)
INFO:slothy.start.split:[339-351]: ************...... (12)
INFO:slothy.start.split:[351-363]: ***************... (15)
INFO:slothy.start.split:[363-375]: ****************.. (16)
INFO:slothy.start.split:[375-387]: **************.... (14)
INFO:slothy.start.split:[387-399]: **********........ (10)
INFO:slothy.start.split:[399-412]: **********........ (10)
INFO:slothy.start.split:[412-424]: **********........ (10)
INFO:slothy.start.split:[424-436]: **********........ (10)
INFO:slothy.start.split:[436-448]: *********......... (9)
INFO:slothy.start.split:[448-460]: **********........ (10)
INFO:slothy.start.split:[460-472]: **************.... (14)
INFO:slothy.start.split:[472-484]: ***************... (15)
INFO:slothy.start.split:[484-496]: *****************. (17)
INFO:slothy.start.split:[496-509]: ***************... (15)
INFO:slothy.start.split:[509-521]: *************..... (13)
INFO:slothy.start.split:[521-533]: **********........ (10)
INFO:slothy.start.split:[533-545]: ************...... (12)
INFO:slothy.start.split:[545-557]: *************..... (13)
INFO:slothy.start.split:[557-569]: *************..... (13)
INFO:slothy.start.split:[569-581]: ************...... (12)
INFO:slothy.start.split:[581-593]: ***********....... (11)
INFO:slothy.start.split:[593-606]: ********.......... (8)
INFO:slothy.start.split.303_341:Perform internal binary search for minimal number of stalls...
INFO:slothy.start.split.303_341:Attempt optimization with max 32 stalls...
INFO:slothy.start.split.303_341:Setting timeout of 120 seconds...
INFO:slothy.start.split.303_341:Objective: minimize cycles
INFO:slothy.start.split.303_341:Invoking external constraint solver (OR-Tools CP-SAT v9.15.6755) ...
INFO:slothy.start.split.303_341:[0.0883s]: Found 1 solutions so far... objective (minimize cycles): currently  (Cycles ~ 24.0, IPC ~ 1.58), bound  (Cycles ~ 19.0, IPC ~ 2.00)
INFO:slothy.start.split.303_341:[0.0926s]: Found 2 solutions so far... objective (minimize cycles): currently  (Cycles ~ 23.0, IPC ~ 1.65), bound  (Cycles ~ 19.0, IPC ~ 2.00)
INFO:slothy.start.split.303_341:OPTIMAL, wall time: 0.097173 s
INFO:slothy.start.split.303_341:Booleans in result: 210
INFO:slothy.start.split.303_341.selfcheck:OK!
WARNING:slothy-config:LLVM (llvm-mc, llvm-nm, llvm-readobj) not found, disabling selftest. Consider installing LLVM.
INFO:slothy.start.split.303_341:Minimum number of stalls: 4
INFO:slothy.start.split:[  0- 12]: ******............ (6)
INFO:slothy.start.split:[ 12- 24]: ******............ (6)
INFO:slothy.start.split:[ 24- 36]: **................ (2)
INFO:slothy.start.split:[ 36- 48]: *................. (1)
INFO:slothy.start.split:[ 48- 60]: *................. (1)
INFO:slothy.start.split:[ 60- 72]: **................ (2)
INFO:slothy.start.split:[ 72- 84]: ***............... (3)
INFO:slothy.start.split:[ 84- 96]: *******........... (7)
INFO:slothy.start.split:[ 96-109]: **********........ (10)
INFO:slothy.start.split:[109-121]: *********......... (9)
INFO:slothy.start.split:[121-133]: *****............. (5)
INFO:slothy.start.split:[133-145]: **................ (2)
INFO:slothy.start.split:[145-157]: *****............. (5)
INFO:slothy.start.split:[157-169]: *******........... (7)
INFO:slothy.start.split:[169-181]: *******........... (7)
INFO:slothy.start.split:[181-193]: ***............... (3)
INFO:slothy.start.split:[193-206]: *................. (1)
INFO:slothy.start.split:[206-218]: ******............ (6)
INFO:slothy.start.split:[218-230]: **********........ (10)
INFO:slothy.start.split:[230-242]: **********........ (10)
INFO:slothy.start.split:[242-254]: *******........... (7)
INFO:slothy.start.split:[254-266]: ****.............. (4)
INFO:slothy.start.split:[266-278]: ******............ (6)
INFO:slothy.start.split:[278-290]: *******........... (7)
INFO:slothy.start.split:[290-303]: *********......... (9)
INFO:slothy.start.split:[303-315]: *********......... (9)
INFO:slothy.start.split:[315-327]: *******........... (7)
INFO:slothy.start.split:[327-339]: *********......... (9)
INFO:slothy.start.split:[339-351]: ************...... (12)
INFO:slothy.start.split:[351-363]: ***************... (15)
INFO:slothy.start.split:[363-375]: ****************.. (16)
INFO:slothy.start.split:[375-387]: **************.... (14)
INFO:slothy.start.split:[387-399]: **********........ (10)
INFO:slothy.start.split:[399-412]: **********........ (10)
INFO:slothy.start.split:[412-424]: **********........ (10)
INFO:slothy.start.split:[424-436]: **********........ (10)
INFO:slothy.start.split:[436-448]: *********......... (9)
INFO:slothy.start.split:[448-460]: **********........ (10)
INFO:slothy.start.split:[460-472]: **************.... (14)
INFO:slothy.start.split:[472-484]: ***************... (15)
INFO:slothy.start.split:[484-496]: *****************. (17)
INFO:slothy.start.split:[496-509]: ***************... (15)
INFO:slothy.start.split:[509-521]: *************..... (13)
INFO:slothy.start.split:[521-533]: **********........ (10)
INFO:slothy.start.split:[533-545]: ************...... (12)
INFO:slothy.start.split:[545-557]: *************..... (13)
INFO:slothy.start.split:[557-569]: *************..... (13)
INFO:slothy.start.split:[569-581]: ************...... (12)
INFO:slothy.start.split:[581-593]: ***********....... (11)
INFO:slothy.start.split:[593-606]: ********.......... (8)
INFO:slothy.start.split.364_401:Perform internal binary search for minimal number of stalls...
INFO:slothy.start.split.364_401:Attempt optimization with max 32 stalls...
INFO:slothy.start.split.364_401:Setting timeout of 120 seconds...
INFO:slothy.start.split.364_401:Objective: minimize cycles
INFO:slothy.start.split.364_401:Invoking external constraint solver (OR-Tools CP-SAT v9.15.6755) ...
INFO:slothy.start.split.364_401:[0.0840s]: Found 1 solutions so far... objective (minimize cycles): currently  (Cycles ~ 23.0, IPC ~ 1.61), bound  (Cycles ~ 19.0, IPC ~ 1.95)
INFO:slothy.start.split.364_401:[0.0877s]: Found 2 solutions so far... objective (minimize cycles): currently  (Cycles ~ 22.0, IPC ~ 1.68), bound  (Cycles ~ 19.0, IPC ~ 1.95)
INFO:slothy.start.split.364_401:[0.0913s]: Found 3 solutions so far... objective (minimize cycles): currently  (Cycles ~ 21.0, IPC ~ 1.76), bound  (Cycles ~ 21.0, IPC ~ 1.76)
INFO:slothy.start.split.364_401:Closer than 0 stalls to theoretical optimum... stop
INFO:slothy.start.split.364_401:OPTIMAL, wall time: 0.093930 s
INFO:slothy.start.split.364_401:Booleans in result: 181
INFO:slothy.start.split.364_401.selfcheck:OK!
WARNING:slothy-config:LLVM (llvm-mc, llvm-nm, llvm-readobj) not found, disabling selftest. Consider installing LLVM.
INFO:slothy.start.split.364_401:Minimum number of stalls: 2
INFO:slothy.start.split:[  0- 12]: ******............ (6)
INFO:slothy.start.split:[ 12- 24]: ******............ (6)
INFO:slothy.start.split:[ 24- 36]: **................ (2)
INFO:slothy.start.split:[ 36- 48]: *................. (1)
INFO:slothy.start.split:[ 48- 60]: *................. (1)
INFO:slothy.start.split:[ 60- 72]: **................ (2)
INFO:slothy.start.split:[ 72- 84]: ***............... (3)
INFO:slothy.start.split:[ 84- 96]: *******........... (7)
INFO:slothy.start.split:[ 96-109]: **********........ (10)
INFO:slothy.start.split:[109-121]: *********......... (9)
INFO:slothy.start.split:[121-133]: *****............. (5)
INFO:slothy.start.split:[133-145]: **................ (2)
INFO:slothy.start.split:[145-157]: *****............. (5)
INFO:slothy.start.split:[157-169]: *******........... (7)
INFO:slothy.start.split:[169-181]: *******........... (7)
INFO:slothy.start.split:[181-193]: ***............... (3)
INFO:slothy.start.split:[193-206]: *................. (1)
INFO:slothy.start.split:[206-218]: ******............ (6)
INFO:slothy.start.split:[218-230]: **********........ (10)
INFO:slothy.start.split:[230-242]: **********........ (10)
INFO:slothy.start.split:[242-254]: *******........... (7)
INFO:slothy.start.split:[254-266]: ****.............. (4)
INFO:slothy.start.split:[266-278]: ******............ (6)
INFO:slothy.start.split:[278-290]: *******........... (7)
INFO:slothy.start.split:[290-303]: *********......... (9)
INFO:slothy.start.split:[303-315]: *********......... (9)
INFO:slothy.start.split:[315-327]: *******........... (7)
INFO:slothy.start.split:[327-339]: *********......... (9)
INFO:slothy.start.split:[339-351]: ***********....... (11)
INFO:slothy.start.split:[351-363]: ***********....... (11)
INFO:slothy.start.split:[363-375]: *******........... (7)
INFO:slothy.start.split:[375-387]: *****............. (5)
INFO:slothy.start.split:[387-399]: *****............. (5)
INFO:slothy.start.split:[399-412]: **********........ (10)
INFO:slothy.start.split:[412-424]: **********........ (10)
INFO:slothy.start.split:[424-436]: **********........ (10)
INFO:slothy.start.split:[436-448]: *********......... (9)
INFO:slothy.start.split:[448-460]: **********........ (10)
INFO:slothy.start.split:[460-472]: **************.... (14)
INFO:slothy.start.split:[472-484]: ***************... (15)
INFO:slothy.start.split:[484-496]: *****************. (17)
INFO:slothy.start.split:[496-509]: ***************... (15)
INFO:slothy.start.split:[509-521]: *************..... (13)
INFO:slothy.start.split:[521-533]: **********........ (10)
INFO:slothy.start.split:[533-545]: ************...... (12)
INFO:slothy.start.split:[545-557]: *************..... (13)
INFO:slothy.start.split:[557-569]: *************..... (13)
INFO:slothy.start.split:[569-581]: ************...... (12)
INFO:slothy.start.split:[581-593]: ***********....... (11)
INFO:slothy.start.split:[593-606]: ********.......... (8)
INFO:slothy.start.split.424_462:Perform internal binary search for minimal number of stalls...
INFO:slothy.start.split.424_462:Attempt optimization with max 32 stalls...
INFO:slothy.start.split.424_462:Setting timeout of 120 seconds...
INFO:slothy.start.split.424_462:Objective: minimize cycles
INFO:slothy.start.split.424_462:Invoking external constraint solver (OR-Tools CP-SAT v9.15.6755) ...
INFO:slothy.start.split.424_462:[0.0571s]: Found 1 solutions so far... objective (minimize cycles): currently  (Cycles ~ 22.0, IPC ~ 1.73), bound  (Cycles ~ 19.0, IPC ~ 2.00)
INFO:slothy.start.split.424_462:[0.0615s]: Found 2 solutions so far... objective (minimize cycles): currently  (Cycles ~ 21.0, IPC ~ 1.81), bound  (Cycles ~ 19.0, IPC ~ 2.00)
INFO:slothy.start.split.424_462:[0.0649s]: Found 3 solutions so far... objective (minimize cycles): currently  (Cycles ~ 20.0, IPC ~ 1.90), bound  (Cycles ~ 20.0, IPC ~ 1.90)
INFO:slothy.start.split.424_462:Closer than 0 stalls to theoretical optimum... stop
INFO:slothy.start.split.424_462:OPTIMAL, wall time: 0.067170 s
INFO:slothy.start.split.424_462:Booleans in result: 231
INFO:slothy.start.split.424_462.selfcheck:OK!
WARNING:slothy-config:LLVM (llvm-mc, llvm-nm, llvm-readobj) not found, disabling selftest. Consider installing LLVM.
INFO:slothy.start.split.424_462:Minimum number of stalls: 1
INFO:slothy.start.split:[  0- 12]: ******............ (6)
INFO:slothy.start.split:[ 12- 24]: ******............ (6)
INFO:slothy.start.split:[ 24- 36]: **................ (2)
INFO:slothy.start.split:[ 36- 48]: *................. (1)
INFO:slothy.start.split:[ 48- 60]: *................. (1)
INFO:slothy.start.split:[ 60- 72]: **................ (2)
INFO:slothy.start.split:[ 72- 84]: ***............... (3)
INFO:slothy.start.split:[ 84- 96]: *******........... (7)
INFO:slothy.start.split:[ 96-109]: **********........ (10)
INFO:slothy.start.split:[109-121]: *********......... (9)
INFO:slothy.start.split:[121-133]: *****............. (5)
INFO:slothy.start.split:[133-145]: **................ (2)
INFO:slothy.start.split:[145-157]: *****............. (5)
INFO:slothy.start.split:[157-169]: *******........... (7)
INFO:slothy.start.split:[169-181]: *******........... (7)
INFO:slothy.start.split:[181-193]: ***............... (3)
INFO:slothy.start.split:[193-206]: *................. (1)
INFO:slothy.start.split:[206-218]: ******............ (6)
INFO:slothy.start.split:[218-230]: **********........ (10)
INFO:slothy.start.split:[230-242]: **********........ (10)
INFO:slothy.start.split:[242-254]: *******........... (7)
INFO:slothy.start.split:[254-266]: ****.............. (4)
INFO:slothy.start.split:[266-278]: ******............ (6)
INFO:slothy.start.split:[278-290]: *******........... (7)
INFO:slothy.start.split:[290-303]: *********......... (9)
INFO:slothy.start.split:[303-315]: *********......... (9)
INFO:slothy.start.split:[315-327]: *******........... (7)
INFO:slothy.start.split:[327-339]: *********......... (9)
INFO:slothy.start.split:[339-351]: ***********....... (11)
INFO:slothy.start.split:[351-363]: ***********....... (11)
INFO:slothy.start.split:[363-375]: *******........... (7)
INFO:slothy.start.split:[375-387]: *****............. (5)
INFO:slothy.start.split:[387-399]: *****............. (5)
INFO:slothy.start.split:[399-412]: *********......... (9)
INFO:slothy.start.split:[412-424]: *******........... (7)
INFO:slothy.start.split:[424-436]: *****............. (5)
INFO:slothy.start.split:[436-448]: ***............... (3)
INFO:slothy.start.split:[448-460]: ******............ (6)
INFO:slothy.start.split:[460-472]: ***********....... (11)
INFO:slothy.start.split:[472-484]: **************.... (14)
INFO:slothy.start.split:[484-496]: *****************. (17)
INFO:slothy.start.split:[496-509]: ***************... (15)
INFO:slothy.start.split:[509-521]: *************..... (13)
INFO:slothy.start.split:[521-533]: **********........ (10)
INFO:slothy.start.split:[533-545]: ************...... (12)
INFO:slothy.start.split:[545-557]: *************..... (13)
INFO:slothy.start.split:[557-569]: *************..... (13)
INFO:slothy.start.split:[569-581]: ************...... (12)
INFO:slothy.start.split:[581-593]: ***********....... (11)
INFO:slothy.start.split:[593-606]: ********.......... (8)
INFO:slothy.start.split.485_523:Perform internal binary search for minimal number of stalls...
INFO:slothy.start.split.485_523:Attempt optimization with max 32 stalls...
INFO:slothy.start.split.485_523:Setting timeout of 120 seconds...
INFO:slothy.start.split.485_523:Objective: minimize cycles
INFO:slothy.start.split.485_523:Invoking external constraint solver (OR-Tools CP-SAT v9.15.6755) ...
INFO:slothy.start.split.485_523:[0.0716s]: Found 1 solutions so far... objective (minimize cycles): currently  (Cycles ~ 25.0, IPC ~ 1.52), bound  (Cycles ~ 19.0, IPC ~ 2.00)
INFO:slothy.start.split.485_523:[0.0756s]: Found 2 solutions so far... objective (minimize cycles): currently  (Cycles ~ 24.0, IPC ~ 1.58), bound  (Cycles ~ 19.0, IPC ~ 2.00)
INFO:slothy.start.split.485_523:[0.0815s]: Found 3 solutions so far... objective (minimize cycles): currently  (Cycles ~ 23.0, IPC ~ 1.65), bound  (Cycles ~ 19.0, IPC ~ 2.00)
INFO:slothy.start.split.485_523:OPTIMAL, wall time: 0.085246 s
INFO:slothy.start.split.485_523:Booleans in result: 229
INFO:slothy.start.split.485_523.selfcheck:OK!
WARNING:slothy-config:LLVM (llvm-mc, llvm-nm, llvm-readobj) not found, disabling selftest. Consider installing LLVM.
INFO:slothy.start.split.485_523:Minimum number of stalls: 4
INFO:slothy.start.split:[  0- 12]: ******......... (6)
INFO:slothy.start.split:[ 12- 24]: ******......... (6)
INFO:slothy.start.split:[ 24- 36]: **............. (2)
INFO:slothy.start.split:[ 36- 48]: *.............. (1)
INFO:slothy.start.split:[ 48- 60]: *.............. (1)
INFO:slothy.start.split:[ 60- 72]: **............. (2)
INFO:slothy.start.split:[ 72- 84]: ***............ (3)
INFO:slothy.start.split:[ 84- 96]: *******........ (7)
INFO:slothy.start.split:[ 96-109]: **********..... (10)
INFO:slothy.start.split:[109-121]: *********...... (9)
INFO:slothy.start.split:[121-133]: *****.......... (5)
INFO:slothy.start.split:[133-145]: **............. (2)
INFO:slothy.start.split:[145-157]: *****.......... (5)
INFO:slothy.start.split:[157-169]: *******........ (7)
INFO:slothy.start.split:[169-181]: *******........ (7)
INFO:slothy.start.split:[181-193]: ***............ (3)
INFO:slothy.start.split:[193-206]: *.............. (1)
INFO:slothy.start.split:[206-218]: ******......... (6)
INFO:slothy.start.split:[218-230]: **********..... (10)
INFO:slothy.start.split:[230-242]: **********..... (10)
INFO:slothy.start.split:[242-254]: *******........ (7)
INFO:slothy.start.split:[254-266]: ****........... (4)
INFO:slothy.start.split:[266-278]: ******......... (6)
INFO:slothy.start.split:[278-290]: *******........ (7)
INFO:slothy.start.split:[290-303]: *********...... (9)
INFO:slothy.start.split:[303-315]: *********...... (9)
INFO:slothy.start.split:[315-327]: *******........ (7)
INFO:slothy.start.split:[327-339]: *********...... (9)
INFO:slothy.start.split:[339-351]: ***********.... (11)
INFO:slothy.start.split:[351-363]: ***********.... (11)
INFO:slothy.start.split:[363-375]: *******........ (7)
INFO:slothy.start.split:[375-387]: *****.......... (5)
INFO:slothy.start.split:[387-399]: *****.......... (5)
INFO:slothy.start.split:[399-412]: *********...... (9)
INFO:slothy.start.split:[412-424]: *******........ (7)
INFO:slothy.start.split:[424-436]: *****.......... (5)
INFO:slothy.start.split:[436-448]: ***............ (3)
INFO:slothy.start.split:[448-460]: ******......... (6)
INFO:slothy.start.split:[460-472]: **********..... (10)
INFO:slothy.start.split:[472-484]: ***********.... (11)
INFO:slothy.start.split:[484-496]: **********..... (10)
INFO:slothy.start.split:[496-509]: ********....... (8)
INFO:slothy.start.split:[509-521]: ********....... (8)
INFO:slothy.start.split:[521-533]: **********..... (10)
INFO:slothy.start.split:[533-545]: ************... (12)
INFO:slothy.start.split:[545-557]: *************.. (13)
INFO:slothy.start.split:[557-569]: *************.. (13)
INFO:slothy.start.split:[569-581]: ************... (12)
INFO:slothy.start.split:[581-593]: ***********.... (11)
INFO:slothy.start.split:[593-606]: ********....... (8)
INFO:slothy.start.split.545_583:Perform internal binary search for minimal number of stalls...
INFO:slothy.start.split.545_583:Attempt optimization with max 32 stalls...
INFO:slothy.start.split.545_583:Setting timeout of 120 seconds...
INFO:slothy.start.split.545_583:Objective: minimize cycles
INFO:slothy.start.split.545_583:Invoking external constraint solver (OR-Tools CP-SAT v9.15.6755) ...
INFO:slothy.start.split.545_583:[0.0498s]: Found 1 solutions so far... objective (minimize cycles): currently  (Cycles ~ 19.0, IPC ~ 2.00), bound  (Cycles ~ 19.0, IPC ~ 2.00)
INFO:slothy.start.split.545_583:Closer than 0 stalls to theoretical optimum... stop
INFO:slothy.start.split.545_583:OPTIMAL, wall time: 0.052577 s
INFO:slothy.start.split.545_583:Booleans in result: 259
INFO:slothy.start.split.545_583.selfcheck:OK!
WARNING:slothy-config:LLVM (llvm-mc, llvm-nm, llvm-readobj) not found, disabling selftest. Consider installing LLVM.
INFO:slothy.start.split.545_583:Minimum number of stalls: 0
INFO:slothy.start.split:[  0- 12]: ******...... (6)
INFO:slothy.start.split:[ 12- 24]: ******...... (6)
INFO:slothy.start.split:[ 24- 36]: **.......... (2)
INFO:slothy.start.split:[ 36- 48]: *........... (1)
INFO:slothy.start.split:[ 48- 60]: *........... (1)
INFO:slothy.start.split:[ 60- 72]: **.......... (2)
INFO:slothy.start.split:[ 72- 84]: ***......... (3)
INFO:slothy.start.split:[ 84- 96]: *******..... (7)
INFO:slothy.start.split:[ 96-109]: **********.. (10)
INFO:slothy.start.split:[109-121]: *********... (9)
INFO:slothy.start.split:[121-133]: *****....... (5)
INFO:slothy.start.split:[133-145]: **.......... (2)
INFO:slothy.start.split:[145-157]: *****....... (5)
INFO:slothy.start.split:[157-169]: *******..... (7)
INFO:slothy.start.split:[169-181]: *******..... (7)
INFO:slothy.start.split:[181-193]: ***......... (3)
INFO:slothy.start.split:[193-206]: *........... (1)
INFO:slothy.start.split:[206-218]: ******...... (6)
INFO:slothy.start.split:[218-230]: **********.. (10)
INFO:slothy.start.split:[230-242]: **********.. (10)
INFO:slothy.start.split:[242-254]: *******..... (7)
INFO:slothy.start.split:[254-266]: ****........ (4)
INFO:slothy.start.split:[266-278]: ******...... (6)
INFO:slothy.start.split:[278-290]: *******..... (7)
INFO:slothy.start.split:[290-303]: *********... (9)
INFO:slothy.start.split:[303-315]: *********... (9)
INFO:slothy.start.split:[315-327]: *******..... (7)
INFO:slothy.start.split:[327-339]: *********... (9)
INFO:slothy.start.split:[339-351]: ***********. (11)
INFO:slothy.start.split:[351-363]: ***********. (11)
INFO:slothy.start.split:[363-375]: *******..... (7)
INFO:slothy.start.split:[375-387]: *****....... (5)
INFO:slothy.start.split:[387-399]: *****....... (5)
INFO:slothy.start.split:[399-412]: *********... (9)
INFO:slothy.start.split:[412-424]: *******..... (7)
INFO:slothy.start.split:[424-436]: *****....... (5)
INFO:slothy.start.split:[436-448]: ***......... (3)
INFO:slothy.start.split:[448-460]: ******...... (6)
INFO:slothy.start.split:[460-472]: **********.. (10)
INFO:slothy.start.split:[472-484]: ***********. (11)
INFO:slothy.start.split:[484-496]: **********.. (10)
INFO:slothy.start.split:[496-509]: ********.... (8)
INFO:slothy.start.split:[509-521]: ********.... (8)
INFO:slothy.start.split:[521-533]: *********... (9)
INFO:slothy.start.split:[533-545]: ******...... (6)
INFO:slothy.start.split:[545-557]: ***......... (3)
INFO:slothy.start.split:[557-569]: *........... (1)
INFO:slothy.start.split:[569-581]: ****........ (4)
INFO:slothy.start.split:[581-593]: ********.... (8)
INFO:slothy.start.split:[593-606]: ********.... (8)
INFO:slothy.start.split.0_38:Perform internal binary search for minimal number of stalls...
INFO:slothy.start.split.0_38:Attempt optimization with max 32 stalls...
INFO:slothy.start.split.0_38:Setting timeout of 120 seconds...
INFO:slothy.start.split.0_38:Objective: minimize cycles
INFO:slothy.start.split.0_38:Invoking external constraint solver (OR-Tools CP-SAT v9.15.6755) ...
INFO:slothy.start.split.0_38:[0.0422s]: Found 1 solutions so far... objective (minimize cycles): currently  (Cycles ~ 22.0, IPC ~ 1.73), bound  (Cycles ~ 19.0, IPC ~ 2.00)
INFO:slothy.start.split.0_38:OPTIMAL, wall time: 0.045354 s
INFO:slothy.start.split.0_38:Booleans in result: 192
INFO:slothy.start.split.0_38.selfcheck:OK!
WARNING:slothy-config:LLVM (llvm-mc, llvm-nm, llvm-readobj) not found, disabling selftest. Consider installing LLVM.
INFO:slothy.start.split.0_38:Minimum number of stalls: 3
INFO:slothy.start.split:[  0- 12]: ******...... (6)
INFO:slothy.start.split:[ 12- 24]: ******...... (6)
INFO:slothy.start.split:[ 24- 36]: **.......... (2)
INFO:slothy.start.split:[ 36- 48]: *........... (1)
INFO:slothy.start.split:[ 48- 60]: *........... (1)
INFO:slothy.start.split:[ 60- 72]: **.......... (2)
INFO:slothy.start.split:[ 72- 84]: ***......... (3)
INFO:slothy.start.split:[ 84- 96]: *******..... (7)
INFO:slothy.start.split:[ 96-109]: **********.. (10)
INFO:slothy.start.split:[109-121]: *********... (9)
INFO:slothy.start.split:[121-133]: *****....... (5)
INFO:slothy.start.split:[133-145]: **.......... (2)
INFO:slothy.start.split:[145-157]: *****....... (5)
INFO:slothy.start.split:[157-169]: *******..... (7)
INFO:slothy.start.split:[169-181]: *******..... (7)
INFO:slothy.start.split:[181-193]: ***......... (3)
INFO:slothy.start.split:[193-206]: *........... (1)
INFO:slothy.start.split:[206-218]: ******...... (6)
INFO:slothy.start.split:[218-230]: **********.. (10)
INFO:slothy.start.split:[230-242]: **********.. (10)
INFO:slothy.start.split:[242-254]: *******..... (7)
INFO:slothy.start.split:[254-266]: ****........ (4)
INFO:slothy.start.split:[266-278]: ******...... (6)
INFO:slothy.start.split:[278-290]: *******..... (7)
INFO:slothy.start.split:[290-303]: *********... (9)
INFO:slothy.start.split:[303-315]: *********... (9)
INFO:slothy.start.split:[315-327]: *******..... (7)
INFO:slothy.start.split:[327-339]: *********... (9)
INFO:slothy.start.split:[339-351]: ***********. (11)
INFO:slothy.start.split:[351-363]: ***********. (11)
INFO:slothy.start.split:[363-375]: *******..... (7)
INFO:slothy.start.split:[375-387]: *****....... (5)
INFO:slothy.start.split:[387-399]: *****....... (5)
INFO:slothy.start.split:[399-412]: *********... (9)
INFO:slothy.start.split:[412-424]: *******..... (7)
INFO:slothy.start.split:[424-436]: *****....... (5)
INFO:slothy.start.split:[436-448]: ***......... (3)
INFO:slothy.start.split:[448-460]: ******...... (6)
INFO:slothy.start.split:[460-472]: **********.. (10)
INFO:slothy.start.split:[472-484]: ***********. (11)
INFO:slothy.start.split:[484-496]: **********.. (10)
INFO:slothy.start.split:[496-509]: ********.... (8)
INFO:slothy.start.split:[509-521]: ********.... (8)
INFO:slothy.start.split:[521-533]: *********... (9)
INFO:slothy.start.split:[533-545]: ******...... (6)
INFO:slothy.start.split:[545-557]: ***......... (3)
INFO:slothy.start.split:[557-569]: *........... (1)
INFO:slothy.start.split:[569-581]: ****........ (4)
INFO:slothy.start.split:[581-593]: ********.... (8)
INFO:slothy.start.split:[593-606]: ********.... (8)
INFO:slothy.start.split.61_98:Perform internal binary search for minimal number of stalls...
INFO:slothy.start.split.61_98:Attempt optimization with max 32 stalls...
INFO:slothy.start.split.61_98:Setting timeout of 120 seconds...
INFO:slothy.start.split.61_98:Objective: minimize cycles
INFO:slothy.start.split.61_98:Invoking external constraint solver (OR-Tools CP-SAT v9.15.6755) ...
INFO:slothy.start.split.61_98:[0.0660s]: Found 1 solutions so far... objective (minimize cycles): currently  (Cycles ~ 20.0, IPC ~ 1.85), bound  (Cycles ~ 19.0, IPC ~ 1.95)
INFO:slothy.start.split.61_98:OPTIMAL, wall time: 0.069111 s
INFO:slothy.start.split.61_98:Booleans in result: 217
INFO:slothy.start.split.61_98.selfcheck:OK!
WARNING:slothy-config:LLVM (llvm-mc, llvm-nm, llvm-readobj) not found, disabling selftest. Consider installing LLVM.
INFO:slothy.start.split.61_98:Minimum number of stalls: 1
INFO:slothy.start.split:[  0- 12]: ******...... (6)
INFO:slothy.start.split:[ 12- 24]: ******...... (6)
INFO:slothy.start.split:[ 24- 36]: **.......... (2)
INFO:slothy.start.split:[ 36- 48]: *........... (1)
INFO:slothy.start.split:[ 48- 60]: *........... (1)
INFO:slothy.start.split:[ 60- 72]: **.......... (2)
INFO:slothy.start.split:[ 72- 84]: ***......... (3)
INFO:slothy.start.split:[ 84- 96]: *******..... (7)
INFO:slothy.start.split:[ 96-109]: **********.. (10)
INFO:slothy.start.split:[109-121]: *********... (9)
INFO:slothy.start.split:[121-133]: *****....... (5)
INFO:slothy.start.split:[133-145]: **.......... (2)
INFO:slothy.start.split:[145-157]: *****....... (5)
INFO:slothy.start.split:[157-169]: *******..... (7)
INFO:slothy.start.split:[169-181]: *******..... (7)
INFO:slothy.start.split:[181-193]: ***......... (3)
INFO:slothy.start.split:[193-206]: *........... (1)
INFO:slothy.start.split:[206-218]: ******...... (6)
INFO:slothy.start.split:[218-230]: **********.. (10)
INFO:slothy.start.split:[230-242]: **********.. (10)
INFO:slothy.start.split:[242-254]: *******..... (7)
INFO:slothy.start.split:[254-266]: ****........ (4)
INFO:slothy.start.split:[266-278]: ******...... (6)
INFO:slothy.start.split:[278-290]: *******..... (7)
INFO:slothy.start.split:[290-303]: *********... (9)
INFO:slothy.start.split:[303-315]: *********... (9)
INFO:slothy.start.split:[315-327]: *******..... (7)
INFO:slothy.start.split:[327-339]: *********... (9)
INFO:slothy.start.split:[339-351]: ***********. (11)
INFO:slothy.start.split:[351-363]: ***********. (11)
INFO:slothy.start.split:[363-375]: *******..... (7)
INFO:slothy.start.split:[375-387]: *****....... (5)
INFO:slothy.start.split:[387-399]: *****....... (5)
INFO:slothy.start.split:[399-412]: *********... (9)
INFO:slothy.start.split:[412-424]: *******..... (7)
INFO:slothy.start.split:[424-436]: *****....... (5)
INFO:slothy.start.split:[436-448]: ***......... (3)
INFO:slothy.start.split:[448-460]: ******...... (6)
INFO:slothy.start.split:[460-472]: **********.. (10)
INFO:slothy.start.split:[472-484]: ***********. (11)
INFO:slothy.start.split:[484-496]: **********.. (10)
INFO:slothy.start.split:[496-509]: ********.... (8)
INFO:slothy.start.split:[509-521]: ********.... (8)
INFO:slothy.start.split:[521-533]: *********... (9)
INFO:slothy.start.split:[533-545]: ******...... (6)
INFO:slothy.start.split:[545-557]: ***......... (3)
INFO:slothy.start.split:[557-569]: *........... (1)
INFO:slothy.start.split:[569-581]: ****........ (4)
INFO:slothy.start.split:[581-593]: ********.... (8)
INFO:slothy.start.split:[593-606]: ********.... (8)
INFO:slothy.start.split.121_159:Perform internal binary search for minimal number of stalls...
INFO:slothy.start.split.121_159:Attempt optimization with max 32 stalls...
INFO:slothy.start.split.121_159:Setting timeout of 120 seconds...
INFO:slothy.start.split.121_159:Objective: minimize cycles
INFO:slothy.start.split.121_159:Invoking external constraint solver (OR-Tools CP-SAT v9.15.6755) ...
INFO:slothy.start.split.121_159:[0.0882s]: Found 1 solutions so far... objective (minimize cycles): currently  (Cycles ~ 20.0, IPC ~ 1.90), bound  (Cycles ~ 19.0, IPC ~ 2.00)
INFO:slothy.start.split.121_159:OPTIMAL, wall time: 8.012006 s
INFO:slothy.start.split.121_159:Booleans in result: 174
INFO:slothy.start.split.121_159.selfcheck:OK!
WARNING:slothy-config:LLVM (llvm-mc, llvm-nm, llvm-readobj) not found, disabling selftest. Consider installing LLVM.
INFO:slothy.start.split.121_159:Minimum number of stalls: 1
INFO:slothy.start.split:[  0- 12]: ******...... (6)
INFO:slothy.start.split:[ 12- 24]: ******...... (6)
INFO:slothy.start.split:[ 24- 36]: **.......... (2)
INFO:slothy.start.split:[ 36- 48]: *........... (1)
INFO:slothy.start.split:[ 48- 60]: *........... (1)
INFO:slothy.start.split:[ 60- 72]: **.......... (2)
INFO:slothy.start.split:[ 72- 84]: ***......... (3)
INFO:slothy.start.split:[ 84- 96]: *******..... (7)
INFO:slothy.start.split:[ 96-109]: **********.. (10)
INFO:slothy.start.split:[109-121]: *********... (9)
INFO:slothy.start.split:[121-133]: *****....... (5)
INFO:slothy.start.split:[133-145]: **.......... (2)
INFO:slothy.start.split:[145-157]: *****....... (5)
INFO:slothy.start.split:[157-169]: *******..... (7)
INFO:slothy.start.split:[169-181]: *******..... (7)
INFO:slothy.start.split:[181-193]: ***......... (3)
INFO:slothy.start.split:[193-206]: *........... (1)
INFO:slothy.start.split:[206-218]: ******...... (6)
INFO:slothy.start.split:[218-230]: **********.. (10)
INFO:slothy.start.split:[230-242]: **********.. (10)
INFO:slothy.start.split:[242-254]: *******..... (7)
INFO:slothy.start.split:[254-266]: ****........ (4)
INFO:slothy.start.split:[266-278]: ******...... (6)
INFO:slothy.start.split:[278-290]: *******..... (7)
INFO:slothy.start.split:[290-303]: *********... (9)
INFO:slothy.start.split:[303-315]: *********... (9)
INFO:slothy.start.split:[315-327]: *******..... (7)
INFO:slothy.start.split:[327-339]: *********... (9)
INFO:slothy.start.split:[339-351]: ***********. (11)
INFO:slothy.start.split:[351-363]: ***********. (11)
INFO:slothy.start.split:[363-375]: *******..... (7)
INFO:slothy.start.split:[375-387]: *****....... (5)
INFO:slothy.start.split:[387-399]: *****....... (5)
INFO:slothy.start.split:[399-412]: *********... (9)
INFO:slothy.start.split:[412-424]: *******..... (7)
INFO:slothy.start.split:[424-436]: *****....... (5)
INFO:slothy.start.split:[436-448]: ***......... (3)
INFO:slothy.start.split:[448-460]: ******...... (6)
INFO:slothy.start.split:[460-472]: **********.. (10)
INFO:slothy.start.split:[472-484]: ***********. (11)
INFO:slothy.start.split:[484-496]: **********.. (10)
INFO:slothy.start.split:[496-509]: ********.... (8)
INFO:slothy.start.split:[509-521]: ********.... (8)
INFO:slothy.start.split:[521-533]: *********... (9)
INFO:slothy.start.split:[533-545]: ******...... (6)
INFO:slothy.start.split:[545-557]: ***......... (3)
INFO:slothy.start.split:[557-569]: *........... (1)
INFO:slothy.start.split:[569-581]: ****........ (4)
INFO:slothy.start.split:[581-593]: ********.... (8)
INFO:slothy.start.split:[593-606]: ********.... (8)
INFO:slothy.start.split.182_220:Perform internal binary search for minimal number of stalls...
INFO:slothy.start.split.182_220:Attempt optimization with max 32 stalls...
INFO:slothy.start.split.182_220:Setting timeout of 120 seconds...
INFO:slothy.start.split.182_220:Objective: minimize cycles
INFO:slothy.start.split.182_220:Invoking external constraint solver (OR-Tools CP-SAT v9.15.6755) ...
INFO:slothy.start.split.182_220:[0.0653s]: Found 1 solutions so far... objective (minimize cycles): currently  (Cycles ~ 19.0, IPC ~ 2.00), bound  (Cycles ~ 19.0, IPC ~ 2.00)
INFO:slothy.start.split.182_220:Closer than 0 stalls to theoretical optimum... stop
INFO:slothy.start.split.182_220:OPTIMAL, wall time: 0.067745 s
INFO:slothy.start.split.182_220:Booleans in result: 221
INFO:slothy.start.split.182_220.selfcheck:OK!
WARNING:slothy-config:LLVM (llvm-mc, llvm-nm, llvm-readobj) not found, disabling selftest. Consider installing LLVM.
INFO:slothy.start.split.182_220:Minimum number of stalls: 0
INFO:slothy.start.split:[  0- 12]: ******...... (6)
INFO:slothy.start.split:[ 12- 24]: ******...... (6)
INFO:slothy.start.split:[ 24- 36]: **.......... (2)
INFO:slothy.start.split:[ 36- 48]: *........... (1)
INFO:slothy.start.split:[ 48- 60]: *........... (1)
INFO:slothy.start.split:[ 60- 72]: **.......... (2)
INFO:slothy.start.split:[ 72- 84]: ***......... (3)
INFO:slothy.start.split:[ 84- 96]: *******..... (7)
INFO:slothy.start.split:[ 96-109]: **********.. (10)
INFO:slothy.start.split:[109-121]: *********... (9)
INFO:slothy.start.split:[121-133]: *****....... (5)
INFO:slothy.start.split:[133-145]: **.......... (2)
INFO:slothy.start.split:[145-157]: *****....... (5)
INFO:slothy.start.split:[157-169]: *******..... (7)
INFO:slothy.start.split:[169-181]: *******..... (7)
INFO:slothy.start.split:[181-193]: ***......... (3)
INFO:slothy.start.split:[193-206]: *........... (1)
INFO:slothy.start.split:[206-218]: ******...... (6)
INFO:slothy.start.split:[218-230]: **********.. (10)
INFO:slothy.start.split:[230-242]: **********.. (10)
INFO:slothy.start.split:[242-254]: *******..... (7)
INFO:slothy.start.split:[254-266]: ****........ (4)
INFO:slothy.start.split:[266-278]: ******...... (6)
INFO:slothy.start.split:[278-290]: *******..... (7)
INFO:slothy.start.split:[290-303]: *********... (9)
INFO:slothy.start.split:[303-315]: *********... (9)
INFO:slothy.start.split:[315-327]: *******..... (7)
INFO:slothy.start.split:[327-339]: *********... (9)
INFO:slothy.start.split:[339-351]: ***********. (11)
INFO:slothy.start.split:[351-363]: ***********. (11)
INFO:slothy.start.split:[363-375]: *******..... (7)
INFO:slothy.start.split:[375-387]: *****....... (5)
INFO:slothy.start.split:[387-399]: *****....... (5)
INFO:slothy.start.split:[399-412]: *********... (9)
INFO:slothy.start.split:[412-424]: *******..... (7)
INFO:slothy.start.split:[424-436]: *****....... (5)
INFO:slothy.start.split:[436-448]: ***......... (3)
INFO:slothy.start.split:[448-460]: ******...... (6)
INFO:slothy.start.split:[460-472]: **********.. (10)
INFO:slothy.start.split:[472-484]: ***********. (11)
INFO:slothy.start.split:[484-496]: **********.. (10)
INFO:slothy.start.split:[496-509]: ********.... (8)
INFO:slothy.start.split:[509-521]: ********.... (8)
INFO:slothy.start.split:[521-533]: *********... (9)
INFO:slothy.start.split:[533-545]: ******...... (6)
INFO:slothy.start.split:[545-557]: ***......... (3)
INFO:slothy.start.split:[557-569]: *........... (1)
INFO:slothy.start.split:[569-581]: ****........ (4)
INFO:slothy.start.split:[581-593]: ********.... (8)
INFO:slothy.start.split:[593-606]: ********.... (8)
INFO:slothy.start.split.242_280:Perform internal binary search for minimal number of stalls...
INFO:slothy.start.split.242_280:Attempt optimization with max 32 stalls...
INFO:slothy.start.split.242_280:Setting timeout of 120 seconds...
INFO:slothy.start.split.242_280:Objective: minimize cycles
INFO:slothy.start.split.242_280:Invoking external constraint solver (OR-Tools CP-SAT v9.15.6755) ...
INFO:slothy.start.split.242_280:[0.0623s]: Found 1 solutions so far... objective (minimize cycles): currently  (Cycles ~ 21.0, IPC ~ 1.81), bound  (Cycles ~ 19.0, IPC ~ 2.00)
INFO:slothy.start.split.242_280:OPTIMAL, wall time: 0.065426 s
INFO:slothy.start.split.242_280:Booleans in result: 169
INFO:slothy.start.split.242_280.selfcheck:OK!
WARNING:slothy-config:LLVM (llvm-mc, llvm-nm, llvm-readobj) not found, disabling selftest. Consider installing LLVM.
INFO:slothy.start.split.242_280:Minimum number of stalls: 2
INFO:slothy.start.split:[  0- 12]: ******...... (6)
INFO:slothy.start.split:[ 12- 24]: ******...... (6)
INFO:slothy.start.split:[ 24- 36]: **.......... (2)
INFO:slothy.start.split:[ 36- 48]: *........... (1)
INFO:slothy.start.split:[ 48- 60]: *........... (1)
INFO:slothy.start.split:[ 60- 72]: **.......... (2)
INFO:slothy.start.split:[ 72- 84]: ***......... (3)
INFO:slothy.start.split:[ 84- 96]: *******..... (7)
INFO:slothy.start.split:[ 96-109]: **********.. (10)
INFO:slothy.start.split:[109-121]: *********... (9)
INFO:slothy.start.split:[121-133]: *****....... (5)
INFO:slothy.start.split:[133-145]: **.......... (2)
INFO:slothy.start.split:[145-157]: *****....... (5)
INFO:slothy.start.split:[157-169]: *******..... (7)
INFO:slothy.start.split:[169-181]: *******..... (7)
INFO:slothy.start.split:[181-193]: ***......... (3)
INFO:slothy.start.split:[193-206]: *........... (1)
INFO:slothy.start.split:[206-218]: ******...... (6)
INFO:slothy.start.split:[218-230]: **********.. (10)
INFO:slothy.start.split:[230-242]: **********.. (10)
INFO:slothy.start.split:[242-254]: *******..... (7)
INFO:slothy.start.split:[254-266]: ****........ (4)
INFO:slothy.start.split:[266-278]: ******...... (6)
INFO:slothy.start.split:[278-290]: *******..... (7)
INFO:slothy.start.split:[290-303]: *********... (9)
INFO:slothy.start.split:[303-315]: *********... (9)
INFO:slothy.start.split:[315-327]: *******..... (7)
INFO:slothy.start.split:[327-339]: *********... (9)
INFO:slothy.start.split:[339-351]: ***********. (11)
INFO:slothy.start.split:[351-363]: ***********. (11)
INFO:slothy.start.split:[363-375]: *******..... (7)
INFO:slothy.start.split:[375-387]: *****....... (5)
INFO:slothy.start.split:[387-399]: *****....... (5)
INFO:slothy.start.split:[399-412]: *********... (9)
INFO:slothy.start.split:[412-424]: *******..... (7)
INFO:slothy.start.split:[424-436]: *****....... (5)
INFO:slothy.start.split:[436-448]: ***......... (3)
INFO:slothy.start.split:[448-460]: ******...... (6)
INFO:slothy.start.split:[460-472]: **********.. (10)
INFO:slothy.start.split:[472-484]: ***********. (11)
INFO:slothy.start.split:[484-496]: **********.. (10)
INFO:slothy.start.split:[496-509]: ********.... (8)
INFO:slothy.start.split:[509-521]: ********.... (8)
INFO:slothy.start.split:[521-533]: *********... (9)
INFO:slothy.start.split:[533-545]: ******...... (6)
INFO:slothy.start.split:[545-557]: ***......... (3)
INFO:slothy.start.split:[557-569]: *........... (1)
INFO:slothy.start.split:[569-581]: ****........ (4)
INFO:slothy.start.split:[581-593]: ********.... (8)
INFO:slothy.start.split:[593-606]: ********.... (8)
INFO:slothy.start.split.303_341:Perform internal binary search for minimal number of stalls...
INFO:slothy.start.split.303_341:Attempt optimization with max 32 stalls...
INFO:slothy.start.split.303_341:Setting timeout of 120 seconds...
INFO:slothy.start.split.303_341:Objective: minimize cycles
INFO:slothy.start.split.303_341:Invoking external constraint solver (OR-Tools CP-SAT v9.15.6755) ...
INFO:slothy.start.split.303_341:[0.0897s]: Found 1 solutions so far... objective (minimize cycles): currently  (Cycles ~ 23.0, IPC ~ 1.65), bound  (Cycles ~ 19.0, IPC ~ 2.00)
INFO:slothy.start.split.303_341:OPTIMAL, wall time: 0.093141 s
INFO:slothy.start.split.303_341:Booleans in result: 213
INFO:slothy.start.split.303_341.selfcheck:OK!
WARNING:slothy-config:LLVM (llvm-mc, llvm-nm, llvm-readobj) not found, disabling selftest. Consider installing LLVM.
INFO:slothy.start.split.303_341:Minimum number of stalls: 4
INFO:slothy.start.split:[  0- 12]: ******...... (6)
INFO:slothy.start.split:[ 12- 24]: ******...... (6)
INFO:slothy.start.split:[ 24- 36]: **.......... (2)
INFO:slothy.start.split:[ 36- 48]: *........... (1)
INFO:slothy.start.split:[ 48- 60]: *........... (1)
INFO:slothy.start.split:[ 60- 72]: **.......... (2)
INFO:slothy.start.split:[ 72- 84]: ***......... (3)
INFO:slothy.start.split:[ 84- 96]: *******..... (7)
INFO:slothy.start.split:[ 96-109]: **********.. (10)
INFO:slothy.start.split:[109-121]: *********... (9)
INFO:slothy.start.split:[121-133]: *****....... (5)
INFO:slothy.start.split:[133-145]: **.......... (2)
INFO:slothy.start.split:[145-157]: *****....... (5)
INFO:slothy.start.split:[157-169]: *******..... (7)
INFO:slothy.start.split:[169-181]: *******..... (7)
INFO:slothy.start.split:[181-193]: ***......... (3)
INFO:slothy.start.split:[193-206]: *........... (1)
INFO:slothy.start.split:[206-218]: ******...... (6)
INFO:slothy.start.split:[218-230]: **********.. (10)
INFO:slothy.start.split:[230-242]: **********.. (10)
INFO:slothy.start.split:[242-254]: *******..... (7)
INFO:slothy.start.split:[254-266]: ****........ (4)
INFO:slothy.start.split:[266-278]: ******...... (6)
INFO:slothy.start.split:[278-290]: *******..... (7)
INFO:slothy.start.split:[290-303]: *********... (9)
INFO:slothy.start.split:[303-315]: *********... (9)
INFO:slothy.start.split:[315-327]: *******..... (7)
INFO:slothy.start.split:[327-339]: *********... (9)
INFO:slothy.start.split:[339-351]: ***********. (11)
INFO:slothy.start.split:[351-363]: ***********. (11)
INFO:slothy.start.split:[363-375]: *******..... (7)
INFO:slothy.start.split:[375-387]: *****....... (5)
INFO:slothy.start.split:[387-399]: *****....... (5)
INFO:slothy.start.split:[399-412]: *********... (9)
INFO:slothy.start.split:[412-424]: *******..... (7)
INFO:slothy.start.split:[424-436]: *****....... (5)
INFO:slothy.start.split:[436-448]: ***......... (3)
INFO:slothy.start.split:[448-460]: ******...... (6)
INFO:slothy.start.split:[460-472]: **********.. (10)
INFO:slothy.start.split:[472-484]: ***********. (11)
INFO:slothy.start.split:[484-496]: **********.. (10)
INFO:slothy.start.split:[496-509]: ********.... (8)
INFO:slothy.start.split:[509-521]: ********.... (8)
INFO:slothy.start.split:[521-533]: *********... (9)
INFO:slothy.start.split:[533-545]: ******...... (6)
INFO:slothy.start.split:[545-557]: ***......... (3)
INFO:slothy.start.split:[557-569]: *........... (1)
INFO:slothy.start.split:[569-581]: ****........ (4)
INFO:slothy.start.split:[581-593]: ********.... (8)
INFO:slothy.start.split:[593-606]: ********.... (8)
INFO:slothy.start.split.364_401:Perform internal binary search for minimal number of stalls...
INFO:slothy.start.split.364_401:Attempt optimization with max 32 stalls...
INFO:slothy.start.split.364_401:Setting timeout of 120 seconds...
INFO:slothy.start.split.364_401:Objective: minimize cycles
INFO:slothy.start.split.364_401:Invoking external constraint solver (OR-Tools CP-SAT v9.15.6755) ...
INFO:slothy.start.split.364_401:[0.0827s]: Found 1 solutions so far... objective (minimize cycles): currently  (Cycles ~ 21.0, IPC ~ 1.76), bound  (Cycles ~ 19.0, IPC ~ 1.95)
INFO:slothy.start.split.364_401:OPTIMAL, wall time: 0.085886 s
INFO:slothy.start.split.364_401:Booleans in result: 187
INFO:slothy.start.split.364_401.selfcheck:OK!
WARNING:slothy-config:LLVM (llvm-mc, llvm-nm, llvm-readobj) not found, disabling selftest. Consider installing LLVM.
INFO:slothy.start.split.364_401:Minimum number of stalls: 2
INFO:slothy.start.split:[  0- 12]: ******...... (6)
INFO:slothy.start.split:[ 12- 24]: ******...... (6)
INFO:slothy.start.split:[ 24- 36]: **.......... (2)
INFO:slothy.start.split:[ 36- 48]: *........... (1)
INFO:slothy.start.split:[ 48- 60]: *........... (1)
INFO:slothy.start.split:[ 60- 72]: **.......... (2)
INFO:slothy.start.split:[ 72- 84]: ***......... (3)
INFO:slothy.start.split:[ 84- 96]: *******..... (7)
INFO:slothy.start.split:[ 96-109]: **********.. (10)
INFO:slothy.start.split:[109-121]: *********... (9)
INFO:slothy.start.split:[121-133]: *****....... (5)
INFO:slothy.start.split:[133-145]: **.......... (2)
INFO:slothy.start.split:[145-157]: *****....... (5)
INFO:slothy.start.split:[157-169]: *******..... (7)
INFO:slothy.start.split:[169-181]: *******..... (7)
INFO:slothy.start.split:[181-193]: ***......... (3)
INFO:slothy.start.split:[193-206]: *........... (1)
INFO:slothy.start.split:[206-218]: ******...... (6)
INFO:slothy.start.split:[218-230]: **********.. (10)
INFO:slothy.start.split:[230-242]: **********.. (10)
INFO:slothy.start.split:[242-254]: *******..... (7)
INFO:slothy.start.split:[254-266]: ****........ (4)
INFO:slothy.start.split:[266-278]: ******...... (6)
INFO:slothy.start.split:[278-290]: *******..... (7)
INFO:slothy.start.split:[290-303]: *********... (9)
INFO:slothy.start.split:[303-315]: *********... (9)
INFO:slothy.start.split:[315-327]: *******..... (7)
INFO:slothy.start.split:[327-339]: *********... (9)
INFO:slothy.start.split:[339-351]: ***********. (11)
INFO:slothy.start.split:[351-363]: ***********. (11)
INFO:slothy.start.split:[363-375]: *******..... (7)
INFO:slothy.start.split:[375-387]: *****....... (5)
INFO:slothy.start.split:[387-399]: *****....... (5)
INFO:slothy.start.split:[399-412]: *********... (9)
INFO:slothy.start.split:[412-424]: *******..... (7)
INFO:slothy.start.split:[424-436]: *****....... (5)
INFO:slothy.start.split:[436-448]: ***......... (3)
INFO:slothy.start.split:[448-460]: ******...... (6)
INFO:slothy.start.split:[460-472]: **********.. (10)
INFO:slothy.start.split:[472-484]: ***********. (11)
INFO:slothy.start.split:[484-496]: **********.. (10)
INFO:slothy.start.split:[496-509]: ********.... (8)
INFO:slothy.start.split:[509-521]: ********.... (8)
INFO:slothy.start.split:[521-533]: *********... (9)
INFO:slothy.start.split:[533-545]: ******...... (6)
INFO:slothy.start.split:[545-557]: ***......... (3)
INFO:slothy.start.split:[557-569]: *........... (1)
INFO:slothy.start.split:[569-581]: ****........ (4)
INFO:slothy.start.split:[581-593]: ********.... (8)
INFO:slothy.start.split:[593-606]: ********.... (8)
INFO:slothy.start.split.424_462:Perform internal binary search for minimal number of stalls...
INFO:slothy.start.split.424_462:Attempt optimization with max 32 stalls...
INFO:slothy.start.split.424_462:Setting timeout of 120 seconds...
INFO:slothy.start.split.424_462:Objective: minimize cycles
INFO:slothy.start.split.424_462:Invoking external constraint solver (OR-Tools CP-SAT v9.15.6755) ...
INFO:slothy.start.split.424_462:[0.0532s]: Found 1 solutions so far... objective (minimize cycles): currently  (Cycles ~ 20.0, IPC ~ 1.90), bound  (Cycles ~ 19.0, IPC ~ 2.00)
INFO:slothy.start.split.424_462:OPTIMAL, wall time: 0.056224 s
INFO:slothy.start.split.424_462:Booleans in result: 193
INFO:slothy.start.split.424_462.selfcheck:OK!
WARNING:slothy-config:LLVM (llvm-mc, llvm-nm, llvm-readobj) not found, disabling selftest. Consider installing LLVM.
INFO:slothy.start.split.424_462:Minimum number of stalls: 1
INFO:slothy.start.split:[  0- 12]: ******...... (6)
INFO:slothy.start.split:[ 12- 24]: ******...... (6)
INFO:slothy.start.split:[ 24- 36]: **.......... (2)
INFO:slothy.start.split:[ 36- 48]: *........... (1)
INFO:slothy.start.split:[ 48- 60]: *........... (1)
INFO:slothy.start.split:[ 60- 72]: **.......... (2)
INFO:slothy.start.split:[ 72- 84]: ***......... (3)
INFO:slothy.start.split:[ 84- 96]: *******..... (7)
INFO:slothy.start.split:[ 96-109]: **********.. (10)
INFO:slothy.start.split:[109-121]: *********... (9)
INFO:slothy.start.split:[121-133]: *****....... (5)
INFO:slothy.start.split:[133-145]: **.......... (2)
INFO:slothy.start.split:[145-157]: *****....... (5)
INFO:slothy.start.split:[157-169]: *******..... (7)
INFO:slothy.start.split:[169-181]: *******..... (7)
INFO:slothy.start.split:[181-193]: ***......... (3)
INFO:slothy.start.split:[193-206]: *........... (1)
INFO:slothy.start.split:[206-218]: ******...... (6)
INFO:slothy.start.split:[218-230]: **********.. (10)
INFO:slothy.start.split:[230-242]: **********.. (10)
INFO:slothy.start.split:[242-254]: *******..... (7)
INFO:slothy.start.split:[254-266]: ****........ (4)
INFO:slothy.start.split:[266-278]: ******...... (6)
INFO:slothy.start.split:[278-290]: *******..... (7)
INFO:slothy.start.split:[290-303]: *********... (9)
INFO:slothy.start.split:[303-315]: *********... (9)
INFO:slothy.start.split:[315-327]: *******..... (7)
INFO:slothy.start.split:[327-339]: *********... (9)
INFO:slothy.start.split:[339-351]: ***********. (11)
INFO:slothy.start.split:[351-363]: ***********. (11)
INFO:slothy.start.split:[363-375]: *******..... (7)
INFO:slothy.start.split:[375-387]: *****....... (5)
INFO:slothy.start.split:[387-399]: *****....... (5)
INFO:slothy.start.split:[399-412]: *********... (9)
INFO:slothy.start.split:[412-424]: *******..... (7)
INFO:slothy.start.split:[424-436]: *****....... (5)
INFO:slothy.start.split:[436-448]: ***......... (3)
INFO:slothy.start.split:[448-460]: ******...... (6)
INFO:slothy.start.split:[460-472]: **********.. (10)
INFO:slothy.start.split:[472-484]: ***********. (11)
INFO:slothy.start.split:[484-496]: **********.. (10)
INFO:slothy.start.split:[496-509]: ********.... (8)
INFO:slothy.start.split:[509-521]: ********.... (8)
INFO:slothy.start.split:[521-533]: *********... (9)
INFO:slothy.start.split:[533-545]: ******...... (6)
INFO:slothy.start.split:[545-557]: ***......... (3)
INFO:slothy.start.split:[557-569]: *........... (1)
INFO:slothy.start.split:[569-581]: ****........ (4)
INFO:slothy.start.split:[581-593]: ********.... (8)
INFO:slothy.start.split:[593-606]: ********.... (8)
INFO:slothy.start.split.485_523:Perform internal binary search for minimal number of stalls...
INFO:slothy.start.split.485_523:Attempt optimization with max 32 stalls...
INFO:slothy.start.split.485_523:Setting timeout of 120 seconds...
INFO:slothy.start.split.485_523:Objective: minimize cycles
INFO:slothy.start.split.485_523:Invoking external constraint solver (OR-Tools CP-SAT v9.15.6755) ...
INFO:slothy.start.split.485_523:[0.0675s]: Found 1 solutions so far... objective (minimize cycles): currently  (Cycles ~ 23.0, IPC ~ 1.65), bound  (Cycles ~ 19.0, IPC ~ 2.00)
INFO:slothy.start.split.485_523:OPTIMAL, wall time: 0.071678 s
INFO:slothy.start.split.485_523:Booleans in result: 240
INFO:slothy.start.split.485_523.selfcheck:OK!
WARNING:slothy-config:LLVM (llvm-mc, llvm-nm, llvm-readobj) not found, disabling selftest. Consider installing LLVM.
INFO:slothy.start.split.485_523:Minimum number of stalls: 4
INFO:slothy.start.split:[  0- 12]: ******...... (6)
INFO:slothy.start.split:[ 12- 24]: ******...... (6)
INFO:slothy.start.split:[ 24- 36]: **.......... (2)
INFO:slothy.start.split:[ 36- 48]: *........... (1)
INFO:slothy.start.split:[ 48- 60]: *........... (1)
INFO:slothy.start.split:[ 60- 72]: **.......... (2)
INFO:slothy.start.split:[ 72- 84]: ***......... (3)
INFO:slothy.start.split:[ 84- 96]: *******..... (7)
INFO:slothy.start.split:[ 96-109]: **********.. (10)
INFO:slothy.start.split:[109-121]: *********... (9)
INFO:slothy.start.split:[121-133]: *****....... (5)
INFO:slothy.start.split:[133-145]: **.......... (2)
INFO:slothy.start.split:[145-157]: *****....... (5)
INFO:slothy.start.split:[157-169]: *******..... (7)
INFO:slothy.start.split:[169-181]: *******..... (7)
INFO:slothy.start.split:[181-193]: ***......... (3)
INFO:slothy.start.split:[193-206]: *........... (1)
INFO:slothy.start.split:[206-218]: ******...... (6)
INFO:slothy.start.split:[218-230]: **********.. (10)
INFO:slothy.start.split:[230-242]: **********.. (10)
INFO:slothy.start.split:[242-254]: *******..... (7)
INFO:slothy.start.split:[254-266]: ****........ (4)
INFO:slothy.start.split:[266-278]: ******...... (6)
INFO:slothy.start.split:[278-290]: *******..... (7)
INFO:slothy.start.split:[290-303]: *********... (9)
INFO:slothy.start.split:[303-315]: *********... (9)
INFO:slothy.start.split:[315-327]: *******..... (7)
INFO:slothy.start.split:[327-339]: *********... (9)
INFO:slothy.start.split:[339-351]: ***********. (11)
INFO:slothy.start.split:[351-363]: ***********. (11)
INFO:slothy.start.split:[363-375]: *******..... (7)
INFO:slothy.start.split:[375-387]: *****....... (5)
INFO:slothy.start.split:[387-399]: *****....... (5)
INFO:slothy.start.split:[399-412]: *********... (9)
INFO:slothy.start.split:[412-424]: *******..... (7)
INFO:slothy.start.split:[424-436]: *****....... (5)
INFO:slothy.start.split:[436-448]: ***......... (3)
INFO:slothy.start.split:[448-460]: ******...... (6)
INFO:slothy.start.split:[460-472]: **********.. (10)
INFO:slothy.start.split:[472-484]: ***********. (11)
INFO:slothy.start.split:[484-496]: **********.. (10)
INFO:slothy.start.split:[496-509]: ********.... (8)
INFO:slothy.start.split:[509-521]: ********.... (8)
INFO:slothy.start.split:[521-533]: *********... (9)
INFO:slothy.start.split:[533-545]: ******...... (6)
INFO:slothy.start.split:[545-557]: ***......... (3)
INFO:slothy.start.split:[557-569]: *........... (1)
INFO:slothy.start.split:[569-581]: ****........ (4)
INFO:slothy.start.split:[581-593]: ********.... (8)
INFO:slothy.start.split:[593-606]: ********.... (8)
INFO:slothy.start.split.545_583:Perform internal binary search for minimal number of stalls...
INFO:slothy.start.split.545_583:Attempt optimization with max 32 stalls...
INFO:slothy.start.split.545_583:Setting timeout of 120 seconds...
INFO:slothy.start.split.545_583:Objective: minimize cycles
INFO:slothy.start.split.545_583:Invoking external constraint solver (OR-Tools CP-SAT v9.15.6755) ...
INFO:slothy.start.split.545_583:[0.0562s]: Found 1 solutions so far... objective (minimize cycles): currently  (Cycles ~ 19.0, IPC ~ 2.00), bound  (Cycles ~ 19.0, IPC ~ 2.00)
INFO:slothy.start.split.545_583:Closer than 0 stalls to theoretical optimum... stop
INFO:slothy.start.split.545_583:OPTIMAL, wall time: 0.059037 s
INFO:slothy.start.split.545_583:Booleans in result: 206
INFO:slothy.start.split.545_583.selfcheck:OK!
WARNING:slothy-config:LLVM (llvm-mc, llvm-nm, llvm-readobj) not found, disabling selftest. Consider installing LLVM.
INFO:slothy.start.split.545_583:Minimum number of stalls: 0
INFO:slothy.start.split:[  0- 12]: ******...... (6)
INFO:slothy.start.split:[ 12- 24]: ******...... (6)
INFO:slothy.start.split:[ 24- 36]: **.......... (2)
INFO:slothy.start.split:[ 36- 48]: *........... (1)
INFO:slothy.start.split:[ 48- 60]: *........... (1)
INFO:slothy.start.split:[ 60- 72]: **.......... (2)
INFO:slothy.start.split:[ 72- 84]: ***......... (3)
INFO:slothy.start.split:[ 84- 96]: *******..... (7)
INFO:slothy.start.split:[ 96-109]: **********.. (10)
INFO:slothy.start.split:[109-121]: *********... (9)
INFO:slothy.start.split:[121-133]: *****....... (5)
INFO:slothy.start.split:[133-145]: **.......... (2)
INFO:slothy.start.split:[145-157]: *****....... (5)
INFO:slothy.start.split:[157-169]: *******..... (7)
INFO:slothy.start.split:[169-181]: *******..... (7)
INFO:slothy.start.split:[181-193]: ***......... (3)
INFO:slothy.start.split:[193-206]: *........... (1)
INFO:slothy.start.split:[206-218]: ******...... (6)
INFO:slothy.start.split:[218-230]: **********.. (10)
INFO:slothy.start.split:[230-242]: **********.. (10)
INFO:slothy.start.split:[242-254]: *******..... (7)
INFO:slothy.start.split:[254-266]: ****........ (4)
INFO:slothy.start.split:[266-278]: ******...... (6)
INFO:slothy.start.split:[278-290]: *******..... (7)
INFO:slothy.start.split:[290-303]: *********... (9)
INFO:slothy.start.split:[303-315]: *********... (9)
INFO:slothy.start.split:[315-327]: *******..... (7)
INFO:slothy.start.split:[327-339]: *********... (9)
INFO:slothy.start.split:[339-351]: ***********. (11)
INFO:slothy.start.split:[351-363]: ***********. (11)
INFO:slothy.start.split:[363-375]: *******..... (7)
INFO:slothy.start.split:[375-387]: *****....... (5)
INFO:slothy.start.split:[387-399]: *****....... (5)
INFO:slothy.start.split:[399-412]: *********... (9)
INFO:slothy.start.split:[412-424]: *******..... (7)
INFO:slothy.start.split:[424-436]: *****....... (5)
INFO:slothy.start.split:[436-448]: ***......... (3)
INFO:slothy.start.split:[448-460]: ******...... (6)
INFO:slothy.start.split:[460-472]: **********.. (10)
INFO:slothy.start.split:[472-484]: ***********. (11)
INFO:slothy.start.split:[484-496]: **********.. (10)
INFO:slothy.start.split:[496-509]: ********.... (8)
INFO:slothy.start.split:[509-521]: ********.... (8)
INFO:slothy.start.split:[521-533]: *********... (9)
INFO:slothy.start.split:[533-545]: ******...... (6)
INFO:slothy.start.split:[545-557]: ***......... (3)
INFO:slothy.start.split:[557-569]: *........... (1)
INFO:slothy.start.split:[569-581]: ****........ (4)
INFO:slothy.start.split:[581-593]: ********.... (8)
INFO:slothy.start.split:[593-606]: ********.... (8)
INFO:slothy.start.split.split_heuristic_full:OK!
EXP_DB_DONE
