Archive member included to satisfy reference by file (symbol)

C:/Renesas/RA/e2studio_v2026-04.2_fsp_v6.5.0/toolchains/gcc_arm/13.2.rel1/bin/../lib/gcc/arm-none-eabi/13.2.1/thumb/v8-m.main+dp/hard\libgcc.a(_aeabi_ldivmod.o)
                              ./src/harness.o (__aeabi_ldivmod)
C:/Renesas/RA/e2studio_v2026-04.2_fsp_v6.5.0/toolchains/gcc_arm/13.2.rel1/bin/../lib/gcc/arm-none-eabi/13.2.1/thumb/v8-m.main+dp/hard\libgcc.a(_aeabi_uldivmod.o)
                              ./src/harness.o (__aeabi_uldivmod)
C:/Renesas/RA/e2studio_v2026-04.2_fsp_v6.5.0/toolchains/gcc_arm/13.2.rel1/bin/../lib/gcc/arm-none-eabi/13.2.1/thumb/v8-m.main+dp/hard\libgcc.a(_udivmoddi4.o)
                              C:/Renesas/RA/e2studio_v2026-04.2_fsp_v6.5.0/toolchains/gcc_arm/13.2.rel1/bin/../lib/gcc/arm-none-eabi/13.2.1/thumb/v8-m.main+dp/hard\libgcc.a(_aeabi_ldivmod.o) (__udivmoddi4)
C:/Renesas/RA/e2studio_v2026-04.2_fsp_v6.5.0/toolchains/gcc_arm/13.2.rel1/bin/../lib/gcc/arm-none-eabi/13.2.1/thumb/v8-m.main+dp/hard\libgcc.a(_dvmd_tls.o)
                              C:/Renesas/RA/e2studio_v2026-04.2_fsp_v6.5.0/toolchains/gcc_arm/13.2.rel1/bin/../lib/gcc/arm-none-eabi/13.2.1/thumb/v8-m.main+dp/hard\libgcc.a(_aeabi_ldivmod.o) (__aeabi_ldiv0)
C:/Renesas/RA/e2studio_v2026-04.2_fsp_v6.5.0/toolchains/gcc_arm/13.2.rel1/bin/../lib/gcc/arm-none-eabi/13.2.1/thumb/v8-m.main+dp/hard\libg_nano.a(libc_a-exit.o)
                              C:/Renesas/RA/e2studio_v2026-04.2_fsp_v6.5.0/toolchains/gcc_arm/13.2.rel1/bin/../lib/gcc/arm-none-eabi/13.2.1/thumb/v8-m.main+dp/hard/crt0.o (exit)
C:/Renesas/RA/e2studio_v2026-04.2_fsp_v6.5.0/toolchains/gcc_arm/13.2.rel1/bin/../lib/gcc/arm-none-eabi/13.2.1/thumb/v8-m.main+dp/hard\libg_nano.a(libc_a-findfp.o)
                              C:/Renesas/RA/e2studio_v2026-04.2_fsp_v6.5.0/toolchains/gcc_arm/13.2.rel1/bin/../lib/gcc/arm-none-eabi/13.2.1/thumb/v8-m.main+dp/hard\libg_nano.a(libc_a-exit.o) (__stdio_exit_handler)
C:/Renesas/RA/e2studio_v2026-04.2_fsp_v6.5.0/toolchains/gcc_arm/13.2.rel1/bin/../lib/gcc/arm-none-eabi/13.2.1/thumb/v8-m.main+dp/hard\libg_nano.a(libc_a-fwalk.o)
                              C:/Renesas/RA/e2studio_v2026-04.2_fsp_v6.5.0/toolchains/gcc_arm/13.2.rel1/bin/../lib/gcc/arm-none-eabi/13.2.1/thumb/v8-m.main+dp/hard\libg_nano.a(libc_a-findfp.o) (_fwalk_sglue)
C:/Renesas/RA/e2studio_v2026-04.2_fsp_v6.5.0/toolchains/gcc_arm/13.2.rel1/bin/../lib/gcc/arm-none-eabi/13.2.1/thumb/v8-m.main+dp/hard\libg_nano.a(libc_a-stdio.o)
                              C:/Renesas/RA/e2studio_v2026-04.2_fsp_v6.5.0/toolchains/gcc_arm/13.2.rel1/bin/../lib/gcc/arm-none-eabi/13.2.1/thumb/v8-m.main+dp/hard\libg_nano.a(libc_a-findfp.o) (__sread)
C:/Renesas/RA/e2studio_v2026-04.2_fsp_v6.5.0/toolchains/gcc_arm/13.2.rel1/bin/../lib/gcc/arm-none-eabi/13.2.1/thumb/v8-m.main+dp/hard\libg_nano.a(libc_a-memcmp.o)
                              ./src/harness.o (memcmp)
C:/Renesas/RA/e2studio_v2026-04.2_fsp_v6.5.0/toolchains/gcc_arm/13.2.rel1/bin/../lib/gcc/arm-none-eabi/13.2.1/thumb/v8-m.main+dp/hard\libg_nano.a(libc_a-memset.o)
                              C:/Renesas/RA/e2studio_v2026-04.2_fsp_v6.5.0/toolchains/gcc_arm/13.2.rel1/bin/../lib/gcc/arm-none-eabi/13.2.1/thumb/v8-m.main+dp/hard/crt0.o (memset)
C:/Renesas/RA/e2studio_v2026-04.2_fsp_v6.5.0/toolchains/gcc_arm/13.2.rel1/bin/../lib/gcc/arm-none-eabi/13.2.1/thumb/v8-m.main+dp/hard\libg_nano.a(libc_a-closer.o)
                              C:/Renesas/RA/e2studio_v2026-04.2_fsp_v6.5.0/toolchains/gcc_arm/13.2.rel1/bin/../lib/gcc/arm-none-eabi/13.2.1/thumb/v8-m.main+dp/hard\libg_nano.a(libc_a-stdio.o) (_close_r)
C:/Renesas/RA/e2studio_v2026-04.2_fsp_v6.5.0/toolchains/gcc_arm/13.2.rel1/bin/../lib/gcc/arm-none-eabi/13.2.1/thumb/v8-m.main+dp/hard\libg_nano.a(libc_a-reent.o)
                              C:/Renesas/RA/e2studio_v2026-04.2_fsp_v6.5.0/toolchains/gcc_arm/13.2.rel1/bin/../lib/gcc/arm-none-eabi/13.2.1/thumb/v8-m.main+dp/hard\libg_nano.a(libc_a-closer.o) (errno)
C:/Renesas/RA/e2studio_v2026-04.2_fsp_v6.5.0/toolchains/gcc_arm/13.2.rel1/bin/../lib/gcc/arm-none-eabi/13.2.1/thumb/v8-m.main+dp/hard\libg_nano.a(libc_a-impure.o)
                              C:/Renesas/RA/e2studio_v2026-04.2_fsp_v6.5.0/toolchains/gcc_arm/13.2.rel1/bin/../lib/gcc/arm-none-eabi/13.2.1/thumb/v8-m.main+dp/hard\libg_nano.a(libc_a-reent.o) (_impure_ptr)
C:/Renesas/RA/e2studio_v2026-04.2_fsp_v6.5.0/toolchains/gcc_arm/13.2.rel1/bin/../lib/gcc/arm-none-eabi/13.2.1/thumb/v8-m.main+dp/hard\libg_nano.a(libc_a-lseekr.o)
                              C:/Renesas/RA/e2studio_v2026-04.2_fsp_v6.5.0/toolchains/gcc_arm/13.2.rel1/bin/../lib/gcc/arm-none-eabi/13.2.1/thumb/v8-m.main+dp/hard\libg_nano.a(libc_a-stdio.o) (_lseek_r)
C:/Renesas/RA/e2studio_v2026-04.2_fsp_v6.5.0/toolchains/gcc_arm/13.2.rel1/bin/../lib/gcc/arm-none-eabi/13.2.1/thumb/v8-m.main+dp/hard\libg_nano.a(libc_a-readr.o)
[...]
Memory Configuration

Name             Origin             Length             Attributes
RAM              0x22000000         0x000e0000         xrw
FLASH            0x02000000         0x001f8000         xr
DATA_FLASH       0x27000000         0x00003000         xr
SDRAM            0x68000000         0x08000000         xrw
OSPI0_CS0        0x80000000         0x10000000         xrw
OSPI0_CS1        0x90000000         0x10000000         xr
OPTION_SETTING_OFS0 0x0300a100         0x00000004         r
OPTION_SETTING_OFS2 0x0300a104         0x00000004         r
OPTION_SETTING_DUALSEL 0x0300a110         0x00000004         r
OPTION_SETTING_OFS1 0x1300a180         0x00000004         r
OPTION_SETTING_BANKSEL 0x1300a190         0x00000004         r
OPTION_SETTING_BPS 0x1300a1c0         0x00000010         r
OPTION_SETTING_PBPS 0x1300a1e0         0x00000010         r
OPTION_SETTING_OFS1_SEC 0x0300a200         0x00000004         r
OPTION_SETTING_BANKSEL_SEC 0x0300a210         0x00000004         r
OPTION_SETTING_BPS_SEC 0x0300a240         0x00000010         r
OPTION_SETTING_PBPS_SEC 0x0300a260         0x00000010         r
OPTION_SETTING_OFS1_SEL 0x0300a280         0x00000004         r
OPTION_SETTING_BANKSEL_SEL 0x0300a290         0x00000004         r
OPTION_SETTING_BPS_SEL 0x0300a2c0         0x00000010         r
OPTION_SETTING_DATA_FLASH_FSBLCTRL0 0x27030080         0x00000004         r
OPTION_SETTING_DATA_FLASH_FSBLCTRL1 0x27030084         0x00000004         r
OPTION_SETTING_DATA_FLASH_FSBLCTRL2 0x27030088         0x00000004         r
OPTION_SETTING_DATA_FLASH_SACC0 0x2703008c         0x00000004         r
OPTION_SETTING_DATA_FLASH_SACC1 0x27030090         0x00000004         r
OPTION_SETTING_DATA_FLASH_SAMR 0x27030094         0x00000004         r
ITCM             0x00000000         0x00010000         xrw
DTCM             0x20000000         0x00010000         xrw
*default*        0x00000000         0xffffffff

Linker script and memory map

LOAD C:/Renesas/RA/e2studio_v2026-04.2_fsp_v6.5.0/toolchains/gcc_arm/13.2.rel1/bin/../lib/gcc/arm-none-eabi/13.2.1/thumb/v8-m.main+dp/hard/crti.o
LOAD C:/Renesas/RA/e2studio_v2026-04.2_fsp_v6.5.0/toolchains/gcc_arm/13.2.rel1/bin/../lib/gcc/arm-none-eabi/13.2.1/thumb/v8-m.main+dp/hard/crtbegin.o
LOAD C:/Renesas/RA/e2studio_v2026-04.2_fsp_v6.5.0/toolchains/gcc_arm/13.2.rel1/bin/../lib/gcc/arm-none-eabi/13.2.1/thumb/v8-m.main+dp/hard/crt0.o
START GROUP
LOAD ./src/x25519/x25519-cortex-m4-gcc.o
LOAD ./src/mlkem/cbd.o
LOAD ./src/mlkem/cmov_int16.o
LOAD ./src/mlkem/fastaddsub.o
LOAD ./src/mlkem/fastbasemul.o
LOAD ./src/mlkem/fastinvntt.o
LOAD ./src/mlkem/fastntt.o
LOAD ./src/mlkem/indcpa.o
LOAD ./src/mlkem/kem.o
LOAD ./src/mlkem/matacc.o
LOAD ./src/mlkem/matacc_asm.o
LOAD ./src/mlkem/ntt.o
LOAD ./src/mlkem/poly.o
LOAD ./src/mlkem/poly_asm.o
LOAD ./src/mlkem/poly_mve.o
LOAD ./src/mlkem/polyvec.o
LOAD ./src/mlkem/randombytes_det.o
LOAD ./src/mlkem/reduce.o
LOAD ./src/mlkem/symmetric-fips202.o
LOAD ./src/mlkem/verify.o
LOAD ./src/keccak/fips202.o
LOAD ./src/keccak/keccakf1600.o
LOAD ./src/gen/bfull_board.o
LOAD ./src/gen/bmid_board.o
LOAD ./src/gen/expAM_micro.o
LOAD ./src/gen/expc_board.o
LOAD ./src/gen/expd_board.o
LOAD ./src/gen/expe_board.o
LOAD ./src/gen/expf_board.o
LOAD ./src/gen/expj_board.o
LOAD ./src/gen/expjsolo_board.o
LOAD ./src/gen/expl_board.o
LOAD ./src/gen/expn_board.o
LOAD ./src/gen/expp_board.o
LOAD ./src/gen/expq_board.o
LOAD ./src/gen/expt_board.o
LOAD ./src/gen/expu_board.o
LOAD ./src/gen/expw_intt_kyber_1_23_45_67_opt_m55.o
LOAD ./src/gen/expw_intt_kyber_1_23_45_67_opt_m85.o
LOAD ./src/gen/expw_ntt_kyber_12_345_67_opt_size_m85.o
LOAD ./src/gen/expw_ntt_kyber_12_345_67_opt_speed_m85.o
LOAD ./src/gen/expw_ntt_kyber_1_23_45_67_no_trans_opt_m85.o
LOAD ./src/gen/expw_ntt_kyber_1_23_45_67_no_trans_vld4_opt_m85.o
LOAD ./src/gen/expw_ntt_kyber_1_23_45_67_opt_m85.o
LOAD ./src/gen/expy_intt_kyber_1_23_45_67_opt_m85_plantard.o
LOAD ./src/gen/fe25519_mul_mve.o
LOAD ./src/gen/fiat_u_stitch_m85.o
LOAD ./src/gen/fiat_yield2.o
LOAD ./src/gen/fiat_yield3.o
LOAD ./src/gen/keccakx4_round_m85.o
LOAD ./src/gen/mul256_budget.o
LOAD ./src/gen/mul256_flat.o
LOAD ./src/gen/mul256_flat6.o
LOAD ./src/gen/mul256_full.o
LOAD ./src/gen/mvekeccak_board.o
LOAD ./src/gen/slothy_expa.o
LOAD ./src/gen/stitched.o
LOAD ./src/fiat/fiatref.o
LOAD ./src/fiat_x25519.o
LOAD ./src/hal_entry.o
LOAD ./src/hal_warmstart.o
LOAD ./src/harness.o
LOAD ./src/itcm_pad.o
LOAD ./src/keccakx4.o
LOAD ./src/stitch_micro.o
LOAD ./ra_gen/common_data.o
LOAD ./ra_gen/hal_data.o
LOAD ./ra_gen/main.o
LOAD ./ra_gen/pin_data.o
LOAD ./ra_gen/vector_data.o
LOAD ./ra/fsp/src/r_ioport/r_ioport.o
LOAD ./ra/fsp/src/bsp/mcu/ra8m1/bsp_linker.o
LOAD ./ra/fsp/src/bsp/mcu/all/bsp_clocks.o
LOAD ./ra/fsp/src/bsp/mcu/all/bsp_common.o
LOAD ./ra/fsp/src/bsp/mcu/all/bsp_delay.o
LOAD ./ra/fsp/src/bsp/mcu/all/bsp_group_irq.o
LOAD ./ra/fsp/src/bsp/mcu/all/bsp_guard.o
LOAD ./ra/fsp/src/bsp/mcu/all/bsp_io.o
LOAD ./ra/fsp/src/bsp/mcu/all/bsp_ipc.o
LOAD ./ra/fsp/src/bsp/mcu/all/bsp_irq.o
LOAD ./ra/fsp/src/bsp/mcu/all/bsp_macl.o
LOAD ./ra/fsp/src/bsp/mcu/all/bsp_ospi_b.o
LOAD ./ra/fsp/src/bsp/mcu/all/bsp_register_protection.o
LOAD ./ra/fsp/src/bsp/mcu/all/bsp_sbrk.o
LOAD ./ra/fsp/src/bsp/mcu/all/bsp_sdram.o
LOAD ./ra/fsp/src/bsp/mcu/all/bsp_security.o
LOAD ./ra/fsp/src/bsp/cmsis/Device/RENESAS/Source/startup.o
LOAD ./ra/fsp/src/bsp/cmsis/Device/RENESAS/Source/system.o
LOAD ./ra/board/ra8m1_ek/board_init.o
LOAD ./ra/board/ra8m1_ek/board_leds.o
END GROUP
START GROUP
LOAD C:/Renesas/RA/e2studio_v2026-04.2_fsp_v6.5.0/toolchains/gcc_arm/13.2.rel1/bin/../lib/gcc/arm-none-eabi/13.2.1/thumb/v8-m.main+dp/hard\libgcc.a
LOAD C:/Renesas/RA/e2studio_v2026-04.2_fsp_v6.5.0/toolchains/gcc_arm/13.2.rel1/bin/../lib/gcc/arm-none-eabi/13.2.1/thumb/v8-m.main+dp/hard\libg_nano.a
LOAD C:/Renesas/RA/e2studio_v2026-04.2_fsp_v6.5.0/toolchains/gcc_arm/13.2.rel1/bin/../lib/gcc/arm-none-eabi/13.2.1/thumb/v8-m.main+dp/hard\libc_nano.a
END GROUP
START GROUP
LOAD C:/Renesas/RA/e2studio_v2026-04.2_fsp_v6.5.0/toolchains/gcc_arm/13.2.rel1/bin/../lib/gcc/arm-none-eabi/13.2.1/thumb/v8-m.main+dp/hard\libgcc.a
LOAD C:/Renesas/RA/e2studio_v2026-04.2_fsp_v6.5.0/toolchains/gcc_arm/13.2.rel1/bin/../lib/gcc/arm-none-eabi/13.2.1/thumb/v8-m.main+dp/hard\libc_nano.a
END GROUP
LOAD C:/Renesas/RA/e2studio_v2026-04.2_fsp_v6.5.0/toolchains/gcc_arm/13.2.rel1/bin/../lib/gcc/arm-none-eabi/13.2.1/thumb/v8-m.main+dp/hard/crtend.o
LOAD C:/Renesas/RA/e2studio_v2026-04.2_fsp_v6.5.0/toolchains/gcc_arm/13.2.rel1/bin/../lib/gcc/arm-none-eabi/13.2.1/thumb/v8-m.main+dp/hard/crtn.o
                0x22000000                        RAM_START = 0x22000000
                0x000e0000                        RAM_LENGTH = 0xe0000
                0x02000000                        FLASH_START = 0x2000000
                0x001f8000                        FLASH_LENGTH = 0x1f8000
                0x27000000                        DATA_FLASH_START = 0x27000000
                0x00003000                        DATA_FLASH_LENGTH = 0x3000
                0x68000000                        SDRAM_START = 0x68000000
                0x08000000                        SDRAM_LENGTH = 0x8000000
                0x80000000                        OSPI0_CS0_START = 0x80000000
                0x10000000                        OSPI0_CS0_LENGTH = 0x10000000
                0x90000000                        OSPI0_CS1_START = 0x90000000
                0x10000000                        OSPI0_CS1_LENGTH = 0x10000000
                0x0300a100                        OPTION_SETTING_OFS0_START = 0x300a100
                0x00000004                        OPTION_SETTING_OFS0_LENGTH = 0x4
                0x0300a104                        OPTION_SETTING_OFS2_START = 0x300a104
                0x00000004                        OPTION_SETTING_OFS2_LENGTH = 0x4
                0x0300a110                        OPTION_SETTING_DUALSEL_START = 0x300a110
                0x00000004                        OPTION_SETTING_DUALSEL_LENGTH = 0x4
                0x1300a180                        OPTION_SETTING_OFS1_START = 0x1300a180
                0x00000004                        OPTION_SETTING_OFS1_LENGTH = 0x4
                0x1300a190                        OPTION_SETTING_BANKSEL_START = 0x1300a190
                0x00000004                        OPTION_SETTING_BANKSEL_LENGTH = 0x4
                0x1300a1c0                        OPTION_SETTING_BPS_START = 0x1300a1c0
                0x00000010                        OPTION_SETTING_BPS_LENGTH = 0x10
                0x1300a1e0                        OPTION_SETTING_PBPS_START = 0x1300a1e0
                0x00000010                        OPTION_SETTING_PBPS_LENGTH = 0x10
                0x0300a200                        OPTION_SETTING_OFS1_SEC_START = 0x300a200
                0x00000004                        OPTION_SETTING_OFS1_SEC_LENGTH = 0x4
                0x0300a210                        OPTION_SETTING_BANKSEL_SEC_START = 0x300a210
                0x00000004                        OPTION_SETTING_BANKSEL_SEC_LENGTH = 0x4
                0x0300a240                        OPTION_SETTING_BPS_SEC_START = 0x300a240
                0x00000010                        OPTION_SETTING_BPS_SEC_LENGTH = 0x10
                0x0300a260                        OPTION_SETTING_PBPS_SEC_START = 0x300a260
                0x00000010                        OPTION_SETTING_PBPS_SEC_LENGTH = 0x10
                0x0300a280                        OPTION_SETTING_OFS1_SEL_START = 0x300a280
                0x00000004                        OPTION_SETTING_OFS1_SEL_LENGTH = 0x4
                0x0300a290                        OPTION_SETTING_BANKSEL_SEL_START = 0x300a290
                0x00000004                        OPTION_SETTING_BANKSEL_SEL_LENGTH = 0x4
                0x0300a2c0                        OPTION_SETTING_BPS_SEL_START = 0x300a2c0
                0x00000010                        OPTION_SETTING_BPS_SEL_LENGTH = 0x10
                0x27030080                        OPTION_SETTING_DATA_FLASH_FSBLCTRL0_START = 0x27030080
                0x00000004                        OPTION_SETTING_DATA_FLASH_FSBLCTRL0_LENGTH = 0x4
                0x27030084                        OPTION_SETTING_DATA_FLASH_FSBLCTRL1_START = 0x27030084
                0x00000004                        OPTION_SETTING_DATA_FLASH_FSBLCTRL1_LENGTH = 0x4
                0x27030088                        OPTION_SETTING_DATA_FLASH_FSBLCTRL2_START = 0x27030088
                0x00000004                        OPTION_SETTING_DATA_FLASH_FSBLCTRL2_LENGTH = 0x4
                0x2703008c                        OPTION_SETTING_DATA_FLASH_SACC0_START = 0x2703008c
                0x00000004                        OPTION_SETTING_DATA_FLASH_SACC0_LENGTH = 0x4
                0x27030090                        OPTION_SETTING_DATA_FLASH_SACC1_START = 0x27030090
                0x00000004                        OPTION_SETTING_DATA_FLASH_SACC1_LENGTH = 0x4
                0x27030094                        OPTION_SETTING_DATA_FLASH_SAMR_START = 0x27030094
                0x00000004                        OPTION_SETTING_DATA_FLASH_SAMR_LENGTH = 0x4
                0x00000000                        ITCM_START = 0x0
                0x00010000                        ITCM_LENGTH = 0x10000
                0x20000000                        DTCM_START = 0x20000000
                0x00010000                        DTCM_LENGTH = 0x10000
START GROUP
LOAD C:/Renesas/RA/e2studio_v2026-04.2_fsp_v6.5.0/toolchains/gcc_arm/13.2.rel1/bin/../lib/gcc/arm-none-eabi/13.2.1/thumb/v8-m.main+dp/hard\libgcc.a
LOAD C:/Renesas/RA/e2studio_v2026-04.2_fsp_v6.5.0/toolchains/gcc_arm/13.2.rel1/bin/../lib/gcc/arm-none-eabi/13.2.1/thumb/v8-m.main+dp/hard\libc.a
LOAD C:/Renesas/RA/e2studio_v2026-04.2_fsp_v6.5.0/toolchains/gcc_arm/13.2.rel1/bin/../lib/gcc/arm-none-eabi/13.2.1/thumb/v8-m.main+dp/hard\libm.a
END GROUP

.ospi0_cs1.startof
                0x90000000        0x0
                0x90000000                        __ddsc_OSPI0_CS1_START = .

.sdram.startof  0x68000000        0x0
                0x68000000                        __ddsc_SDRAM_START = .

__sdram_from_ospi0_cs1$$
                0x68000000        0x0 load address 0x90000000
                0x68000000                        __sdram_from_ospi0_cs1$$Base = .
                0x90000000                        __sdram_from_ospi0_cs1$$Load = LOADADDR (__sdram_from_ospi0_cs1$$)
 *(.sdram_from_ospi0_cs1)
 *(.sdram_code_from_ospi0_cs1)
                0x68000000                        __sdram_from_ospi0_cs1$$Limit = .

.ospi0_cs0.startof
                0x80000000        0x0
                0x80000000                        __ddsc_OSPI0_CS0_START = .

__ospi0_cs0_from_ospi0_cs1$$
                0x80000000        0x0 load address 0x90000000
                0x80000000                        __ospi0_cs0_from_ospi0_cs1$$Base = .
                0x90000000                        __ospi0_cs0_from_ospi0_cs1$$Load = LOADADDR (__ospi0_cs0_from_ospi0_cs1$$)
 *(.ospi0_cs0_from_ospi0_cs1)
 *(.ospi0_cs0_code_from_ospi0_cs1)
                0x80000000                        __ospi0_cs0_from_ospi0_cs1$$Limit = .

.itcm.startof   0x00000000        0x0
                0x00000000                        __ddsc_ITCM_START = .

__itcm_from_ospi0_cs1$$
                0x00000000        0x0 load address 0x90000000
                0x00000000                        __itcm_from_ospi0_cs1$$Base = .
                0x90000000                        __itcm_from_ospi0_cs1$$Load = LOADADDR (__itcm_from_ospi0_cs1$$)
 *(.itcm_from_ospi0_cs1)
 *(.itcm_code_from_ospi0_cs1)
                0x00000000                        __itcm_from_ospi0_cs1$$Limit = .

.dtcm.startof   0x20000000        0x0
                0x20000000                        __ddsc_DTCM_START = .

__dtcm_from_ospi0_cs1$$
                0x20000000        0x0 load address 0x90000000
                0x20000000                        __dtcm_from_ospi0_cs1$$Base = .
                0x90000000                        __dtcm_from_ospi0_cs1$$Load = LOADADDR (__dtcm_from_ospi0_cs1$$)
 *(.dtcm_from_ospi0_cs1)
 *(.dtcm_code_from_ospi0_cs1)
                0x20000000                        __dtcm_from_ospi0_cs1$$Limit = .

.ram.startof    0x22000000        0x0
                0x22000000                        __ddsc_RAM_START = .

__ram_dtc_vector$$
                0x22000000        0x0
                0x22000000                        __ram_dtc_vector$$Base = .
 *(.fsp_dtc_vector_table)
                0x22000000                        __ram_dtc_vector$$Limit = .

__ram_from_ospi0_cs1$$
                0x22000000        0x0 load address 0x90000000
                0x22000000                        __ram_from_ospi0_cs1$$Base = .
                0x90000000                        __ram_from_ospi0_cs1$$Load = LOADADDR (__ram_from_ospi0_cs1$$)
 *(.ram_from_ospi0_cs1)
 *(.ram_code_from_ospi0_cs1)
                0x22000000                        __ram_from_ospi0_cs1$$Limit = .

__ospi0_cs1_readonly$$
                0x90000000        0x0
                0x90000000                        __ospi0_cs1_readonly$$Base = .
 *(.ospi0_cs1)
 *(.ospi0_cs1_code)
                0x90000000                        __ospi0_cs1_readonly$$Limit = .

__ospi0_cs1_noinit$$
                0x90000000        0x0
                0x90000000                        __ospi0_cs1_noinit$$Base = .
 *(.ospi0_cs1_noinit)
                0x90000000                        __ospi0_cs1_noinit$$Limit = .

.ospi0_cs1.endof
                0x90000000        0x0
                0x90000000                        __ddsc_OSPI0_CS1_END = .

.data_flash.startof
                0x27000000        0x0
                0x27000000                        __ddsc_DATA_FLASH_START = .

__sdram_from_data_flash$$
                0x68000000        0x0 load address 0x27000000
                0x68000000                        __sdram_from_data_flash$$Base = .
                0x27000000                        __sdram_from_data_flash$$Load = LOADADDR (__sdram_from_data_flash$$)
 *(.sdram_from_data_flash)
 *(.sdram_code_from_data_flash)
                0x68000000                        __sdram_from_data_flash$$Limit = .

__ospi0_cs0_from_data_flash$$
                0x80000000        0x0 load address 0x27000000
                0x80000000                        __ospi0_cs0_from_data_flash$$Base = .
                0x27000000                        __ospi0_cs0_from_data_flash$$Load = LOADADDR (__ospi0_cs0_from_data_flash$$)
 *(.ospi0_cs0_from_data_flash)
 *(.ospi0_cs0_code_from_data_flash)
                0x80000000                        __ospi0_cs0_from_data_flash$$Limit = .

__itcm_from_data_flash$$
                0x00000000        0x0 load address 0x27000000
                0x00000000                        __itcm_from_data_flash$$Base = .
                0x27000000                        __itcm_from_data_flash$$Load = LOADADDR (__itcm_from_data_flash$$)
 *(.itcm_from_data_flash)
 *(.itcm_code_from_data_flash)
                0x00000000                        __itcm_from_data_flash$$Limit = .

__dtcm_from_data_flash$$
                0x20000000        0x0 load address 0x27000000
                0x20000000                        __dtcm_from_data_flash$$Base = .
                0x27000000                        __dtcm_from_data_flash$$Load = LOADADDR (__dtcm_from_data_flash$$)
 *(.dtcm_from_data_flash)
 *(.dtcm_code_from_data_flash)
                0x20000000                        __dtcm_from_data_flash$$Limit = .

__ram_from_data_flash$$
                0x22000000        0x0 load address 0x27000000
                0x22000000                        __ram_from_data_flash$$Base = .
                0x27000000                        __ram_from_data_flash$$Load = LOADADDR (__ram_from_data_flash$$)
 *(.ram_from_data_flash)
 *(.ram_code_from_data_flash)
                0x22000000                        __ram_from_data_flash$$Limit = .

__data_flash_readonly$$
                0x27000000        0x0
                0x27000000                        __data_flash_readonly$$Base = .
 *(.data_flash)
 *(.data_flash_code)
                0x27000000                        __data_flash_readonly$$Limit = .

__data_flash_noinit$$
                0x27000000        0x0
                0x27000000                        __data_flash_noinit$$Base = .
 *(.data_flash_noinit)
                0x27000000                        __data_flash_noinit$$Limit = .

.data_flash.endof
                0x27000000        0x0
                0x27000000                        __ddsc_DATA_FLASH_END = .

.flash.startof  0x02000000        0x0
                0x02000000                        __ddsc_FLASH_START = .

__flash_vectors$$
                0x02000000       0x40
                0x02000000                        __flash_vectors$$Base = .
                0x02000000                        _VECTORS = .
 *(.fixed_vectors)
 .fixed_vectors
                0x02000000       0x40 ./ra/fsp/src/bsp/cmsis/Device/RENESAS/Source/startup.o
                0x02000000                __Vectors
 *(.application_vectors)
                0x02000040                        __flash_vectors$$Limit = .

__flash_noinit$$
                0x02000040        0x0
                0x02000040                        __flash_noinit$$Base = .
 *(.flash_noinit)
                0x02000040                        __flash_noinit$$Limit = .

__sdram_from_flash$$
                0x68000000        0x0 load address 0x02000040
                0x68000000                        __sdram_from_flash$$Base = .
                0x02000040                        __sdram_from_flash$$Load = LOADADDR (__sdram_from_flash$$)
 *(.sdram_from_flash)
 *(.sdram_code_from_flash)
                0x68000000                        __sdram_from_flash$$Limit = .

__sdram_noinit_nocache$$
                0x68000000        0x0 load address 0x02000040
                0x68000000                        __sdram_noinit_nocache$$Base = .
 *(.sdram_noinit_nocache)
                0x68000000                        __sdram_noinit_nocache$$Limit = .

__sdram_zero_nocache$$
                0x68000000        0x0 load address 0x02000040
                0x68000000                        __sdram_zero_nocache$$Base = .
 *(.sdram_nocache)
                0x68000000                        . = ALIGN (0x20)
                0x68000000                        __sdram_zero_nocache$$Limit = .

__sdram_noinit$$
                0x68000000        0x0 load address 0x02000040
                0x68000000                        __sdram_noinit$$Base = .
 *(.sdram_noinit)
                0x68000000                        __sdram_noinit$$Limit = .

__sdram_zero$$  0x68000000        0x0 load address 0x02000040
                0x68000000                        __sdram_zero$$Base = .
 *(.sdram)
                0x68000000                        __sdram_zero$$Limit = .

.sdram.endof    0x68000000        0x0
                0x68000000                        __ddsc_SDRAM_END = .

__ospi0_cs0_from_flash$$
                0x80000000        0x0 load address 0x02000040
                0x80000000                        __ospi0_cs0_from_flash$$Base = .
                0x02000040                        __ospi0_cs0_from_flash$$Load = LOADADDR (__ospi0_cs0_from_flash$$)
 *(.ospi0_cs0_from_flash)
 *(.ospi0_cs0_code_from_flash)
                0x80000000                        __ospi0_cs0_from_flash$$Limit = .

__ospi0_cs0_noinit_nocache$$
                0x80000000        0x0 load address 0x02000040
                0x80000000                        __ospi0_cs0_noinit_nocache$$Base = .
 *(.ospi0_cs0_noinit_nocache)
                0x80000000                        __ospi0_cs0_noinit_nocache$$Limit = .

__ospi0_cs0_zero_nocache$$
                0x80000000        0x0 load address 0x02000040
                0x80000000                        __ospi0_cs0_zero_nocache$$Base = .
 *(.ospi0_cs0_nocache)
                0x80000000                        . = ALIGN (0x20)
                0x80000000                        __ospi0_cs0_zero_nocache$$Limit = .

__ospi0_cs0_noinit$$
                0x80000000        0x0 load address 0x02000040
                0x80000000                        __ospi0_cs0_noinit$$Base = .
 *(.ospi0_cs0_noinit)
                0x80000000                        __ospi0_cs0_noinit$$Limit = .

__ospi0_cs0_zero$$
                0x80000000        0x0 load address 0x02000040
                0x80000000                        __ospi0_cs0_zero$$Base = .
 *(.ospi0_cs0)
                0x80000000                        __ospi0_cs0_zero$$Limit = .

.ospi0_cs0.endof
                0x80000000        0x0
                0x80000000                        __ddsc_OSPI0_CS0_END = .

__itcm_from_flash$$
                0x00000000     0xf410 load address 0x02000040
                0x00000000                        __itcm_from_flash$$Base = .
                0x02000040                        __itcm_from_flash$$Load = LOADADDR (__itcm_from_flash$$)
 *(.itcm_from_flash)
 .itcm_from_flash
                0x00000000      0x100 ./src/itcm_pad.o
                0x00000000                g_itcm_bad_granule_pad
 *(.itcm_code_from_flash)
 .itcm_code_from_flash
                0x00000100      0x764 ./src/x25519/x25519-cortex-m4-gcc.o
                0x00000100                fe25519_add
                0x00000158                fe25519_sub
                0x000001ba                fe25519_mul
                0x0000037a                fe25519_sqr
                0x000004d2                fe25519_sqr_many
                0x00000506                curve25519_scalarmult
 .itcm_code_from_flash
                0x00000864       0x14 ./src/mlkem/cmov_int16.o
                0x00000864                cmov_int16
 .itcm_code_from_flash
                0x00000878       0x88 ./src/mlkem/fastaddsub.o
                0x00000878                pointwise_sub
                0x000008bc                pointwise_add
 .itcm_code_from_flash
                0x00000900      0x138 ./src/mlkem/fastbasemul.o
                0x00000900                basemul_asm_opt_16_32
                0x0000094c                basemul_asm_acc_opt_32_32
                0x000009a8                basemul_asm_acc_opt_32_16
 .itcm_code_from_flash
                0x00000a38      0x880 ./src/mlkem/fastinvntt.o
                0x00000a38                invntt_fast
 .itcm_code_from_flash
                0x000012b8      0x69c ./src/mlkem/fastntt.o
                0x000012b8                ntt_fast
 .itcm_code_from_flash
                0x00001954      0xc20 ./src/mlkem/matacc_asm.o
                0x00001954                matacc_asm_cache_16_32
                0x00001b50                matacc_asm_cache_32_32
                0x00001d64                matacc_asm_cache_32_16
                0x00001fe0                matacc_asm_opt_16_32
                0x00002188                matacc_asm_opt_32_32
                0x0000234c                matacc_asm_opt_32_16
 .itcm_code_from_flash
                0x00002574       0x70 ./src/mlkem/ntt.o
 .itcm_code_from_flash
                0x000025e4      0x224 ./src/mlkem/poly_asm.o
                0x000025e4                frombytes_mul_asm_16_32
                0x00002680                frombytes_mul_asm_acc_32_32
                0x00002724                frombytes_mul_asm_acc_32_16
 .itcm_code_from_flash
                0x00002808      0x1f0 ./src/mlkem/reduce.o
                0x00002808                asm_barrett_reduce
                0x0000292c                asm_fromplant
 *fill*         0x000029f8        0x8 
 .itcm_code_from_flash
                0x00002a00     0x1fa0 ./src/keccak/keccakf1600.o
                0x00002a00                KeccakF1600_Initialize
                0x00002b00                KeccakF1600_StateXORBytes
                0x00002e00                KeccakF1600_StateExtractBytes
                0x00003200                KeccakF1600_StatePermute
 .itcm_code_from_flash
                0x000049a0     0x2298 ./src/gen/bfull_board.o
                0x000049a0                bfull_seq
                0x00005ac0                bfull_slothy
 *fill*         0x00006c38        0x8 
 .itcm_code_from_flash
                0x00006c40      0x6a0 ./src/gen/expAM_micro.o
                0x00006c40                fe25519_mul_lenn
                0x00006c5a                expam_micro_empty
                0x00006c5c                expam_micro_mac_indep
                0x00006d8c                expam_micro_mac_dep
                0x00006ea2                expam_micro_vldrw
                0x00006faa                expam_micro_vmull
                0x000070be                expam_micro_umaal
                0x000071ea                expam_micro_mixed
 .itcm_code_from_flash
                0x000072e0      0x464 ./src/gen/expw_intt_kyber_1_23_45_67_opt_m85.o
                0x000072e4                intt_kyber_1_23_45_67_opt_m85
 *fill*         0x00007744        0xc 
 .itcm_code_from_flash
                0x00007750      0x3c8 ./src/gen/expw_ntt_kyber_12_345_67_opt_size_m85.o
                0x00007754                ntt_kyber_12_345_67_opt_size_m85
 *fill*         0x00007b18        0x8 
 .itcm_code_from_flash
                0x00007b20      0x524 ./src/gen/expw_ntt_kyber_12_345_67_opt_speed_m85.o
                0x00007b24                ntt_kyber_12_345_67_opt_speed_m85
 *fill*         0x00008044        0xc 
 .itcm_code_from_flash
                0x00008050      0x3b0 ./src/gen/expw_ntt_kyber_1_23_45_67_no_trans_opt_m85.o
                0x00008054                ntt_kyber_1_23_45_67_no_trans_opt_m85
 .itcm_code_from_flash
                0x00008400      0x330 ./src/gen/expw_ntt_kyber_1_23_45_67_no_trans_vld4_opt_m85.o
                0x00008404                ntt_kyber_1_23_45_67_no_trans_vld4_opt_m85
 .itcm_code_from_flash
                0x00008730      0x3b0 ./src/gen/expw_ntt_kyber_1_23_45_67_opt_m85.o
                0x00008734                ntt_kyber_1_23_45_67_opt_m85
 .itcm_code_from_flash
                0x00008ae0      0x470 ./src/gen/expy_intt_kyber_1_23_45_67_opt_m85_plantard.o
                0x00008af0                intt_kyber_1_23_45_67_opt_m85_plantard
 .itcm_code_from_flash
                0x00008f50      0x400 ./src/gen/fe25519_mul_mve.o
                0x00008f50                fe25519_mul_mve
 .itcm_code_from_flash
                0x00009350     0x5898 ./src/gen/fiat_u_stitch_m85.o
                0x00009350                fiat_mul_y11_scalar
                0x00009860                fiat_mul_u4_p0
                0x0000a020                fiat_mul_u4_p1
                0x0000a7e0                fiat_mul_u4_p2
                0x0000afa0                fiat_mul_u4_p3
                0x0000b760                fiat_mul_u8_p0
                0x0000bde0                fiat_mul_u8_p1
                0x0000c470                fiat_mul_u8_p2
                0x0000cb00                fiat_mul_u8_p3
                0x0000d190                fiat_mul_u8_p4
                0x0000d820                fiat_mul_u8_p5
                0x0000deb0                fiat_mul_u8_p6
                0x0000e540                fiat_mul_u8_p7
                0x0000ebc4                fiat_u_qsave
                0x0000ebd6                fiat_u_qrestore
 .itcm_code_from_flash
                0x0000ebe8      0x6a8 ./src/gen/mul256_flat6.o
                0x0000ebe8                mul256_flat6
 .itcm_code_from_flash
                0x0000f290      0x178 ./src/stitch_micro.o
                0x0000f290                stitch_mul_chain
                0x0000f2c8                stitch_logic_chain
                0x0000f308                stitch_interleaved
                0x0000f378                stitch_mem_chain
                0x0000f3a8                stitch_interleaved_mem
 .itcm_code_from_flash.__stub
                0x0000f408        0x8 linker stubs
                0x0000f410                        __itcm_from_flash$$Limit = .

__itcm_noinit$$
                0x0000f410        0x0 load address 0x0200f450
                0x0000f410                        __itcm_noinit$$Base = .
 *(.itcm_noinit)
                0x0000f410                        __itcm_noinit$$Limit = .

__itcm_zero$$   0x0000f410        0x0 load address 0x0200f450
                0x0000f410                        __itcm_zero$$Base = .
 *(.itcm)
                0x0000f410                        __itcm_zero$$Limit = .

.itcm.endof     0x0000f600        0x0
                0x0000f600                        __ddsc_ITCM_END = .

__dtcm_from_flash$$
                0x20000000        0x0 load address 0x0200f450
                0x20000000                        __dtcm_from_flash$$Base = .
                0x0200f450                        __dtcm_from_flash$$Load = LOADADDR (__dtcm_from_flash$$)
 *(.dtcm_from_flash)
 *(.dtcm_code_from_flash)
                0x20000000                        __dtcm_from_flash$$Limit = .

__dtcm_noinit$$
                0x20000000        0x0 load address 0x0200f450
                0x20000000                        __dtcm_noinit$$Base = .
 *(.dtcm_noinit)
                0x20000000                        __dtcm_noinit$$Limit = .

__dtcm_zero$$   0x20000000     0xcc00 load address 0x0200f450
                0x20000000                        __dtcm_zero$$Base = .
 *(.dtcm)
 .dtcm          0x20000000      0x620 ./src/fiat_x25519.o
 .dtcm          0x20000620     0xbdb0 ./src/harness.o
                0x20000b40                g_theta_state
                0x20000d20                g_bf_b
                0x20000d40                g_bf_a
                0x20000d60                g_bf_r
                0x20000da0                g_fc_b
                0x20000dc8                g_fc_a
                0x20000df0                g_fc_out
                0x20001260                expw_poly
                0x20001460                expv_poly
                0x20001660                g_flat
                0x20001980                g_mve
                0x200022e0                g_spill
 .dtcm          0x2000c3d0      0x830 ./src/keccakx4.o
                0x2000cc00                        __dtcm_zero$$Limit = .

.dtcm.endof     0x2000cc00        0x0
                0x2000cc00                        __ddsc_DTCM_END = .

__ram_from_flash$$
                0x22000000     0x1d0c load address 0x0200f450
                0x22000000                        __ram_from_flash$$Base = .
                0x0200f450                        __ram_from_flash$$Load = LOADADDR (__ram_from_flash$$)
 *(.ram_from_flash)
 *(.ram_code_from_flash)
 *(.data*)
 .data.mlkem_invntt_input_max
                0x22000000        0x4 ./src/mlkem/ntt.o
                0x22000000                mlkem_invntt_input_max
 .data.mlkem_invntt_input_min
                0x22000004        0x4 ./src/mlkem/ntt.o
                0x22000004                mlkem_invntt_input_min
 .data.state    0x22000008        0x4 ./src/mlkem/randombytes_det.o
 .data          0x2200000c      0x3f8 ./src/gen/expw_intt_kyber_1_23_45_67_opt_m85.o
 *fill*         0x22000404        0xc 
 .data          0x22000410      0x3f8 ./src/gen/expw_ntt_kyber_12_345_67_opt_size_m85.o
 *fill*         0x22000808        0x8 
 .data          0x22000810      0x3f8 ./src/gen/expw_ntt_kyber_12_345_67_opt_speed_m85.o
 .data          0x22000c08      0x3f8 ./src/gen/expw_ntt_kyber_1_23_45_67_no_trans_opt_m85.o
 .data          0x22001000      0x3f8 ./src/gen/expw_ntt_kyber_1_23_45_67_no_trans_vld4_opt_m85.o
 .data          0x220013f8      0x3f8 ./src/gen/expw_ntt_kyber_1_23_45_67_opt_m85.o
 .data          0x220017f0      0x3f8 ./src/gen/expy_intt_kyber_1_23_45_67_opt_m85_plantard.o
 .data.expam_mm_align
                0x22001be8        0x4 ./src/harness.o
                0x22001be8                expam_mm_align
 .data.expam_mm_alias
                0x22001bec        0x4 ./src/harness.o
                0x22001bec                expam_mm_alias
 .data.expam_mm_boundary
                0x22001bf0        0x4 ./src/harness.o
                0x22001bf0                expam_mm_boundary
 .data.expam_mm_lenn
                0x22001bf4        0x4 ./src/harness.o
                0x22001bf4                expam_mm_lenn
 .data.expam_mm_oracle
                0x22001bf8        0x4 ./src/harness.o
                0x22001bf8                expam_mm_oracle
 .data.expal_timing_mismatch
                0x22001bfc        0x4 ./src/harness.o
                0x22001bfc                expal_timing_mismatch
 .data.expal_xw_smoke_fails
                0x22001c00        0x4 ./src/harness.o
                0x22001c00                expal_xw_smoke_fails
 .data.expal_xw_byte_mismatch
                0x22001c04        0x4 ./src/harness.o
                0x22001c04                expal_xw_byte_mismatch
 .data.expaj_stack_canary_fails
                0x22001c08        0x4 ./src/harness.o
                0x22001c08                expaj_stack_canary_fails
 .data.expaj_timing_mismatch
                0x22001c0c        0x4 ./src/harness.o
                0x22001c0c                expaj_timing_mismatch
 .data.expaj_xw_smoke_fails
                0x22001c10        0x4 ./src/harness.o
                0x22001c10                expaj_xw_smoke_fails
 .data.expaj_xw_byte_mismatch
                0x22001c14        0x4 ./src/harness.o
                0x22001c14                expaj_xw_byte_mismatch
 .data.expaj_smoke_fails
                0x22001c18        0x4 ./src/harness.o
                0x22001c18                expaj_smoke_fails
 .data.expaj_byte_mismatch
                0x22001c1c        0x4 ./src/harness.o
                0x22001c1c                expaj_byte_mismatch
 .data.expaj_kat_mismatch
                0x22001c20        0x4 ./src/harness.o
                0x22001c20                expaj_kat_mismatch
 .data.stitched_mismatch
                0x22001c24        0x4 ./src/harness.o
                0x22001c24                stitched_mismatch
 .data.bfull_mismatch
                0x22001c28        0x4 ./src/harness.o
                0x22001c28                bfull_mismatch
 .data.expd_mismatch
                0x22001c2c        0x4 ./src/harness.o
                0x22001c2c                expd_mismatch
 .data.expc_mismatch
                0x22001c30        0x4 ./src/harness.o
                0x22001c30                expc_mismatch
 .data.expy_oracle_output_max
                0x22001c34        0x4 ./src/harness.o
                0x22001c34                expy_oracle_output_max
 .data.expy_oracle_output_min
                0x22001c38        0x4 ./src/harness.o
                0x22001c38                expy_oracle_output_min
 .data.expy_oracle_canary_fails
                0x22001c3c        0x4 ./src/harness.o
                0x22001c3c                expy_oracle_canary_fails
 .data.expy_oracle_mismatch
                0x22001c40        0x4 ./src/harness.o
                0x22001c40                expy_oracle_mismatch
 .data.expw_roundtrip_m85_mismatch
                0x22001c44        0x4 ./src/harness.o
                0x22001c44                expw_roundtrip_m85_mismatch
 .data.expw_inverse_m85_mismatch
                0x22001c48        0x4 ./src/harness.o
                0x22001c48                expw_inverse_m85_mismatch
 .data.expw_m55_unavailable
                0x22001c4c        0x4 ./src/harness.o
                0x22001c4c                expw_m55_unavailable
 .data.expw_mismatch
                0x22001c50        0x4 ./src/harness.o
                0x22001c50                expw_mismatch
 .data.expv_mismatch
                0x22001c54        0x4 ./src/harness.o
                0x22001c54                expv_mismatch
 .data.expu_mismatch
                0x22001c58        0x4 ./src/harness.o
                0x22001c58                expu_mismatch
 .data.expt_mismatch
                0x22001c5c        0x4 ./src/harness.o
                0x22001c5c                expt_mismatch
 .data.expm_mismatch
                0x22001c60        0x4 ./src/harness.o
                0x22001c60                expm_mismatch
 .data.expl_mismatch
                0x22001c64        0x4 ./src/harness.o
                0x22001c64                expl_mismatch
 .data.expk_mismatch
                0x22001c68        0x4 ./src/harness.o
                0x22001c68                expk_mismatch
 .data.expj_mismatch
                0x22001c6c        0x4 ./src/harness.o
                0x22001c6c                expj_mismatch
 .data.v04_mismatch
                0x22001c70        0x4 ./src/harness.o
                0x22001c70                v04_mismatch
 .data.expi_mismatch
                0x22001c74        0x4 ./src/harness.o
                0x22001c74                expi_mismatch
 .data.exph_mismatch
                0x22001c78        0x4 ./src/harness.o
                0x22001c78                exph_mismatch
 .data.expg_mismatch
                0x22001c7c        0x4 ./src/harness.o
                0x22001c7c                expg_mismatch
 .data.cosol_mismatch
                0x22001c80        0x4 ./src/harness.o
                0x22001c80                cosol_mismatch
 .data.coissue_mismatch
                0x22001c84        0x4 ./src/harness.o
                0x22001c84                coissue_mismatch
 .data.mve4_mismatch
                0x22001c88        0x4 ./src/harness.o
                0x22001c88                mve4_mismatch
 .data.expe_mismatch
                0x22001c8c        0x4 ./src/harness.o
                0x22001c8c                expe_mismatch
 .data.bmid_mismatch
                0x22001c90        0x4 ./src/harness.o
                0x22001c90                bmid_mismatch
 .data.mul256_mismatch
                0x22001c94        0x4 ./src/harness.o
                0x22001c94                mul256_mismatch
 .data.expac_stack_canary_fails
                0x22001c98        0x4 ./src/harness.o
                0x22001c98                expac_stack_canary_fails
 .data.expac_timing_mismatch
                0x22001c9c        0x4 ./src/harness.o
                0x22001c9c                expac_timing_mismatch
 .data.expac_u_kat_fails
                0x22001ca0        0x4 ./src/harness.o
                0x22001ca0                expac_u_kat_fails
 .data.expac_x4_kat_fails
                0x22001ca4        0x4 ./src/harness.o
                0x22001ca4                expac_x4_kat_fails
 .data.expac_smoke_fails
                0x22001ca8        0x4 ./src/harness.o
                0x22001ca8                expac_smoke_fails
 .data.expac_byte_mismatch
                0x22001cac        0x4 ./src/harness.o
                0x22001cac                expac_byte_mismatch
 .data.expab_stack_canary_fails
                0x22001cb0        0x4 ./src/harness.o
                0x22001cb0                expab_stack_canary_fails
 .data.expab_timing_mismatch
                0x22001cb4        0x4 ./src/harness.o
                0x22001cb4                expab_timing_mismatch
 .data.expab_smoke_fails
                0x22001cb8        0x4 ./src/harness.o
                0x22001cb8                expab_smoke_fails
 .data.expab_byte_mismatch
                0x22001cbc        0x4 ./src/harness.o
                0x22001cbc                expab_byte_mismatch
 .data.expaa_stack_canary_fails
                0x22001cc0        0x4 ./src/harness.o
                0x22001cc0                expaa_stack_canary_fails
 .data.expaa_timing_mismatch
                0x22001cc4        0x4 ./src/harness.o
                0x22001cc4                expaa_timing_mismatch
 .data.expaa_smoke_fails
                0x22001cc8        0x4 ./src/harness.o
                0x22001cc8                expaa_smoke_fails
 .data.expaa_byte_mismatch
                0x22001ccc        0x4 ./src/harness.o
                0x22001ccc                expaa_byte_mismatch
 .data.expz_stack_canary_fails
                0x22001cd0        0x4 ./src/harness.o
                0x22001cd0                expz_stack_canary_fails
 .data.expz_timing_mismatch
                0x22001cd4        0x4 ./src/harness.o
                0x22001cd4                expz_timing_mismatch
 .data.expz_smoke_fails
                0x22001cd8        0x4 ./src/harness.o
                0x22001cd8                expz_smoke_fails
 .data.expz_byte_mismatch
                0x22001cdc        0x4 ./src/harness.o
                0x22001cdc                expz_byte_mismatch
 .data.expy_stack_canary_fails
                0x22001ce0        0x4 ./src/harness.o
                0x22001ce0                expy_stack_canary_fails
 .data.expy_timing_mismatch
                0x22001ce4        0x4 ./src/harness.o
                0x22001ce4                expy_timing_mismatch
 .data.expy_input_max
                0x22001ce8        0x4 ./src/harness.o
                0x22001ce8                expy_input_max
 .data.expy_input_min
                0x22001cec        0x4 ./src/harness.o
                0x22001cec                expy_input_min
 .data.expy_smoke_fails
                0x22001cf0        0x4 ./src/harness.o
                0x22001cf0                expy_smoke_fails
 .data.expy_byte_mismatch
                0x22001cf4        0x4 ./src/harness.o
                0x22001cf4                expy_byte_mismatch
 .data.expx_stack_canary_fails
                0x22001cf8        0x4 ./src/harness.o
                0x22001cf8                expx_stack_canary_fails
 .data.expx_timing_mismatch
                0x22001cfc        0x4 ./src/harness.o
                0x22001cfc                expx_timing_mismatch
 .data.expx_smoke_fails
                0x22001d00        0x4 ./src/harness.o
                0x22001d00                expx_smoke_fails
 .data.expx_byte_mismatch
                0x22001d04        0x4 ./src/harness.o
                0x22001d04                expx_byte_mismatch
 .data.mlkem_smoke_fails
                0x22001d08        0x4 ./src/harness.o
                0x22001d08                mlkem_smoke_fails
 *(vtable)
                0x22001d0c                        __ram_from_flash$$Limit = .

.tm_clone_table
                0x22001d0c        0x0 load address 0x0201115c
 .tm_clone_table
                0x22001d0c        0x0 C:/Renesas/RA/e2studio_v2026-04.2_fsp_v6.5.0/toolchains/gcc_arm/13.2.rel1/bin/../lib/gcc/arm-none-eabi/13.2.1/thumb/v8-m.main+dp/hard/crtbegin.o
 .tm_clone_table
                0x22001d0c        0x0 C:/Renesas/RA/e2studio_v2026-04.2_fsp_v6.5.0/toolchains/gcc_arm/13.2.rel1/bin/../lib/gcc/arm-none-eabi/13.2.1/thumb/v8-m.main+dp/hard/crtend.o

.igot.plt       0x22001d0c        0x0 load address 0x0201115c
 .igot.plt      0x22001d0c        0x0 C:/Renesas/RA/e2studio_v2026-04.2_fsp_v6.5.0/toolchains/gcc_arm/13.2.rel1/bin/../lib/gcc/arm-none-eabi/13.2.1/thumb/v8-m.main+dp/hard/crtbegin.o

__ram_noinit_nocache$$
                0x22001d20        0x0 load address 0x02011160
                0x22001d20                        __ram_noinit_nocache$$Base = .
 *(.ram_noinit_nocache)
                0x22001d20                        __ram_noinit_nocache$$Limit = .

__ram_zero_nocache$$
                0x22001d0c       0x14 load address 0x0201115c
                0x22001d0c                        __ram_zero_nocache$$Base = .
 *(.bss.*_fsp_nocache)
 *(.ram_nocache)
                0x22001d20                        . = ALIGN (0x20)
 *fill*         0x22001d0c       0x14 
                0x22001d20                        __ram_zero_nocache$$Limit = .

__ram_noinit$$  0x22001d20      0x42c load address 0x0201115c
                0x22001d20                        __ram_noinit$$Base = .
 *(.bss.g_heap)
 *(.bss.g_main_stack)
 .bss.g_main_stack
                0x22001d20      0x400 ./ra/fsp/src/bsp/cmsis/Device/RENESAS/Source/startup.o
                0x22001d20                g_main_stack
 *(.ram_noinit)
 .ram_noinit    0x22002120       0x2c ./ra/fsp/src/bsp/mcu/all/bsp_clocks.o
 *(.noinit)
                0x2200214c                        __ram_noinit$$Limit = .

__ram_zero$$    0x22002150    0x24f0c load address 0x0201115c
                0x22002150                        __ram_zero$$Base = .
 *(.ram)
 *(.bss*)
 .bss.completed.1
                0x22002150        0x1 C:/Renesas/RA/e2studio_v2026-04.2_fsp_v6.5.0/toolchains/gcc_arm/13.2.rel1/bin/../lib/gcc/arm-none-eabi/13.2.1/thumb/v8-m.main+dp/hard/crtbegin.o
 *fill*         0x22002151        0x3 
 .bss.object.0  0x22002154       0x18 C:/Renesas/RA/e2studio_v2026-04.2_fsp_v6.5.0/toolchains/gcc_arm/13.2.rel1/bin/../lib/gcc/arm-none-eabi/13.2.1/thumb/v8-m.main+dp/hard/crtbegin.o
 .bss.mlkem_invntt_observe
                0x2200216c        0x4 ./src/mlkem/ntt.o
                0x2200216c                mlkem_invntt_observe
 .bss.mlkem_invntt_alignment_offsets
                0x22002170        0x4 ./src/mlkem/ntt.o
                0x22002170                mlkem_invntt_alignment_offsets
 .bss.mlkem_invntt_mode
                0x22002174        0x4 ./src/mlkem/ntt.o
                0x22002174                mlkem_invntt_mode
 .bss.mlkem_ntt_alignment_offsets
                0x22002178        0x4 ./src/mlkem/ntt.o
                0x22002178                mlkem_ntt_alignment_offsets
 .bss.mlkem_ntt_mode
                0x2200217c        0x4 ./src/mlkem/ntt.o
                0x2200217c                mlkem_ntt_mode
 .bss.bufb.0    0x22002180      0x3c0 ./src/mlkem/poly_mve.o
 .bss.pin.1     0x22002540      0x200 ./src/mlkem/poly_mve.o
 .bss.pb.2      0x22002740      0x200 ./src/mlkem/poly_mve.o
 .bss.pa.3      0x22002940      0x200 ./src/mlkem/poly_mve.o
 .bss.bufa.4    0x22002b40      0x3c0 ./src/mlkem/poly_mve.o
 .bss.aj_lcg_state
                0x22002f00        0x4 ./src/mlkem/poly_mve.o
 .bss.mlkem_c9_mode
                0x22002f04        0x4 ./src/mlkem/poly_mve.o
                0x22002f04                mlkem_c9_mode
 .bss.g_keccak_perm_calls
                0x22002f08        0x4 ./src/keccak/fips202.o
                0x22002f08                g_keccak_perm_calls
 .bss.g_u_dummy_steps
                0x22002f0c        0x4 ./src/fiat_x25519.o
                0x22002f0c                g_u_dummy_steps
 .bss.g_u_real_steps
                0x22002f10        0x4 ./src/fiat_x25519.o
                0x22002f10                g_u_real_steps
 .bss.job_failures
                0x22002f14        0x4 ./src/fiat_x25519.o
 .bss.job_cursor
                0x22002f18        0x4 ./src/fiat_x25519.o
 .bss.job_count
                0x22002f1c        0x4 ./src/fiat_x25519.o
 .bss.expam_micro_kind
                0x22002f20        0x4 ./src/harness.o
 .bss.expam_micro_slot
                0x22002f24        0x4 ./src/harness.o
 .bss.expam_bench_kind
                0x22002f28        0x4 ./src/harness.o
 .bss.expam_bench_slot
                0x22002f2c        0x4 ./src/harness.o
 .bss.expam_rng
                0x22002f30        0x4 ./src/harness.o
 .bss.expam_checks
                0x22002f34        0x4 ./src/harness.o
                0x22002f34                expam_checks
 .bss.expam_ct_delta
                0x22002f38        0x4 ./src/harness.o
                0x22002f38                expam_ct_delta
 .bss.expal_bench_slot_base
                0x22002f3c        0x4 ./src/harness.o
 .bss.expal_bench_c9
                0x22002f40        0x4 ./src/harness.o
 .bss.expal_bench_xyc8
                0x22002f44        0x4 ./src/harness.o
 .bss.expaj_bench_slot_base
                0x22002f48        0x4 ./src/harness.o
 .bss.expaj_bench_mode
                0x22002f4c        0x4 ./src/harness.o
 .bss.expaj_stack_highwater
                0x22002f50        0x4 ./src/harness.o
                0x22002f50                expaj_stack_highwater
 .bss.expai_mismatch
                0x22002f54        0x4 ./src/harness.o
 .bss.expai_bench_slot
                0x22002f58        0x4 ./src/harness.o
 .bss.expai_bench_mode
                0x22002f5c        0x4 ./src/harness.o
 .bss.expaf_dummy_steps
                0x22002f60        0xc ./src/harness.o
 .bss.expaf_real_steps
                0x22002f6c        0xc ./src/harness.o
 .bss.expaf_u8_rounds
                0x22002f78        0xc ./src/harness.o
 .bss.expaf_u4_rounds
                0x22002f84        0xc ./src/harness.o
 .bss.expaf_mismatch
                0x22002f90        0x4 ./src/harness.o
 .bss.expaf_bench_slot
                0x22002f94        0x4 ./src/harness.o
 .bss.expaf_bench_mode
                0x22002f98        0x4 ./src/harness.o
 .bss.expac_bench_slot_base
                0x22002f9c        0x4 ./src/harness.o
 .bss.expac_bench_mode
                0x22002fa0        0x4 ./src/harness.o
 .bss.expab_bench_slot_base
                0x22002fa4        0x4 ./src/harness.o
 .bss.expab_bench_mode
                0x22002fa8        0x4 ./src/harness.o
 .bss.expaa_bench_slot_base
                0x22002fac        0x4 ./src/harness.o
 .bss.expaa_bench_fwd_mode
                0x22002fb0        0x4 ./src/harness.o
 .bss.expz_bench_slot_base
                0x22002fb4        0x4 ./src/harness.o
 .bss.expz_bench_mode
                0x22002fb8        0x4 ./src/harness.o
 .bss.expy_bench_slot_base
                0x22002fbc        0x4 ./src/harness.o
 .bss.expy_bench_inv_mode
                0x22002fc0        0x4 ./src/harness.o
 .bss.expx_bench_slot_base
                0x22002fc4        0x4 ./src/harness.o
 .bss.expx_bench_mode
                0x22002fc8        0x4 ./src/harness.o
 .bss.expac_stack_highwater
                0x22002fcc        0x4 ./src/harness.o
                0x22002fcc                expac_stack_highwater
 .bss.expab_stack_highwater
                0x22002fd0        0x4 ./src/harness.o
                0x22002fd0                expab_stack_highwater
 .bss.expaa_fwd_align_candidate
                0x22002fd4        0x4 ./src/harness.o
                0x22002fd4                expaa_fwd_align_candidate
 .bss.expaa_fwd_align_baseline
                0x22002fd8        0x4 ./src/harness.o
                0x22002fd8                expaa_fwd_align_baseline
 .bss.expaa_stack_highwater
                0x22002fdc        0x4 ./src/harness.o
                0x22002fdc                expaa_stack_highwater
 .bss.expz_inv_align_candidate
                0x22002fe0        0x4 ./src/harness.o
                0x22002fe0                expz_inv_align_candidate
 .bss.expz_inv_align_baseline
                0x22002fe4        0x4 ./src/harness.o
                0x22002fe4                expz_inv_align_baseline
 .bss.expz_fwd_align_candidate
                0x22002fe8        0x4 ./src/harness.o
                0x22002fe8                expz_fwd_align_candidate
 .bss.expz_fwd_align_baseline
                0x22002fec        0x4 ./src/harness.o
                0x22002fec                expz_fwd_align_baseline
 .bss.expz_stack_highwater
                0x22002ff0        0x4 ./src/harness.o
                0x22002ff0                expz_stack_highwater
 .bss.expy_stack_highwater
                0x22002ff4        0x4 ./src/harness.o
                0x22002ff4                expy_stack_highwater
 .bss.expy_align_candidate
                0x22002ff8        0x4 ./src/harness.o
                0x22002ff8                expy_align_candidate
 .bss.expy_align_baseline
                0x22002ffc        0x4 ./src/harness.o
                0x22002ffc                expy_align_baseline
 .bss.expx_align_candidate
                0x22003000        0x4 ./src/harness.o
                0x22003000                expx_align_candidate
 .bss.expx_align_baseline
                0x22003004        0x4 ./src/harness.o
                0x22003004                expx_align_baseline
 .bss.expx_stack_highwater
                0x22003008        0x4 ./src/harness.o
                0x22003008                expx_stack_highwater
 .bss.kc_combiner
                0x2200300c        0x4 ./src/harness.o
                0x2200300c                kc_combiner
 .bss.kc_decaps
                0x22003010        0x4 ./src/harness.o
                0x22003010                kc_decaps
 .bss.kc_encaps
                0x22003014        0x4 ./src/harness.o
                0x22003014                kc_encaps
 .bss.kc_keygen
                0x22003018        0x4 ./src/harness.o
                0x22003018                kc_keygen
 *fill*         0x2200301c        0x4 
 .bss.rep_cyc   0x22003020    0x21fc0 ./src/harness.o
                0x22003020                rep_cyc
 .bss.log_buf   0x22024fe0     0x2000 ./src/harness.o
                0x22024fe0                log_buf
 .bss.log_len   0x22026fe0        0x4 ./src/harness.o
                0x22026fe0                log_len
 .bss.harness_fails
                0x22026fe4        0x4 ./src/harness.o
                0x22026fe4                harness_fails
 .bss.harness_done
                0x22026fe8        0x4 ./src/harness.o
                0x22026fe8                harness_done
 .bss.g_u8_round_calls
                0x22026fec        0x4 ./src/keccakx4.o
                0x22026fec                g_u8_round_calls
 .bss.g_u4_round_calls
                0x22026ff0        0x4 ./src/keccakx4.o
                0x22026ff0                g_u4_round_calls
 .bss.g_u_mve_block
                0x22026ff4        0x4 ./src/keccakx4.o
                0x22026ff4                g_u_mve_block
 .bss.mlkem_keccakx4_mode
                0x22026ff8        0x4 ./src/keccakx4.o
                0x22026ff8                mlkem_keccakx4_mode
 .bss.g_ioport_ctrl
                0x22026ffc        0x8 ./ra_gen/common_data.o
                0x22026ffc                g_ioport_ctrl
 *fill*         0x22027004        0x4 
 .bss.g_bsp_group_irq_sources
                0x22027008       0x40 ./ra/fsp/src/bsp/mcu/all/bsp_group_irq.o
                0x22027008                g_bsp_group_irq_sources
 .bss.g_protect_pfswe_counter
                0x22027048        0x4 ./ra/fsp/src/bsp/mcu/all/bsp_io.o
                0x22027048                g_protect_pfswe_counter
 .bss.g_protect_counters
                0x2202704c        0xa ./ra/fsp/src/bsp/mcu/all/bsp_register_protection.o
                0x2202704c                g_protect_counters
 *fill*         0x22027056        0x2 
 .bss.SystemCoreClock
                0x22027058        0x4 ./ra/fsp/src/bsp/cmsis/Device/RENESAS/Source/system.o
                0x22027058                SystemCoreClock
                0x2202705c                        __ram_zero$$Limit = .

__ram_thread_stack$$
                0x22027060        0x0 load address 0x02011160
                0x22027060                        __ram_thread_stack$$Base = .
 *(.stack?*)
                0x22027060                        __ram_thread_stack$$Limit = .

.ram.endof      0x22027200        0x0
                0x22027200                        __ddsc_RAM_END = .

.ram.flat_nsc   0x22027200        0x0
                0x22027200                        __ddsc_RAM_NSC = .

__flash_readonly$$
                0x02011160    0x9b724
                0x02011160                        __flash_readonly$$Base = .
 *(.flash)
 *(.flash_code)
 *(.text*)
 .text.deregister_tm_clones
                0x02011160       0x1c C:/Renesas/RA/e2studio_v2026-04.2_fsp_v6.5.0/toolchains/gcc_arm/13.2.rel1/bin/../lib/gcc/arm-none-eabi/13.2.1/thumb/v8-m.main+dp/hard/crtbegin.o
 .text.register_tm_clones
                0x0201117c       0x28 C:/Renesas/RA/e2studio_v2026-04.2_fsp_v6.5.0/toolchains/gcc_arm/13.2.rel1/bin/../lib/gcc/arm-none-eabi/13.2.1/thumb/v8-m.main+dp/hard/crtbegin.o
 .text.__do_global_dtors_aux
                0x020111a4       0x28 C:/Renesas/RA/e2studio_v2026-04.2_fsp_v6.5.0/toolchains/gcc_arm/13.2.rel1/bin/../lib/gcc/arm-none-eabi/13.2.1/thumb/v8-m.main+dp/hard/crtbegin.o
 .text.frame_dummy
                0x020111cc       0x24 C:/Renesas/RA/e2studio_v2026-04.2_fsp_v6.5.0/toolchains/gcc_arm/13.2.rel1/bin/../lib/gcc/arm-none-eabi/13.2.1/thumb/v8-m.main+dp/hard/crtbegin.o
 .text.cbd      0x020111f0       0x70 ./src/mlkem/cbd.o
                0x020111f0                cbd
 .text.indcpa_keypair_derand
                0x02011260      0x14c ./src/mlkem/indcpa.o
                0x02011260                indcpa_keypair_derand
 .text.indcpa_enc
                0x020113ac      0x164 ./src/mlkem/indcpa.o
                0x020113ac                indcpa_enc
 .text.indcpa_enc_cmp
                0x02011510      0x184 ./src/mlkem/indcpa.o
                0x02011510                indcpa_enc_cmp
 .text.indcpa_dec
                0x02011694       0x94 ./src/mlkem/indcpa.o
                0x02011694                indcpa_dec
 .text.crypto_kem_keypair
                0x02011728       0x68 ./src/mlkem/kem.o
                0x02011728                crypto_kem_keypair
 .text.crypto_kem_enc
                0x02011790       0x6c ./src/mlkem/kem.o
                0x02011790                crypto_kem_enc
 .text.crypto_kem_dec
                0x020117fc       0x7c ./src/mlkem/kem.o
                0x020117fc                crypto_kem_dec
 .text.xof_batch3
                0x02011878       0xe0 ./src/mlkem/matacc.o
 .text.matacc_cache32
                0x02011958      0x190 ./src/mlkem/matacc.o
                0x02011958                matacc_cache32
 .text.matacc_opt32
                0x02011ae8      0x16c ./src/mlkem/matacc.o
                0x02011ae8                matacc_opt32
 .text.ntt      0x02011c54       0x50 ./src/mlkem/ntt.o
                0x02011c54                ntt
 .text.invntt   0x02011ca4       0x74 ./src/mlkem/ntt.o
                0x02011ca4                invntt
 .text.poly_compress
                0x02011d18       0xb0 ./src/mlkem/poly.o
                0x02011d18                poly_compress
 .text.poly_decompress
                0x02011dc8       0xc8 ./src/mlkem/poly.o
                0x02011dc8                poly_decompress
 .text.poly_packcompress
                0x02011e90       0xc8 ./src/mlkem/poly.o
                0x02011e90                poly_packcompress
 .text.poly_unpackdecompress
                0x02011f58       0xac ./src/mlkem/poly.o
                0x02011f58                poly_unpackdecompress
 .text.cmp_poly_compress
                0x02012004       0xcc ./src/mlkem/poly.o
                0x02012004                cmp_poly_compress
 .text.cmp_poly_packcompress
                0x020120d0       0xfc ./src/mlkem/poly.o
                0x020120d0                cmp_poly_packcompress
 .text.poly_tobytes
                0x020121cc       0x58 ./src/mlkem/poly.o
                0x020121cc                poly_tobytes
 .text.poly_frombytes
                0x02012224       0x48 ./src/mlkem/poly.o
                0x02012224                poly_frombytes
 .text.poly_frombytes_mul_16_32
                0x0201226c        0xc ./src/mlkem/poly.o
                0x0201226c                poly_frombytes_mul_16_32
 .text.poly_frombytes_mul_32_32
                0x02012278        0xc ./src/mlkem/poly.o
                0x02012278                poly_frombytes_mul_32_32
 .text.poly_frombytes_mul_32_16
                0x02012284       0x18 ./src/mlkem/poly.o
                0x02012284                poly_frombytes_mul_32_16
 .text.poly_noise
                0x0201229c       0x28 ./src/mlkem/poly.o
                0x0201229c                poly_noise
 .text.poly_basemul_opt_16_32
                0x020122c4        0x4 ./src/mlkem/poly.o
                0x020122c4                poly_basemul_opt_16_32
 .text.poly_basemul_acc_opt_32_32
                0x020122c8        0x4 ./src/mlkem/poly.o
                0x020122c8                poly_basemul_acc_opt_32_32
 .text.poly_basemul_acc_opt_32_16
                0x020122cc        0x4 ./src/mlkem/poly.o
                0x020122cc                poly_basemul_acc_opt_32_16
 .text.poly_ntt
                0x020122d0        0x4 ./src/mlkem/poly.o
                0x020122d0                poly_ntt
 .text.poly_invntt
                0x020122d4        0x4 ./src/mlkem/poly.o
                0x020122d4                poly_invntt
 .text.poly_reduce
                0x020122d8        0x4 ./src/mlkem/poly.o
                0x020122d8                poly_reduce
 .text.poly_add
                0x020122dc        0x4 ./src/mlkem/poly.o
                0x020122dc                poly_add
 .text.poly_sub
                0x020122e0        0x4 ./src/mlkem/poly.o
                0x020122e0                poly_sub
 .text.poly_frommsg
                0x020122e4       0x58 ./src/mlkem/poly.o
                0x020122e4                poly_frommsg
 .text.poly_tomsg
                0x0201233c       0x68 ./src/mlkem/poly.o
                0x0201233c                poly_tomsg
 .text.mve_quant10
                0x020123a4       0x60 ./src/mlkem/poly_mve.o
 .text.mve_poly_packcompress_v1
                0x02012404       0x6c ./src/mlkem/poly_mve.o
 .text.mve_cmp_poly_packcompress_v1
                0x02012470       0x8c ./src/mlkem/poly_mve.o
 .text.mve_quant4
                0x020124fc       0x5c ./src/mlkem/poly_mve.o
 .text.mve_poly_compress_v1
                0x02012558       0x34 ./src/mlkem/poly_mve.o
 .text.mve_cmp_poly_compress_v1
                0x0201258c       0x3c ./src/mlkem/poly_mve.o
 .text.mve_poly_compress_v2
                0x020125c8       0x38 ./src/mlkem/poly_mve.o
 .text.mve_cmp_poly_compress_v2
                0x02012600       0x5c ./src/mlkem/poly_mve.o
 .text.mve_poly_packcompress_v2
                0x0201265c      0x200 ./src/mlkem/poly_mve.o
 .text.mve_cmp_poly_packcompress_v2
                0x0201285c      0x28c ./src/mlkem/poly_mve.o
 .text.mve_cbd  0x02012ae8       0x80 ./src/mlkem/poly_mve.o
                0x02012ae8                mve_cbd
 .text.mve_poly_tobytes
                0x02012b68       0x88 ./src/mlkem/poly_mve.o
                0x02012b68                mve_poly_tobytes
 .text.mve_poly_frombytes
                0x02012bf0       0x78 ./src/mlkem/poly_mve.o
                0x02012bf0                mve_poly_frombytes
 .text.mve_poly_unpackdecompress
                0x02012c68      0x19c ./src/mlkem/poly_mve.o
                0x02012c68                mve_poly_unpackdecompress
 .text.mve_poly_packcompress
                0x02012e04       0x14 ./src/mlkem/poly_mve.o
                0x02012e04                mve_poly_packcompress
 .text.mve_cmp_poly_packcompress
                0x02012e18       0x14 ./src/mlkem/poly_mve.o
                0x02012e18                mve_cmp_poly_packcompress
 .text.mve_poly_compress
                0x02012e2c       0x14 ./src/mlkem/poly_mve.o
                0x02012e2c                mve_poly_compress
 .text.mve_cmp_poly_compress
                0x02012e40       0x14 ./src/mlkem/poly_mve.o
                0x02012e40                mve_cmp_poly_compress
 .text.mve_poly_decompress
                0x02012e54       0x7c ./src/mlkem/poly_mve.o
                0x02012e54                mve_poly_decompress
 .text.mve_poly_tomsg
                0x02012ed0       0xb8 ./src/mlkem/poly_mve.o
                0x02012ed0                mve_poly_tomsg
 .text.mve_poly_frommsg
                0x02012f88       0x78 ./src/mlkem/poly_mve.o
                0x02012f88                mve_poly_frommsg
 .text.mve_c9_selftest
                0x02013000      0x8f4 ./src/mlkem/poly_mve.o
                0x02013000                mve_c9_selftest
 .text.polyvec_tobytes
                0x020138f4       0x28 ./src/mlkem/polyvec.o
                0x020138f4                polyvec_tobytes
 .text.polyvec_ntt
                0x0201391c       0x1c ./src/mlkem/polyvec.o
                0x0201391c                polyvec_ntt
 .text.PQCLEAN_randombytes_reset
                0x02013938        0xc ./src/mlkem/randombytes_det.o
                0x02013938                PQCLEAN_randombytes_reset
 .text.PQCLEAN_randombytes
                0x02013944       0x34 ./src/mlkem/randombytes_det.o
                0x02013944                PQCLEAN_randombytes
 .text.kyber_shake128_absorb
                0x02013978       0x4c ./src/mlkem/symmetric-fips202.o
                0x02013978                kyber_shake128_absorb
 .text.kyber_shake256_prf
                0x020139c4       0x48 ./src/mlkem/symmetric-fips202.o
                0x020139c4                kyber_shake256_prf
 .text.kyber_shake256_rkprf
                0x02013a0c       0x40 ./src/mlkem/symmetric-fips202.o
                0x02013a0c                kyber_shake256_rkprf
 .text.cmov     0x02013a4c       0x30 ./src/mlkem/verify.o
                0x02013a4c                cmov
 .text.keccak_inc_finalize
                0x02013a7c       0x5c ./src/keccak/fips202.o
 .text.keccak_inc_absorb
                0x02013ad8       0x88 ./src/keccak/fips202.o
 .text.keccak_absorb
                0x02013b60       0x90 ./src/keccak/fips202.o
 .text.keccak_inc_squeeze
                0x02013bf0       0xa0 ./src/keccak/fips202.o
 .text.shake256_inc_init
                0x02013c90       0x18 ./src/keccak/fips202.o
                0x02013c90                shake256_inc_init
 .text.shake256_inc_absorb
                0x02013ca8        0xc ./src/keccak/fips202.o
                0x02013ca8                shake256_inc_absorb
 .text.shake256_inc_finalize
                0x02013cb4       0x5c ./src/keccak/fips202.o
                0x02013cb4                shake256_inc_finalize
 .text.shake256_inc_squeeze
                0x02013d10        0x8 ./src/keccak/fips202.o
                0x02013d10                shake256_inc_squeeze
 .text.shake256_inc_ctx_release
                0x02013d18        0x4 ./src/keccak/fips202.o
                0x02013d18                shake256_inc_ctx_release
 .text.shake128_absorb
                0x02013d1c       0x28 ./src/keccak/fips202.o
                0x02013d1c                shake128_absorb
 .text.shake128_squeezeblocks
                0x02013d44       0x34 ./src/keccak/fips202.o
                0x02013d44                shake128_squeezeblocks
 .text.shake128
                0x02013d78       0x44 ./src/keccak/fips202.o
                0x02013d78                shake128
 .text.shake256
                0x02013dbc       0x44 ./src/keccak/fips202.o
                0x02013dbc                shake256
 .text.sha3_256
                0x02013e00       0x4c ./src/keccak/fips202.o
                0x02013e00                sha3_256
 .text.sha3_512
                0x02013e4c       0x4c ./src/keccak/fips202.o
                0x02013e4c                sha3_512
 *fill*         0x02013e98        0x8 
 .text          0x02013ea0      0x768 ./src/gen/bmid_board.o
                0x02013ea0                bmid_seq
                0x02014110                bmid_zip
                0x02014380                bmid_slothy
 *fill*         0x02014608        0x8 
 .text          0x02014610     0x22cc ./src/gen/expc_board.o
                0x02014610                expc_seq
                0x02015770                expc_slothy
 *fill*         0x020168dc        0x4 
 .text          0x020168e0     0x2080 ./src/gen/expd_board.o
                0x020168e0                expd_seq
                0x02017920                expd_slothy
 .text          0x02018960     0x4af8 ./src/gen/expe_board.o
                0x02018960                expe_seq
                0x0201aed0                expe_slothy
 *fill*         0x0201d458        0x8 
 .text          0x0201d460     0x26b8 ./src/gen/expf_board.o
                0x0201d460                coissue_slothy
                0x0201e7c0                coissue_slothy2
 *fill*         0x0201fb18        0x8 
 .text          0x0201fb20    0x1bf28 ./src/gen/expj_board.o
                0x0201fb20                expj_seq
                0x02020aa0                expj_stitch
                0x02021a20                expj_stitch2
                0x020229a0                expk_seq
                0x02025790                expk_coarse
                0x02028580                expk_stitch
                0x0202b370                expm_seq
                0x0202ea90                expm_stitch
                0x020321b0                expm_stitch2
                0x020358d0                expm4_seq
                0x02037950                expm4_stitch
                0x020399d0                expm4_stitch2
 *fill*         0x0203ba48        0x8 
 .text          0x0203ba50     0x1004 ./src/gen/expjsolo_board.o
                0x0203ba50                expj_a
                0x0203c040                expj_b
                0x0203ca10                expj_loop
 *fill*         0x0203ca54        0xc 
 .text          0x0203ca60     0x395c ./src/gen/expl_board.o
                0x0203ca60                expl_ntt
                0x0203d3f0                expl_zip
                0x0203e710                expl_sntt
                0x0203f0a0                expl_szip
 *fill*         0x020403bc        0x4 
 .text          0x020403c0     0xe7e8 ./src/gen/expn_board.o
                0x020403c0                pairn_veor
                0x02040d80                pairn_veor_zip
                0x020420d0                pairn_ldr
                0x02042a90                pairn_ldr_zip
                0x02043de0                pairn_str
                0x020447a0                pairn_str_zip
                0x02045af0                pairn_rot
                0x020464b0                pairn_rot_zip
                0x02047800                pairn2_ldr
                0x020494e0                pairn2_str
                0x0204b1c0                pairn2_rot
                0x0204cea0                pairn_lsmix
                0x0204d860                pairn_lsmix_zip
 *fill*         0x0204eba8        0x8 
 .text          0x0204ebb0     0x57f4 ./src/gen/expp_board.o
                0x0204ebb0                pairp_vec
                0x0204f570                pairp_s0
                0x0204fa70                pairp_s0_zip
                0x02050900                pairp_s1
                0x02050e00                pairp_s1_zip
                0x02051c90                pairp_s2
                0x02052190                pairp_s2_zip
                0x02053020                pairp_s3
                0x02053520                pairp_s3_zip
 *fill*         0x020543a4        0xc 
 .text          0x020543b0     0x384c ./src/gen/expq_board.o
                0x020543b0                expq_b
                0x02054d80                expq_stitch
                0x02055d00                expq_stitch2
                0x02056c80                expq_seq
 *fill*         0x02057bfc        0x4 
 .text          0x02057c00     0xcef0 ./src/gen/expt_board.o
                0x02057c00                expt_fiat
                0x02058140                expt_b0
                0x02058b30                expt_seq
                0x02059a40                expt_stitch
                0x0205a950                expt_m8_seq
                0x0205dbe0                expt_m8_stitch
                0x02060e70                expt_m4_seq
                0x02062cb0                expt_m4_stitch
 .text          0x02064af0    0x26c90 ./src/gen/expu_board.o
                0x02064af0                expu_y10
                0x02065050                expu_y11
                0x02065590                expu_lo10_b1
                0x02065f80                expu_lo10_seq
                0x02066eb0                expu_lo10_stitch
                0x02067de0                expu_lo10_m4_seq
                0x02069cb0                expu_lo10_m4_stitch
                0x0206bb80                expu_lo10_m8_seq
                0x0206ef30                expu_lo10_m8_stitch
                0x020722e0                expu_lo11_b1
                0x02072cd0                expu_lo11_seq
                0x02073be0                expu_lo11_stitch
                0x02074af0                expu_lo11_m4_seq
                0x02076950                expu_lo11_m4_stitch
                0x020787b0                expu_lo11_m8_seq
                0x0207ba70                expu_lo11_m8_stitch
                0x0207ed30                expu_hi11_b1
                0x0207f720                expu_hi11_seq
                0x02080630                expu_hi11_stitch
                0x02081540                expu_hi11_m4_seq
                0x020833a0                expu_hi11_m4_stitch
                0x02085200                expu_hi11_m8_seq
                0x020884c0                expu_hi11_m8_stitch
 .text          0x0208b780      0x5a0 ./src/gen/fiat_yield2.o
                0x0208b780                fiat_mul_yield2
 .text          0x0208bd20      0x580 ./src/gen/fiat_yield3.o
                0x0208bd20                fiat_mul_yield3
 .text          0x0208c2a0      0x9b4 ./src/gen/keccakx4_round_m85.o
                0x0208c2a0                keccak4_round_b2_rc
 .text          0x0208cc54       0xa4 ./src/gen/mul256_budget.o
                0x0208cc54                mul256_budget
 .text          0x0208ccf8      0x618 ./src/gen/mul256_flat.o
                0x0208ccf8                mul256_flat
 .text          0x0208d310       0x9c ./src/gen/mul256_full.o
                0x0208d310                mul256_full
 *fill*         0x0208d3ac        0x4 
 .text          0x0208d3b0     0x6c94 ./src/gen/mvekeccak_board.o
                0x0208d3b0                keccak4_round_mve
                0x0208dd70                coissue_scalar
                0x0208e730                coissue_zip
                0x0208fa90                keccak4_mve3
                0x02090450                coissue3_zip
                0x020917a0                keccak4_mve2
                0x02092160                coissue2_zip
                0x020934b0                pack4_lane
                0x02093a80                unpack4_lane
 *fill*         0x02094044        0xc 
 .text          0x02094050       0xd0 ./src/gen/slothy_expa.o
                0x02094050                slothy_expa_seq
                0x020940b8                slothy_expa_opt
 .text          0x02094120     0x5d04 ./src/gen/stitched.o
                0x02094120                mul256_theta_stitched
                0x020948e0                theta_frag
                0x02094a80                round_frag
                0x02095810                mul256_round_stitched
                0x02096bc0                round6_frag
                0x020975e0                mul256_round6_stitched
                0x020986b0                mul2_round6_stitched
 .text.fiat_mul_ref
                0x02099e24      0x4fc ./src/fiat/fiatref.o
                0x02099e24                fiat_mul_ref
 .text.fiat_25519_carry_square
                0x0209a320      0x470 ./src/fiat_x25519.o
 .text.job_init
                0x0209a790      0x1b4 ./src/fiat_x25519.o
 .text.fe_cswap
                0x0209a944      0x1a0 ./src/fiat_x25519.o
 .text.job_finalize.part.0
                0x0209aae4      0x340 ./src/fiat_x25519.o
 .text.job_step
                0x0209ae24      0x734 ./src/fiat_x25519.o
 .text.curve25519_scalarmult_fiat
                0x0209b558       0x44 ./src/fiat_x25519.o
                0x0209b558                curve25519_scalarmult_fiat
 .text.fiat_x25519_queue_reset
                0x0209b59c       0x1c ./src/fiat_x25519.o
                0x0209b59c                fiat_x25519_queue_reset
 .text.fiat_x25519_enqueue
                0x0209b5b8       0x40 ./src/fiat_x25519.o
                0x0209b5b8                fiat_x25519_enqueue
 .text.fiat_x25519_step
                0x0209b5f8       0x84 ./src/fiat_x25519.o
                0x0209b5f8                fiat_x25519_step
 .text.fiat_x25519_finish_all
                0x0209b67c       0x48 ./src/fiat_x25519.o
                0x0209b67c                fiat_x25519_finish_all
 .text.fiat_x25519_queue_pending
                0x0209b6c4       0x30 ./src/fiat_x25519.o
                0x0209b6c4                fiat_x25519_queue_pending
 .text.fiat_x25519_failures
                0x0209b6f4        0xc ./src/fiat_x25519.o
                0x0209b6f4                fiat_x25519_failures
 .text.hal_entry
                0x0209b700       0xc8 ./src/hal_entry.o
                0x0209b700                hal_entry
 .text.R_BSP_WarmStart
                0x0209b7c8       0x18 ./src/hal_warmstart.o
                0x0209b7c8                R_BSP_WarmStart
 .text.run_on_stack
                0x0209b7e0       0x1c ./src/harness.o
 .text.expac_stack_check
                0x0209b7fc       0x58 ./src/harness.o
 .text.keccak_round_reference
                0x0209b854      0x234 ./src/harness.o
 .text.expaj_stack_check
                0x0209ba88       0x58 ./src/harness.o
 .text.expam_frombytes
                0x0209bae0       0x94 ./src/harness.o
 .text.expam_words_tobytes
                0x0209bb74       0xe8 ./src/harness.o
 .text.expam_rand32
                0x0209bc5c       0x38 ./src/harness.o
 .text.bench_x25519
                0x0209bc94       0x28 ./src/harness.o
 .text.xwing_combine
                0x0209bcbc       0xd8 ./src/harness.o
 .text.mlkem_expaj_equivalence
                0x0209bd94      0x2f0 ./src/harness.o
 .text.mlkem_expaa_equivalence
                0x0209c084      0x314 ./src/harness.o
 .text.mlkem_expz_equivalence
                0x0209c398      0x34c ./src/harness.o
 .text.mlkem_expy_equivalence
                0x0209c6e4      0x36c ./src/harness.o
 .text.mlkem_expx_equivalence
                0x0209ca50      0x25c ./src/harness.o
 .text.mlkem_smoke
                0x0209ccac       0xd0 ./src/harness.o
 .text.expaj_run_selftest
                0x0209cd7c       0x10 ./src/harness.o
 .text.expam_tobytes
                0x0209cd8c      0x148 ./src/harness.o
 .text.expaf_check_outputs
                0x0209ced4       0x88 ./src/harness.o
 .text.bench_keccak
                0x0209cf5c       0x18 ./src/harness.o
 .text.expaf_enqueue
                0x0209cf74       0x54 ./src/harness.o
 .text.expam_check.constprop.0
                0x0209cfc8      0x210 ./src/harness.o
 .text.expam_correctness
                0x0209d1d8      0x260 ./src/harness.o
 .text.theta_reference.constprop.0
                0x0209d438       0x48 ./src/harness.o
 .text.expw_rev4.constprop.0
                0x0209d480       0x78 ./src/harness.o
 .text.xwing_ac_dec.constprop.0
                0x0209d4f8       0xb4 ./src/harness.o
 .text.xwing_ac_enc.constprop.0
                0x0209d5ac      0x104 ./src/harness.o
 .text.xwing_ac_keypair.constprop.0
                0x0209d6b0       0xd8 ./src/harness.o
 .text.expai_prepare
                0x0209d788       0x18 ./src/harness.o
 .text.xwing_enc.constprop.0
                0x0209d7a0       0x74 ./src/harness.o
 .text.xwing_keypair.constprop.0
                0x0209d814       0x68 ./src/harness.o
 *fill*         0x0209d87c        0x4 
 .text.expy_run_standalone_oracle
                0x0209d880      0x2f8 ./src/harness.o
 .text.xwing_expac_equivalence
                0x0209db78      0x308 ./src/harness.o
 .text.expac_primitive_kats
                0x0209de80      0x278 ./src/harness.o
 .text.uart_puts
                0x0209e0f8       0x3c ./src/harness.o
 .text.uart_put_u32
                0x0209e134       0x74 ./src/harness.o
 .text.bench_calib_reps
                0x0209e1a8       0x70 ./src/harness.o
 .text.bench_keccak_reps
                0x0209e218       0x78 ./src/harness.o
 .text.bench_x25519_reps
                0x0209e290       0x88 ./src/harness.o
 .text.bench_combiner_reps
                0x0209e318       0x84 ./src/harness.o
 .text.expaf_prepare_refs
                0x0209e39c       0xf0 ./src/harness.o
 .text.expam_micro_run
                0x0209e48c      0x358 ./src/harness.o
 .text.bench_expaf_path_reps
                0x0209e7e4      0x160 ./src/harness.o
 .text.xwing_expal_equivalence
                0x0209e944      0x344 ./src/harness.o
 .text.bench_expai_enc_reps
                0x0209ec88      0x280 ./src/harness.o
 .text.bench_expx_mode_reps
                0x0209ef08      0x2ec ./src/harness.o
 .text.bench_expaa_mode_reps
                0x0209f1f4      0x304 ./src/harness.o
 .text.bench_expy_mode_reps
                0x0209f4f8      0x304 ./src/harness.o
 .text.bench_expaj_mlkem_reps
                0x0209f7fc      0x310 ./src/harness.o
 .text.bench_expz_mode_reps
                0x0209fb0c      0x304 ./src/harness.o
 .text.bench_expac_mode_reps
                0x0209fe10      0x304 ./src/harness.o
 .text.bench_expaj_xwing_reps
                0x020a0114      0x330 ./src/harness.o
 .text.bench_expab_mode_reps
                0x020a0444      0x32c ./src/harness.o
 .text.bench_expal_xwing_reps
                0x020a0770      0x354 ./src/harness.o
 .text.xwing_expaj_equivalence
                0x020a0ac4      0x368 ./src/harness.o
 .text.xwing_expab_equivalence
                0x020a0e2c      0x350 ./src/harness.o
 .text.expaf_count_u_paths
                0x020a117c      0x14c ./src/harness.o
 .text.expam_bench_run
                0x020a12c8      0x23c ./src/harness.o
 .text.check    0x020a1504      0x124 ./src/harness.o
 .text.kat_run  0x020a1628      0x1b8 ./src/harness.o
 .text.expam_run_all
                0x020a17e0      0x598 ./src/harness.o
 .text.perf_stop_report
                0x020a1d78      0x370 ./src/harness.o
 .text.bench_stitch_reps
                0x020a20e8     0x502c ./src/harness.o
 .text.harness_main
                0x020a7114     0x2468 ./src/harness.o
                0x020a7114                harness_main
 .text.pack4    0x020a957c       0x48 ./src/keccakx4.o
 .text.unpack4  0x020a95c4       0x48 ./src/keccakx4.o
 .text.fused_round8
                0x020a960c       0x58 ./src/keccakx4.o
 .text.permute4
                0x020a9664       0xf4 ./src/keccakx4.o
 .text.absorb4  0x020a9758       0xd4 ./src/keccakx4.o
 .text.shake_x4
                0x020a982c       0xc0 ./src/keccakx4.o
 .text.x25519_u_bench_seq4
                0x020a98ec       0x60 ./src/keccakx4.o
                0x020a98ec                x25519_u_bench_seq4
 .text.x25519_u_bench_fused4
                0x020a994c       0x90 ./src/keccakx4.o
                0x020a994c                x25519_u_bench_fused4
 .text.x25519_u_bench_seq8
                0x020a99dc       0x60 ./src/keccakx4.o
                0x020a99dc                x25519_u_bench_seq8
 .text.x25519_u_bench_fused8
                0x020a9a3c       0x64 ./src/keccakx4.o
                0x020a9a3c                x25519_u_bench_fused8
 .text.shake128x4_absorb
                0x020a9aa0       0x24 ./src/keccakx4.o
                0x020a9aa0                shake128x4_absorb
 .text.shake128x4_squeezeblocks
                0x020a9ac4       0x50 ./src/keccakx4.o
                0x020a9ac4                shake128x4_squeezeblocks
 .text.shake128x4
                0x020a9b14       0x34 ./src/keccakx4.o
                0x020a9b14                shake128x4
 .text.shake256x4
                0x020a9b48       0x34 ./src/keccakx4.o
                0x020a9b48                shake256x4
 .text.x25519_u_queue_reset
                0x020a9b7c        0x4 ./src/keccakx4.o
                0x020a9b7c                x25519_u_queue_reset
 .text.x25519_u_enqueue
                0x020a9b80        0x4 ./src/keccakx4.o
                0x020a9b80                x25519_u_enqueue
 .text.x25519_u_finish_all
                0x020a9b84        0x4 ./src/keccakx4.o
                0x020a9b84                x25519_u_finish_all
 .text.x25519_u_queue_pending
                0x020a9b88        0x4 ./src/keccakx4.o
                0x020a9b88                x25519_u_queue_pending
 .text.x25519_u_failures
                0x020a9b8c        0x4 ./src/keccakx4.o
                0x020a9b8c                x25519_u_failures
 .text.startup.main
                0x020a9b90        0xc ./ra_gen/main.o
                0x020a9b90                main
 .text.bsp_vbatt_init
                0x020a9b9c       0xec ./ra/fsp/src/r_ioport/r_ioport.o
 .text.r_ioport_pins_config
                0x020a9c88       0xac ./ra/fsp/src/r_ioport/r_ioport.o
 .text.R_IOPORT_Open
                0x020a9d34       0x14 ./ra/fsp/src/r_ioport/r_ioport.o
                0x020a9d34                R_IOPORT_Open
 .text.SystemCoreClockUpdate
                0x020a9d48       0x8c ./ra/fsp/src/bsp/mcu/all/bsp_clocks.o
                0x020a9d48                SystemCoreClockUpdate
 .text.R_BSP_SubClockStabilizeWaitAfterReset
                0x020a9dd4        0x4 ./ra/fsp/src/bsp/mcu/all/bsp_clocks.o
                0x020a9dd4                R_BSP_SubClockStabilizeWaitAfterReset
 .text.bsp_clock_init
                0x020a9dd8      0x150 ./ra/fsp/src/bsp/mcu/all/bsp_clocks.o
                0x020a9dd8                bsp_clock_init
 .text.R_BSP_Init_RTC
                0x020a9f28       0xb0 ./ra/fsp/src/bsp/mcu/all/bsp_clocks.o
                0x020a9f28                R_BSP_Init_RTC
 .text.bsp_prv_software_delay_loop
                0x020a9fd8        0xc ./ra/fsp/src/bsp/mcu/all/bsp_delay.o
                0x020a9fd8                bsp_prv_software_delay_loop
 .text.R_BSP_SoftwareDelay
                0x020a9fe4       0x88 ./ra/fsp/src/bsp/mcu/all/bsp_delay.o
                0x020a9fe4                R_BSP_SoftwareDelay
 .text.NMI_Handler
                0x020aa06c       0x44 ./ra/fsp/src/bsp/mcu/all/bsp_group_irq.o
                0x020aa06c                NMI_Handler
 .text.bsp_irq_cfg
                0x020aa0b0       0x18 ./ra/fsp/src/bsp/mcu/all/bsp_irq.o
                0x020aa0b0                bsp_irq_cfg
 .text.R_BSP_RegisterProtectEnable
                0x020aa0c8       0x60 ./ra/fsp/src/bsp/mcu/all/bsp_register_protection.o
                0x020aa0c8                R_BSP_RegisterProtectEnable
 .text.R_BSP_RegisterProtectDisable
                0x020aa128       0x54 ./ra/fsp/src/bsp/mcu/all/bsp_register_protection.o
                0x020aa128                R_BSP_RegisterProtectDisable
 .text.Default_Handler
                0x020aa17c        0x4 ./ra/fsp/src/bsp/cmsis/Device/RENESAS/Source/startup.o
                0x020aa17c                DebugMon_Handler
                0x020aa17c                HardFault_Handler
                0x020aa17c                SysTick_Handler
                0x020aa17c                PendSV_Handler
                0x020aa17c                UsageFault_Handler
                0x020aa17c                SecureFault_Handler
                0x020aa17c                Default_Handler
                0x020aa17c                MemManage_Handler
                0x020aa17c                SVC_Handler
                0x020aa17c                BusFault_Handler
 .text.Reset_Handler
                0x020aa180        0xc ./ra/fsp/src/bsp/cmsis/Device/RENESAS/Source/startup.o
                0x020aa180                Reset_Handler
 .text.SystemRuntimeInit
                0x020aa18c       0x64 ./ra/fsp/src/bsp/cmsis/Device/RENESAS/Source/system.o
 .text.SystemInit
                0x020aa1f0      0x1bc ./ra/fsp/src/bsp/cmsis/Device/RENESAS/Source/system.o
                0x020aa1f0                SystemInit
 .text.bsp_init
                0x020aa3ac        0x4 ./ra/board/ra8m1_ek/board_init.o
                0x020aa3ac                bsp_init
 .text          0x020aa3b0       0x30 C:/Renesas/RA/e2studio_v2026-04.2_fsp_v6.5.0/toolchains/gcc_arm/13.2.rel1/bin/../lib/gcc/arm-none-eabi/13.2.1/thumb/v8-m.main+dp/hard\libgcc.a(_aeabi_uldivmod.o)
                0x020aa3b0                __aeabi_uldivmod
 .text.__udivmoddi4
                0x020aa3e0      0x300 C:/Renesas/RA/e2studio_v2026-04.2_fsp_v6.5.0/toolchains/gcc_arm/13.2.rel1/bin/../lib/gcc/arm-none-eabi/13.2.1/thumb/v8-m.main+dp/hard\libgcc.a(_udivmoddi4.o)
                0x020aa3e0                __udivmoddi4
 .text          0x020aa6e0        0x4 C:/Renesas/RA/e2studio_v2026-04.2_fsp_v6.5.0/toolchains/gcc_arm/13.2.rel1/bin/../lib/gcc/arm-none-eabi/13.2.1/thumb/v8-m.main+dp/hard\libgcc.a(_dvmd_tls.o)
                0x020aa6e0                __aeabi_idiv0
                0x020aa6e0                __aeabi_ldiv0
 .text.memcmp   0x020aa6e4       0x20 C:/Renesas/RA/e2studio_v2026-04.2_fsp_v6.5.0/toolchains/gcc_arm/13.2.rel1/bin/../lib/gcc/arm-none-eabi/13.2.1/thumb/v8-m.main+dp/hard\libg_nano.a(libc_a-memcmp.o)
                0x020aa6e4                memcmp
 .text.memset   0x020aa704       0x10 C:/Renesas/RA/e2studio_v2026-04.2_fsp_v6.5.0/toolchains/gcc_arm/13.2.rel1/bin/../lib/gcc/arm-none-eabi/13.2.1/thumb/v8-m.main+dp/hard\libg_nano.a(libc_a-memset.o)
                0x020aa704                memset
 .text.memcpy   0x020aa714       0x1a C:/Renesas/RA/e2studio_v2026-04.2_fsp_v6.5.0/toolchains/gcc_arm/13.2.rel1/bin/../lib/gcc/arm-none-eabi/13.2.1/thumb/v8-m.main+dp/hard\libg_nano.a(libc_a-memcpy-stub.o)
                0x020aa714                memcpy
 *fill*         0x020aa72e        0x2 
 .text.memcpy.__stub
                0x020aa730      0x190 linker stubs
 *(.rodata*)
 *fill*         0x020aa8c0        0x0 
 .rodata.zetas_inv_CT_asm
                0x020aa8c0      0x400 ./src/mlkem/ntt.o
                0x020aa8c0                zetas_inv_CT_asm
 .rodata.zetas_asm
                0x020aacc0      0x200 ./src/mlkem/ntt.o
                0x020aacc0                zetas_asm
 .rodata.zetas  0x020aaec0      0x100 ./src/mlkem/ntt.o
                0x020aaec0                zetas
 .rodata.bit_w_hi
                0x020aafc0       0x10 ./src/mlkem/poly_mve.o
 .rodata.bit_w_lo
                0x020aafd0       0x10 ./src/mlkem/poly_mve.o
 .rodata.off_seq4
                0x020aafe0       0x10 ./src/mlkem/poly_mve.o
 .rodata.off_h_4g
                0x020aaff0       0x10 ./src/mlkem/poly_mve.o
 .rodata.off_h_odd
                0x020ab000       0x10 ./src/mlkem/poly_mve.o
 .rodata.off_h_even
                0x020ab010       0x10 ./src/mlkem/poly_mve.o
 .rodata.off_5x4_4
                0x020ab020       0x10 ./src/mlkem/poly_mve.o
 .rodata.off_5x4_3
                0x020ab030       0x10 ./src/mlkem/poly_mve.o
 .rodata.off_5x4_2
                0x020ab040       0x10 ./src/mlkem/poly_mve.o
 .rodata.off_5x4_1
                0x020ab050       0x10 ./src/mlkem/poly_mve.o
 .rodata.off_5x4_0
                0x020ab060       0x10 ./src/mlkem/poly_mve.o
 .rodata.off_3x4_2
                0x020ab070       0x10 ./src/mlkem/poly_mve.o
 .rodata.off_3x4_1
                0x020ab080       0x10 ./src/mlkem/poly_mve.o
 .rodata.off_3x4_0
                0x020ab090       0x10 ./src/mlkem/poly_mve.o
 .rodata.dummy_one
                0x020ab0a0       0x28 ./src/fiat_x25519.o
 .rodata.xwing_combine.str1.4
                0x020ab0c8      0x996 ./src/harness.o
                                  0x7 (size before relaxing)
 .rodata.expac_primitive_kats.str1.4
                0x020aba5e       0x45 ./src/harness.o
 .rodata.check.str1.4
                0x020aba5e       0x17 ./src/harness.o
 .rodata.kat_run.str1.4
                0x020aba5e       0xa0 ./src/harness.o
 .rodata.expam_run_all.str1.4
                0x020aba5e       0x9c ./src/harness.o
 .rodata.perf_stop_report.str1.4
                0x020aba5e       0x88 ./src/harness.o
 .rodata.bench_stitch_reps.str1.4
                0x020aba5e       0x4d ./src/harness.o
 .rodata.harness_main.str1.4
                0x020aba5e      0x6f2 ./src/harness.o
 *fill*         0x020aba5e        0x2 
 .rodata.ord_kind_c.0
                0x020aba60        0x4 ./src/harness.o
 .rodata.cell_c9.2
                0x020aba64        0x4 ./src/harness.o
 .rodata.cell_xyc8.3
                0x020aba68        0x4 ./src/harness.o
 *fill*         0x020aba6c        0x4 
 .rodata.h.4    0x020aba70       0x11 ./src/harness.o
 *fill*         0x020aba81        0x7 
 .rodata.RHO.5  0x020aba88       0x19 ./src/harness.o
 *fill*         0x020abaa1        0x7 
 .rodata.EXPAM_VMAX
                0x020abaa8       0x20 ./src/harness.o
 .rodata.EXPAM_VP
                0x020abac8       0x20 ./src/harness.o
 .rodata.EXPAM_VPM1
                0x020abae8       0x20 ./src/harness.o
 .rodata.EXPAM_V1
                0x020abb08       0x20 ./src/harness.o
 .rodata.EXPAM_V0
                0x020abb28       0x20 ./src/harness.o
 .rodata.EXPAM_LOFF
                0x020abb48        0xa ./src/harness.o
 *fill*         0x020abb52        0x2 
 .rodata.EXPAM_LW
                0x020abb54        0xa ./src/harness.o
 *fill*         0x020abb5e        0x2 
 .rodata.expal_order_c9
                0x020abb60        0x8 ./src/harness.o
 .rodata.expal_order_xyc8
                0x020abb68        0x8 ./src/harness.o
 .rodata.bench_scalar
                0x020abb70       0x20 ./src/harness.o
 .rodata.str1.4
                0x020abb90       0x3e ./src/harness.o
 .rodata.PAIR   0x020abb90       0x20 ./src/harness.o
 .rodata.d_abc  0x020abbb0       0x20 ./src/harness.o
 .rodata.d_empty
                0x020abbd0       0x20 ./src/harness.o
 .rodata.basepoint
                0x020abbf0       0x20 ./src/harness.o
 .rodata.shared_k
                0x020abc10       0x20 ./src/harness.o
 .rodata.bob_pk
                0x020abc30       0x20 ./src/harness.o
 .rodata.bob_sk
                0x020abc50       0x20 ./src/harness.o
 .rodata.alice_pk
                0x020abc70       0x20 ./src/harness.o
 .rodata.alice_sk
                0x020abc90       0x20 ./src/harness.o